2025-09-01 00:00:26,674 [ERROR] LogOutputStream:75 - [STDERR_REDIRECT] Sep 01, 2025 12:00:26 AM java.util.prefs.FileSystemPreferences checkLockFile0ErrorCode
2025-09-01 00:00:26,686 [ERROR] LogOutputStream:75 - [STDERR_REDIRECT] WARNING: Could not lock System prefs. Unix error code 2.
2025-09-01 00:00:26,686 [ERROR] LogOutputStream:75 - [STDERR_REDIRECT] 
2025-09-01 00:00:26,687 [ERROR] LogOutputStream:75 - [STDERR_REDIRECT] Sep 01, 2025 12:00:26 AM java.util.prefs.FileSystemPreferences syncWorld
2025-09-01 00:00:26,688 [ERROR] LogOutputStream:75 - [STDERR_REDIRECT] WARNING: Couldn't flush system prefs: java.util.prefs.BackingStoreException: Couldn't get file lock.
2025-09-01 00:00:26,688 [ERROR] LogOutputStream:75 - [STDERR_REDIRECT] 
2025-09-01 00:00:56,675 [ERROR] LogOutputStream:75 - [STDERR_REDIRECT] Sep 01, 2025 12:00:56 AM java.util.prefs.FileSystemPreferences checkLockFile0ErrorCode
2025-09-01 00:00:56,675 [ERROR] LogOutputStream:75 - [STDERR_REDIRECT] WARNING: Could not lock System prefs. Unix error code 2.
2025-09-01 00:00:56,676 [ERROR] LogOutputStream:75 - [STDERR_REDIRECT] 
2025-09-01 00:00:56,677 [ERROR] LogOutputStream:75 - [STDERR_REDIRECT] Sep 01, 2025 12:00:56 AM java.util.prefs.FileSystemPreferences syncWorld
2025-09-01 00:00:56,677 [ERROR] LogOutputStream:75 - [STDERR_REDIRECT] WARNING: Couldn't flush system prefs: java.util.prefs.BackingStoreException: Couldn't get file lock.
2025-09-01 00:00:56,677 [ERROR] LogOutputStream:75 - [STDERR_REDIRECT] 
2025-09-01 00:01:26,675 [ERROR] LogOutputStream:75 - [STDERR_REDIRECT] Sep 01, 2025 12:01:26 AM java.util.prefs.FileSystemPreferences checkLockFile0ErrorCode
2025-09-01 00:01:26,676 [ERROR] LogOutputStream:75 - [STDERR_REDIRECT] WARNING: Could not lock System prefs. Unix error code 2.
2025-09-01 00:01:26,676 [ERROR] LogOutputStream:75 - [STDERR_REDIRECT] 
2025-09-01 00:01:26,677 [ERROR] LogOutputStream:75 - [STDERR_REDIRECT] Sep 01, 2025 12:01:26 AM java.util.prefs.FileSystemPreferences syncWorld
2025-09-01 00:01:26,677 [ERROR] LogOutputStream:75 - [STDERR_REDIRECT] WARNING: Couldn't flush system prefs: java.util.prefs.BackingStoreException: Couldn't get file lock.
2025-09-01 00:01:26,678 [ERROR] LogOutputStream:75 - [STDERR_REDIRECT] 
2025-09-01 00:01:56,676 [ERROR] LogOutputStream:75 - [STDERR_REDIRECT] Sep 01, 2025 12:01:56 AM java.util.prefs.FileSystemPreferences checkLockFile0ErrorCode
2025-09-01 00:01:56,677 [ERROR] LogOutputStream:75 - [STDERR_REDIRECT] WARNING: Could not lock System prefs. Unix error code 2.
2025-09-01 00:01:56,677 [ERROR] LogOutputStream:75 - [STDERR_REDIRECT] 
2025-09-01 00:01:56,678 [ERROR] LogOutputStream:75 - [STDERR_REDIRECT] Sep 01, 2025 12:01:56 AM java.util.prefs.FileSystemPreferences syncWorld
2025-09-01 00:01:56,678 [ERROR] LogOutputStream:75 - [STDERR_REDIRECT] WARNING: Couldn't flush system prefs: java.util.prefs.BackingStoreException: Couldn't get file lock.
2025-09-01 00:01:56,679 [ERROR] LogOutputStream:75 - [STDERR_REDIRECT] 
2025-09-01 00:02:26,676 [ERROR] LogOutputStream:75 - [STDERR_REDIRECT] Sep 01, 2025 12:02:26 AM java.util.prefs.FileSystemPreferences checkLockFile0ErrorCode
2025-09-01 00:02:26,676 [ERROR] LogOutputStream:75 - [STDERR_REDIRECT] WARNING: Could not lock System prefs. Unix error code 2.
2025-09-01 00:02:26,676 [ERROR] LogOutputStream:75 - [STDERR_REDIRECT] 
2025-09-01 00:02:26,677 [ERROR] LogOutputStream:75 - [STDERR_REDIRECT] Sep 01, 2025 12:02:26 AM java.util.prefs.FileSystemPreferences syncWorld
2025-09-01 00:02:26,678 [ERROR] LogOutputStream:75 - [STDERR_REDIRECT] WARNING: Couldn't flush system prefs: java.util.prefs.BackingStoreException: Couldn't get file lock.
2025-09-01 00:02:26,678 [ERROR] LogOutputStream:75 - [STDERR_REDIRECT] 
2025-09-01 00:02:56,677 [ERROR] LogOutputStream:75 - [STDERR_REDIRECT] Sep 01, 2025 12:02:56 AM java.util.prefs.FileSystemPreferences checkLockFile0ErrorCode
2025-09-01 00:02:56,678 [ERROR] LogOutputStream:75 - [STDERR_REDIRECT] WARNING: Could not lock System prefs. Unix error code 2.
2025-09-01 00:02:56,678 [ERROR] LogOutputStream:75 - [STDERR_REDIRECT] 
2025-09-01 00:02:56,679 [ERROR] LogOutputStream:75 - [STDERR_REDIRECT] Sep 01, 2025 12:02:56 AM java.util.prefs.FileSystemPreferences syncWorld
2025-09-01 00:02:56,680 [ERROR] LogOutputStream:75 - [STDERR_REDIRECT] WARNING: Couldn't flush system prefs: java.util.prefs.BackingStoreException: Couldn't get file lock.
2025-09-01 00:02:56,680 [ERROR] LogOutputStream:75 - [STDERR_REDIRECT] 
2025-09-01 00:03:26,677 [ERROR] LogOutputStream:75 - [STDERR_REDIRECT] Sep 01, 2025 12:03:26 AM java.util.prefs.FileSystemPreferences checkLockFile0ErrorCode
2025-09-01 00:03:26,677 [ERROR] LogOutputStream:75 - [STDERR_REDIRECT] WARNING: Could not lock System prefs. Unix error code 2.
2025-09-01 00:03:26,677 [ERROR] LogOutputStream:75 - [STDERR_REDIRECT] 
2025-09-01 00:03:26,678 [ERROR] LogOutputStream:75 - [STDERR_REDIRECT] Sep 01, 2025 12:03:26 AM java.util.prefs.FileSystemPreferences syncWorld
2025-09-01 00:03:26,679 [ERROR] LogOutputStream:75 - [STDERR_REDIRECT] WARNING: Couldn't flush system prefs: java.util.prefs.BackingStoreException: Couldn't get file lock.
2025-09-01 00:03:26,679 [ERROR] LogOutputStream:75 - [STDERR_REDIRECT] 
2025-09-01 00:03:56,677 [ERROR] LogOutputStream:75 - [STDERR_REDIRECT] Sep 01, 2025 12:03:56 AM java.util.prefs.FileSystemPreferences checkLockFile0ErrorCode
2025-09-01 00:03:56,677 [ERROR] LogOutputStream:75 - [STDERR_REDIRECT] WARNING: Could not lock System prefs. Unix error code 2.
2025-09-01 00:03:56,678 [ERROR] LogOutputStream:75 - [STDERR_REDIRECT] 
2025-09-01 00:03:56,679 [ERROR] LogOutputStream:75 - [STDERR_REDIRECT] Sep 01, 2025 12:03:56 AM java.util.prefs.FileSystemPreferences syncWorld
2025-09-01 00:03:56,679 [ERROR] LogOutputStream:75 - [STDERR_REDIRECT] WARNING: Couldn't flush system prefs: java.util.prefs.BackingStoreException: Couldn't get file lock.
2025-09-01 00:03:56,680 [ERROR] LogOutputStream:75 - [STDERR_REDIRECT] 
2025-09-01 00:04:26,675 [ERROR] LogOutputStream:75 - [STDERR_REDIRECT] Sep 01, 2025 12:04:26 AM java.util.prefs.FileSystemPreferences checkLockFile0ErrorCode
2025-09-01 00:04:26,676 [ERROR] LogOutputStream:75 - [STDERR_REDIRECT] WARNING: Could not lock System prefs. Unix error code 2.
2025-09-01 00:04:26,676 [ERROR] LogOutputStream:75 - [STDERR_REDIRECT] 
2025-09-01 00:04:26,677 [ERROR] LogOutputStream:75 - [STDERR_REDIRECT] Sep 01, 2025 12:04:26 AM java.util.prefs.FileSystemPreferences syncWorld
2025-09-01 00:04:26,677 [ERROR] LogOutputStream:75 - [STDERR_REDIRECT] WARNING: Couldn't flush system prefs: java.util.prefs.BackingStoreException: Couldn't get file lock.
2025-09-01 00:04:26,677 [ERROR] LogOutputStream:75 - [STDERR_REDIRECT] 
2025-09-01 00:04:56,676 [ERROR] LogOutputStream:75 - [STDERR_REDIRECT] Sep 01, 2025 12:04:56 AM java.util.prefs.FileSystemPreferences checkLockFile0ErrorCode
2025-09-01 00:04:56,676 [ERROR] LogOutputStream:75 - [STDERR_REDIRECT] WARNING: Could not lock System prefs. Unix error code 2.
2025-09-01 00:04:56,676 [ERROR] LogOutputStream:75 - [STDERR_REDIRECT] 
2025-09-01 00:04:56,677 [ERROR] LogOutputStream:75 - [STDERR_REDIRECT] Sep 01, 2025 12:04:56 AM java.util.prefs.FileSystemPreferences syncWorld
2025-09-01 00:04:56,677 [ERROR] LogOutputStream:75 - [STDERR_REDIRECT] WARNING: Couldn't flush system prefs: java.util.prefs.BackingStoreException: Couldn't get file lock.
2025-09-01 00:04:56,677 [ERROR] LogOutputStream:75 - [STDERR_REDIRECT] 
2025-09-01 00:05:26,676 [ERROR] LogOutputStream:75 - [STDERR_REDIRECT] Sep 01, 2025 12:05:26 AM java.util.prefs.FileSystemPreferences checkLockFile0ErrorCode
2025-09-01 00:05:26,677 [ERROR] LogOutputStream:75 - [STDERR_REDIRECT] WARNING: Could not lock System prefs. Unix error code 2.
2025-09-01 00:05:26,677 [ERROR] LogOutputStream:75 - [STDERR_REDIRECT] 
2025-09-01 00:05:26,678 [ERROR] LogOutputStream:75 - [STDERR_REDIRECT] Sep 01, 2025 12:05:26 AM java.util.prefs.FileSystemPreferences syncWorld
2025-09-01 00:05:26,678 [ERROR] LogOutputStream:75 - [STDERR_REDIRECT] WARNING: Couldn't flush system prefs: java.util.prefs.BackingStoreException: Couldn't get file lock.
2025-09-01 00:05:26,679 [ERROR] LogOutputStream:75 - [STDERR_REDIRECT] 
2025-09-01 00:05:56,676 [ERROR] LogOutputStream:75 - [STDERR_REDIRECT] Sep 01, 2025 12:05:56 AM java.util.prefs.FileSystemPreferences checkLockFile0ErrorCode
2025-09-01 00:05:56,676 [ERROR] LogOutputStream:75 - [STDERR_REDIRECT] WARNING: Could not lock System prefs. Unix error code 2.
2025-09-01 00:05:56,676 [ERROR] LogOutputStream:75 - [STDERR_REDIRECT] 
2025-09-01 00:05:56,676 [ERROR] LogOutputStream:75 - [STDERR_REDIRECT] Sep 01, 2025 12:05:56 AM java.util.prefs.FileSystemPreferences syncWorld
2025-09-01 00:05:56,677 [ERROR] LogOutputStream:75 - [STDERR_REDIRECT] WARNING: Couldn't flush system prefs: java.util.prefs.BackingStoreException: Couldn't get file lock.
2025-09-01 00:05:56,677 [ERROR] LogOutputStream:75 - [STDERR_REDIRECT] 
2025-09-01 00:06:26,675 [ERROR] LogOutputStream:75 - [STDERR_REDIRECT] Sep 01, 2025 12:06:26 AM java.util.prefs.FileSystemPreferences checkLockFile0ErrorCode
2025-09-01 00:06:26,676 [ERROR] LogOutputStream:75 - [STDERR_REDIRECT] WARNING: Could not lock System prefs. Unix error code 2.
2025-09-01 00:06:26,676 [ERROR] LogOutputStream:75 - [STDERR_REDIRECT] 
2025-09-01 00:06:26,677 [ERROR] LogOutputStream:75 - [STDERR_REDIRECT] Sep 01, 2025 12:06:26 AM java.util.prefs.FileSystemPreferences syncWorld
2025-09-01 00:06:26,677 [ERROR] LogOutputStream:75 - [STDERR_REDIRECT] WARNING: Couldn't flush system prefs: java.util.prefs.BackingStoreException: Couldn't get file lock.
2025-09-01 00:06:26,678 [ERROR] LogOutputStream:75 - [STDERR_REDIRECT] 
2025-09-01 00:06:56,676 [ERROR] LogOutputStream:75 - [STDERR_REDIRECT] Sep 01, 2025 12:06:56 AM java.util.prefs.FileSystemPreferences checkLockFile0ErrorCode
2025-09-01 00:06:56,676 [ERROR] LogOutputStream:75 - [STDERR_REDIRECT] WARNING: Could not lock System prefs. Unix error code 2.
2025-09-01 00:06:56,677 [ERROR] LogOutputStream:75 - [STDERR_REDIRECT] 
2025-09-01 00:06:56,678 [ERROR] LogOutputStream:75 - [STDERR_REDIRECT] Sep 01, 2025 12:06:56 AM java.util.prefs.FileSystemPreferences syncWorld
2025-09-01 00:06:56,678 [ERROR] LogOutputStream:75 - [STDERR_REDIRECT] WARNING: Couldn't flush system prefs: java.util.prefs.BackingStoreException: Couldn't get file lock.
2025-09-01 00:06:56,678 [ERROR] LogOutputStream:75 - [STDERR_REDIRECT] 
2025-09-01 00:07:26,676 [ERROR] LogOutputStream:75 - [STDERR_REDIRECT] Sep 01, 2025 12:07:26 AM java.util.prefs.FileSystemPreferences checkLockFile0ErrorCode
2025-09-01 00:07:26,677 [ERROR] LogOutputStream:75 - [STDERR_REDIRECT] WARNING: Could not lock System prefs. Unix error code 2.
2025-09-01 00:07:26,677 [ERROR] LogOutputStream:75 - [STDERR_REDIRECT] 
2025-09-01 00:07:26,678 [ERROR] LogOutputStream:75 - [STDERR_REDIRECT] Sep 01, 2025 12:07:26 AM java.util.prefs.FileSystemPreferences syncWorld
2025-09-01 00:07:26,678 [ERROR] LogOutputStream:75 - [STDERR_REDIRECT] WARNING: Couldn't flush system prefs: java.util.prefs.BackingStoreException: Couldn't get file lock.
2025-09-01 00:07:26,678 [ERROR] LogOutputStream:75 - [STDERR_REDIRECT] 
2025-09-01 00:07:56,677 [ERROR] LogOutputStream:75 - [STDERR_REDIRECT] Sep 01, 2025 12:07:56 AM java.util.prefs.FileSystemPreferences checkLockFile0ErrorCode
2025-09-01 00:07:56,678 [ERROR] LogOutputStream:75 - [STDERR_REDIRECT] WARNING: Could not lock System prefs. Unix error code 2.
2025-09-01 00:07:56,678 [ERROR] LogOutputStream:75 - [STDERR_REDIRECT] 
2025-09-01 00:07:56,679 [ERROR] LogOutputStream:75 - [STDERR_REDIRECT] Sep 01, 2025 12:07:56 AM java.util.prefs.FileSystemPreferences syncWorld
2025-09-01 00:07:56,679 [ERROR] LogOutputStream:75 - [STDERR_REDIRECT] WARNING: Couldn't flush system prefs: java.util.prefs.BackingStoreException: Couldn't get file lock.
2025-09-01 00:07:56,680 [ERROR] LogOutputStream:75 - [STDERR_REDIRECT] 
2025-09-01 00:08:26,676 [ERROR] LogOutputStream:75 - [STDERR_REDIRECT] Sep 01, 2025 12:08:26 AM java.util.prefs.FileSystemPreferences checkLockFile0ErrorCode
2025-09-01 00:08:26,676 [ERROR] LogOutputStream:75 - [STDERR_REDIRECT] WARNING: Could not lock System prefs. Unix error code 2.
2025-09-01 00:08:26,677 [ERROR] LogOutputStream:75 - [STDERR_REDIRECT] 
2025-09-01 00:08:26,677 [ERROR] LogOutputStream:75 - [STDERR_REDIRECT] Sep 01, 2025 12:08:26 AM java.util.prefs.FileSystemPreferences syncWorld
2025-09-01 00:08:26,677 [ERROR] LogOutputStream:75 - [STDERR_REDIRECT] WARNING: Couldn't flush system prefs: java.util.prefs.BackingStoreException: Couldn't get file lock.
2025-09-01 00:08:26,677 [ERROR] LogOutputStream:75 - [STDERR_REDIRECT] 
2025-09-01 00:08:56,676 [ERROR] LogOutputStream:75 - [STDERR_REDIRECT] Sep 01, 2025 12:08:56 AM java.util.prefs.FileSystemPreferences checkLockFile0ErrorCode
2025-09-01 00:08:56,676 [ERROR] LogOutputStream:75 - [STDERR_REDIRECT] WARNING: Could not lock System prefs. Unix error code 2.
2025-09-01 00:08:56,676 [ERROR] LogOutputStream:75 - [STDERR_REDIRECT] 
2025-09-01 00:08:56,677 [ERROR] LogOutputStream:75 - [STDERR_REDIRECT] Sep 01, 2025 12:08:56 AM java.util.prefs.FileSystemPreferences syncWorld
2025-09-01 00:08:56,677 [ERROR] LogOutputStream:75 - [STDERR_REDIRECT] WARNING: Couldn't flush system prefs: java.util.prefs.BackingStoreException: Couldn't get file lock.
2025-09-01 00:08:56,677 [ERROR] LogOutputStream:75 - [STDERR_REDIRECT] 
2025-09-01 00:09:26,676 [ERROR] LogOutputStream:75 - [STDERR_REDIRECT] Sep 01, 2025 12:09:26 AM java.util.prefs.FileSystemPreferences checkLockFile0ErrorCode
2025-09-01 00:09:26,677 [ERROR] LogOutputStream:75 - [STDERR_REDIRECT] WARNING: Could not lock System prefs. Unix error code 2.
2025-09-01 00:09:26,677 [ERROR] LogOutputStream:75 - [STDERR_REDIRECT] 
2025-09-01 00:09:26,678 [ERROR] LogOutputStream:75 - [STDERR_REDIRECT] Sep 01, 2025 12:09:26 AM java.util.prefs.FileSystemPreferences syncWorld
2025-09-01 00:09:26,678 [ERROR] LogOutputStream:75 - [STDERR_REDIRECT] WARNING: Couldn't flush system prefs: java.util.prefs.BackingStoreException: Couldn't get file lock.
2025-09-01 00:09:26,679 [ERROR] LogOutputStream:75 - [STDERR_REDIRECT] 
2025-09-01 00:09:56,677 [ERROR] LogOutputStream:75 - [STDERR_REDIRECT] Sep 01, 2025 12:09:56 AM java.util.prefs.FileSystemPreferences checkLockFile0ErrorCode
2025-09-01 00:09:56,678 [ERROR] LogOutputStream:75 - [STDERR_REDIRECT] WARNING: Could not lock System prefs. Unix error code 2.
2025-09-01 00:09:56,678 [ERROR] LogOutputStream:75 - [STDERR_REDIRECT] 
2025-09-01 00:09:56,679 [ERROR] LogOutputStream:75 - [STDERR_REDIRECT] Sep 01, 2025 12:09:56 AM java.util.prefs.FileSystemPreferences syncWorld
2025-09-01 00:09:56,679 [ERROR] LogOutputStream:75 - [STDERR_REDIRECT] WARNING: Couldn't flush system prefs: java.util.prefs.BackingStoreException: Couldn't get file lock.
2025-09-01 00:09:56,679 [ERROR] LogOutputStream:75 - [STDERR_REDIRECT] 
2025-09-01 00:10:26,677 [ERROR] LogOutputStream:75 - [STDERR_REDIRECT] Sep 01, 2025 12:10:26 AM java.util.prefs.FileSystemPreferences checkLockFile0ErrorCode
2025-09-01 00:10:26,677 [ERROR] LogOutputStream:75 - [STDERR_REDIRECT] WARNING: Could not lock System prefs. Unix error code 2.
2025-09-01 00:10:26,677 [ERROR] LogOutputStream:75 - [STDERR_REDIRECT] 
2025-09-01 00:10:26,678 [ERROR] LogOutputStream:75 - [STDERR_REDIRECT] Sep 01, 2025 12:10:26 AM java.util.prefs.FileSystemPreferences syncWorld
2025-09-01 00:10:26,678 [ERROR] LogOutputStream:75 - [STDERR_REDIRECT] WARNING: Couldn't flush system prefs: java.util.prefs.BackingStoreException: Couldn't get file lock.
2025-09-01 00:10:26,678 [ERROR] LogOutputStream:75 - [STDERR_REDIRECT] 
2025-09-01 00:10:56,677 [ERROR] LogOutputStream:75 - [STDERR_REDIRECT] Sep 01, 2025 12:10:56 AM java.util.prefs.FileSystemPreferences checkLockFile0ErrorCode
2025-09-01 00:10:56,677 [ERROR] LogOutputStream:75 - [STDERR_REDIRECT] WARNING: Could not lock System prefs. Unix error code 2.
2025-09-01 00:10:56,677 [ERROR] LogOutputStream:75 - [STDERR_REDIRECT] 
2025-09-01 00:10:56,678 [ERROR] LogOutputStream:75 - [STDERR_REDIRECT] Sep 01, 2025 12:10:56 AM java.util.prefs.FileSystemPreferences syncWorld
2025-09-01 00:10:56,679 [ERROR] LogOutputStream:75 - [STDERR_REDIRECT] WARNING: Couldn't flush system prefs: java.util.prefs.BackingStoreException: Couldn't get file lock.
2025-09-01 00:10:56,679 [ERROR] LogOutputStream:75 - [STDERR_REDIRECT] 
2025-09-01 00:11:26,677 [ERROR] LogOutputStream:75 - [STDERR_REDIRECT] Sep 01, 2025 12:11:26 AM java.util.prefs.FileSystemPreferences checkLockFile0ErrorCode
2025-09-01 00:11:26,678 [ERROR] LogOutputStream:75 - [STDERR_REDIRECT] WARNING: Could not lock System prefs. Unix error code 2.
2025-09-01 00:11:26,678 [ERROR] LogOutputStream:75 - [STDERR_REDIRECT] 
2025-09-01 00:11:26,679 [ERROR] LogOutputStream:75 - [STDERR_REDIRECT] Sep 01, 2025 12:11:26 AM java.util.prefs.FileSystemPreferences syncWorld
2025-09-01 00:11:26,680 [ERROR] LogOutputStream:75 - [STDERR_REDIRECT] WARNING: Couldn't flush system prefs: java.util.prefs.BackingStoreException: Couldn't get file lock.
2025-09-01 00:11:26,680 [ERROR] LogOutputStream:75 - [STDERR_REDIRECT] 
2025-09-01 00:11:56,679 [ERROR] LogOutputStream:75 - [STDERR_REDIRECT] Sep 01, 2025 12:11:56 AM java.util.prefs.FileSystemPreferences checkLockFile0ErrorCode
2025-09-01 00:11:56,679 [ERROR] LogOutputStream:75 - [STDERR_REDIRECT] WARNING: Could not lock System prefs. Unix error code 2.
2025-09-01 00:11:56,680 [ERROR] LogOutputStream:75 - [STDERR_REDIRECT] 
2025-09-01 00:11:56,680 [ERROR] LogOutputStream:75 - [STDERR_REDIRECT] Sep 01, 2025 12:11:56 AM java.util.prefs.FileSystemPreferences syncWorld
2025-09-01 00:11:56,681 [ERROR] LogOutputStream:75 - [STDERR_REDIRECT] WARNING: Couldn't flush system prefs: java.util.prefs.BackingStoreException: Couldn't get file lock.
2025-09-01 00:11:56,681 [ERROR] LogOutputStream:75 - [STDERR_REDIRECT] 
2025-09-01 00:12:26,677 [ERROR] LogOutputStream:75 - [STDERR_REDIRECT] Sep 01, 2025 12:12:26 AM java.util.prefs.FileSystemPreferences checkLockFile0ErrorCode
2025-09-01 00:12:26,677 [ERROR] LogOutputStream:75 - [STDERR_REDIRECT] WARNING: Could not lock System prefs. Unix error code 2.
2025-09-01 00:12:26,677 [ERROR] LogOutputStream:75 - [STDERR_REDIRECT] 
2025-09-01 00:12:26,678 [ERROR] LogOutputStream:75 - [STDERR_REDIRECT] Sep 01, 2025 12:12:26 AM java.util.prefs.FileSystemPreferences syncWorld
2025-09-01 00:12:26,678 [ERROR] LogOutputStream:75 - [STDERR_REDIRECT] WARNING: Couldn't flush system prefs: java.util.prefs.BackingStoreException: Couldn't get file lock.
2025-09-01 00:12:26,678 [ERROR] LogOutputStream:75 - [STDERR_REDIRECT] 
2025-09-01 00:12:56,681 [ERROR] LogOutputStream:75 - [STDERR_REDIRECT] Sep 01, 2025 12:12:56 AM java.util.prefs.FileSystemPreferences checkLockFile0ErrorCode
2025-09-01 00:12:56,681 [ERROR] LogOutputStream:75 - [STDERR_REDIRECT] WARNING: Could not lock System prefs. Unix error code 2.
2025-09-01 00:12:56,682 [ERROR] LogOutputStream:75 - [STDERR_REDIRECT] 
2025-09-01 00:12:56,682 [ERROR] LogOutputStream:75 - [STDERR_REDIRECT] Sep 01, 2025 12:12:56 AM java.util.prefs.FileSystemPreferences syncWorld
2025-09-01 00:12:56,683 [ERROR] LogOutputStream:75 - [STDERR_REDIRECT] WARNING: Couldn't flush system prefs: java.util.prefs.BackingStoreException: Couldn't get file lock.
2025-09-01 00:12:56,683 [ERROR] LogOutputStream:75 - [STDERR_REDIRECT] 
2025-09-01 00:13:26,678 [ERROR] LogOutputStream:75 - [STDERR_REDIRECT] Sep 01, 2025 12:13:26 AM java.util.prefs.FileSystemPreferences checkLockFile0ErrorCode
2025-09-01 00:13:26,679 [ERROR] LogOutputStream:75 - [STDERR_REDIRECT] WARNING: Could not lock System prefs. Unix error code 2.
2025-09-01 00:13:26,679 [ERROR] LogOutputStream:75 - [STDERR_REDIRECT] 
2025-09-01 00:13:26,680 [ERROR] LogOutputStream:75 - [STDERR_REDIRECT] Sep 01, 2025 12:13:26 AM java.util.prefs.FileSystemPreferences syncWorld
2025-09-01 00:13:26,680 [ERROR] LogOutputStream:75 - [STDERR_REDIRECT] WARNING: Couldn't flush system prefs: java.util.prefs.BackingStoreException: Couldn't get file lock.
2025-09-01 00:13:26,681 [ERROR] LogOutputStream:75 - [STDERR_REDIRECT] 
2025-09-01 00:13:56,678 [ERROR] LogOutputStream:75 - [STDERR_REDIRECT] Sep 01, 2025 12:13:56 AM java.util.prefs.FileSystemPreferences checkLockFile0ErrorCode
2025-09-01 00:13:56,678 [ERROR] LogOutputStream:75 - [STDERR_REDIRECT] WARNING: Could not lock System prefs. Unix error code 2.
2025-09-01 00:13:56,679 [ERROR] LogOutputStream:75 - [STDERR_REDIRECT] 
2025-09-01 00:13:56,679 [ERROR] LogOutputStream:75 - [STDERR_REDIRECT] Sep 01, 2025 12:13:56 AM java.util.prefs.FileSystemPreferences syncWorld
2025-09-01 00:13:56,680 [ERROR] LogOutputStream:75 - [STDERR_REDIRECT] WARNING: Couldn't flush system prefs: java.util.prefs.BackingStoreException: Couldn't get file lock.
2025-09-01 00:13:56,680 [ERROR] LogOutputStream:75 - [STDERR_REDIRECT] 
2025-09-01 00:14:26,678 [ERROR] LogOutputStream:75 - [STDERR_REDIRECT] Sep 01, 2025 12:14:26 AM java.util.prefs.FileSystemPreferences checkLockFile0ErrorCode
2025-09-01 00:14:26,679 [ERROR] LogOutputStream:75 - [STDERR_REDIRECT] WARNING: Could not lock System prefs. Unix error code 2.
2025-09-01 00:14:26,679 [ERROR] LogOutputStream:75 - [STDERR_REDIRECT] 
2025-09-01 00:14:26,680 [ERROR] LogOutputStream:75 - [STDERR_REDIRECT] Sep 01, 2025 12:14:26 AM java.util.prefs.FileSystemPreferences syncWorld
2025-09-01 00:14:26,681 [ERROR] LogOutputStream:75 - [STDERR_REDIRECT] WARNING: Couldn't flush system prefs: java.util.prefs.BackingStoreException: Couldn't get file lock.
2025-09-01 00:14:26,681 [ERROR] LogOutputStream:75 - [STDERR_REDIRECT] 
2025-09-01 00:14:56,678 [ERROR] LogOutputStream:75 - [STDERR_REDIRECT] Sep 01, 2025 12:14:56 AM java.util.prefs.FileSystemPreferences checkLockFile0ErrorCode
2025-09-01 00:14:56,678 [ERROR] LogOutputStream:75 - [STDERR_REDIRECT] WARNING: Could not lock System prefs. Unix error code 2.
2025-09-01 00:14:56,679 [ERROR] LogOutputStream:75 - [STDERR_REDIRECT] 
2025-09-01 00:14:56,680 [ERROR] LogOutputStream:75 - [STDERR_REDIRECT] Sep 01, 2025 12:14:56 AM java.util.prefs.FileSystemPreferences syncWorld
2025-09-01 00:14:56,680 [ERROR] LogOutputStream:75 - [STDERR_REDIRECT] WARNING: Couldn't flush system prefs: java.util.prefs.BackingStoreException: Couldn't get file lock.
2025-09-01 00:14:56,680 [ERROR] LogOutputStream:75 - [STDERR_REDIRECT] 
2025-09-01 00:15:26,679 [ERROR] LogOutputStream:75 - [STDERR_REDIRECT] Sep 01, 2025 12:15:26 AM java.util.prefs.FileSystemPreferences checkLockFile0ErrorCode
2025-09-01 00:15:26,679 [ERROR] LogOutputStream:75 - [STDERR_REDIRECT] WARNING: Could not lock System prefs. Unix error code 2.
2025-09-01 00:15:26,679 [ERROR] LogOutputStream:75 - [STDERR_REDIRECT] 
2025-09-01 00:15:26,680 [ERROR] LogOutputStream:75 - [STDERR_REDIRECT] Sep 01, 2025 12:15:26 AM java.util.prefs.FileSystemPreferences syncWorld
2025-09-01 00:15:26,681 [ERROR] LogOutputStream:75 - [STDERR_REDIRECT] WARNING: Couldn't flush system prefs: java.util.prefs.BackingStoreException: Couldn't get file lock.
2025-09-01 00:15:26,681 [ERROR] LogOutputStream:75 - [STDERR_REDIRECT] 
2025-09-01 00:15:56,679 [ERROR] LogOutputStream:75 - [STDERR_REDIRECT] Sep 01, 2025 12:15:56 AM java.util.prefs.FileSystemPreferences checkLockFile0ErrorCode
2025-09-01 00:15:56,679 [ERROR] LogOutputStream:75 - [STDERR_REDIRECT] WARNING: Could not lock System prefs. Unix error code 2.
2025-09-01 00:15:56,679 [ERROR] LogOutputStream:75 - [STDERR_REDIRECT] 
2025-09-01 00:15:56,679 [ERROR] LogOutputStream:75 - [STDERR_REDIRECT] Sep 01, 2025 12:15:56 AM java.util.prefs.FileSystemPreferences syncWorld
2025-09-01 00:15:56,679 [ERROR] LogOutputStream:75 - [STDERR_REDIRECT] WARNING: Couldn't flush system prefs: java.util.prefs.BackingStoreException: Couldn't get file lock.
2025-09-01 00:15:56,679 [ERROR] LogOutputStream:75 - [STDERR_REDIRECT] 
2025-09-01 00:16:26,677 [ERROR] LogOutputStream:75 - [STDERR_REDIRECT] Sep 01, 2025 12:16:26 AM java.util.prefs.FileSystemPreferences checkLockFile0ErrorCode
2025-09-01 00:16:26,678 [ERROR] LogOutputStream:75 - [STDERR_REDIRECT] WARNING: Could not lock System prefs. Unix error code 2.
2025-09-01 00:16:26,678 [ERROR] LogOutputStream:75 - [STDERR_REDIRECT] 
2025-09-01 00:16:26,679 [ERROR] LogOutputStream:75 - [STDERR_REDIRECT] Sep 01, 2025 12:16:26 AM java.util.prefs.FileSystemPreferences syncWorld
2025-09-01 00:16:26,679 [ERROR] LogOutputStream:75 - [STDERR_REDIRECT] WARNING: Couldn't flush system prefs: java.util.prefs.BackingStoreException: Couldn't get file lock.
2025-09-01 00:16:26,679 [ERROR] LogOutputStream:75 - [STDERR_REDIRECT] 
2025-09-01 00:16:56,678 [ERROR] LogOutputStream:75 - [STDERR_REDIRECT] Sep 01, 2025 12:16:56 AM java.util.prefs.FileSystemPreferences checkLockFile0ErrorCode
2025-09-01 00:16:56,679 [ERROR] LogOutputStream:75 - [STDERR_REDIRECT] WARNING: Could not lock System prefs. Unix error code 2.
2025-09-01 00:16:56,679 [ERROR] LogOutputStream:75 - [STDERR_REDIRECT] 
2025-09-01 00:16:56,680 [ERROR] LogOutputStream:75 - [STDERR_REDIRECT] Sep 01, 2025 12:16:56 AM java.util.prefs.FileSystemPreferences syncWorld
2025-09-01 00:16:56,680 [ERROR] LogOutputStream:75 - [STDERR_REDIRECT] WARNING: Couldn't flush system prefs: java.util.prefs.BackingStoreException: Couldn't get file lock.
2025-09-01 00:16:56,680 [ERROR] LogOutputStream:75 - [STDERR_REDIRECT] 
2025-09-01 00:17:26,679 [ERROR] LogOutputStream:75 - [STDERR_REDIRECT] Sep 01, 2025 12:17:26 AM java.util.prefs.FileSystemPreferences checkLockFile0ErrorCode
2025-09-01 00:17:26,679 [ERROR] LogOutputStream:75 - [STDERR_REDIRECT] WARNING: Could not lock System prefs. Unix error code 2.
2025-09-01 00:17:26,680 [ERROR] LogOutputStream:75 - [STDERR_REDIRECT] 
2025-09-01 00:17:26,680 [ERROR] LogOutputStream:75 - [STDERR_REDIRECT] Sep 01, 2025 12:17:26 AM java.util.prefs.FileSystemPreferences syncWorld
2025-09-01 00:17:26,681 [ERROR] LogOutputStream:75 - [STDERR_REDIRECT] WARNING: Couldn't flush system prefs: java.util.prefs.BackingStoreException: Couldn't get file lock.
2025-09-01 00:17:26,681 [ERROR] LogOutputStream:75 - [STDERR_REDIRECT] 
2025-09-01 00:17:53,707 [INFO] LogOutputStream:77 - [STDOUT_REDIRECT] 
2025-09-01 00:17:56,687 [ERROR] LogOutputStream:75 - [STDERR_REDIRECT] Sep 01, 2025 12:17:56 AM java.util.prefs.FileSystemPreferences checkLockFile0ErrorCode
2025-09-01 00:17:56,687 [ERROR] LogOutputStream:75 - [STDERR_REDIRECT] WARNING: Could not lock System prefs. Unix error code 2.
2025-09-01 00:17:56,687 [ERROR] LogOutputStream:75 - [STDERR_REDIRECT] 
2025-09-01 00:17:56,687 [ERROR] LogOutputStream:75 - [STDERR_REDIRECT] Sep 01, 2025 12:17:56 AM java.util.prefs.FileSystemPreferences syncWorld
2025-09-01 00:17:56,687 [ERROR] LogOutputStream:75 - [STDERR_REDIRECT] WARNING: Couldn't flush system prefs: java.util.prefs.BackingStoreException: Couldn't get file lock.
2025-09-01 00:17:56,687 [ERROR] LogOutputStream:75 - [STDERR_REDIRECT] 
2025-09-01 00:18:26,682 [ERROR] LogOutputStream:75 - [STDERR_REDIRECT] Sep 01, 2025 12:18:26 AM java.util.prefs.FileSystemPreferences checkLockFile0ErrorCode
2025-09-01 00:18:26,682 [ERROR] LogOutputStream:75 - [STDERR_REDIRECT] WARNING: Could not lock System prefs. Unix error code 2.
2025-09-01 00:18:26,682 [ERROR] LogOutputStream:75 - [STDERR_REDIRECT] 
2025-09-01 00:18:26,683 [ERROR] LogOutputStream:75 - [STDERR_REDIRECT] Sep 01, 2025 12:18:26 AM java.util.prefs.FileSystemPreferences syncWorld
2025-09-01 00:18:26,683 [ERROR] LogOutputStream:75 - [STDERR_REDIRECT] WARNING: Couldn't flush system prefs: java.util.prefs.BackingStoreException: Couldn't get file lock.
2025-09-01 00:18:26,683 [ERROR] LogOutputStream:75 - [STDERR_REDIRECT] 
2025-09-01 00:18:56,681 [ERROR] LogOutputStream:75 - [STDERR_REDIRECT] Sep 01, 2025 12:18:56 AM java.util.prefs.FileSystemPreferences checkLockFile0ErrorCode
2025-09-01 00:18:56,682 [ERROR] LogOutputStream:75 - [STDERR_REDIRECT] WARNING: Could not lock System prefs. Unix error code 2.
2025-09-01 00:18:56,682 [ERROR] LogOutputStream:75 - [STDERR_REDIRECT] 
2025-09-01 00:18:56,682 [ERROR] LogOutputStream:75 - [STDERR_REDIRECT] Sep 01, 2025 12:18:56 AM java.util.prefs.FileSystemPreferences syncWorld
2025-09-01 00:18:56,682 [ERROR] LogOutputStream:75 - [STDERR_REDIRECT] WARNING: Couldn't flush system prefs: java.util.prefs.BackingStoreException: Couldn't get file lock.
2025-09-01 00:18:56,682 [ERROR] LogOutputStream:75 - [STDERR_REDIRECT] 
2025-09-01 00:19:26,680 [ERROR] LogOutputStream:75 - [STDERR_REDIRECT] Sep 01, 2025 12:19:26 AM java.util.prefs.FileSystemPreferences checkLockFile0ErrorCode
2025-09-01 00:19:26,680 [ERROR] LogOutputStream:75 - [STDERR_REDIRECT] WARNING: Could not lock System prefs. Unix error code 2.
2025-09-01 00:19:26,681 [ERROR] LogOutputStream:75 - [STDERR_REDIRECT] 
2025-09-01 00:19:26,682 [ERROR] LogOutputStream:75 - [STDERR_REDIRECT] Sep 01, 2025 12:19:26 AM java.util.prefs.FileSystemPreferences syncWorld
2025-09-01 00:19:26,682 [ERROR] LogOutputStream:75 - [STDERR_REDIRECT] WARNING: Couldn't flush system prefs: java.util.prefs.BackingStoreException: Couldn't get file lock.
2025-09-01 00:19:26,682 [ERROR] LogOutputStream:75 - [STDERR_REDIRECT] 
2025-09-01 00:19:56,680 [ERROR] LogOutputStream:75 - [STDERR_REDIRECT] Sep 01, 2025 12:19:56 AM java.util.prefs.FileSystemPreferences checkLockFile0ErrorCode
2025-09-01 00:19:56,680 [ERROR] LogOutputStream:75 - [STDERR_REDIRECT] WARNING: Could not lock System prefs. Unix error code 2.
2025-09-01 00:19:56,681 [ERROR] LogOutputStream:75 - [STDERR_REDIRECT] 
2025-09-01 00:19:56,681 [ERROR] LogOutputStream:75 - [STDERR_REDIRECT] Sep 01, 2025 12:19:56 AM java.util.prefs.FileSystemPreferences syncWorld
2025-09-01 00:19:56,682 [ERROR] LogOutputStream:75 - [STDERR_REDIRECT] WARNING: Couldn't flush system prefs: java.util.prefs.BackingStoreException: Couldn't get file lock.
2025-09-01 00:19:56,682 [ERROR] LogOutputStream:75 - [STDERR_REDIRECT] 
2025-09-01 00:20:26,680 [ERROR] LogOutputStream:75 - [STDERR_REDIRECT] Sep 01, 2025 12:20:26 AM java.util.prefs.FileSystemPreferences checkLockFile0ErrorCode
2025-09-01 00:20:26,680 [ERROR] LogOutputStream:75 - [STDERR_REDIRECT] WARNING: Could not lock System prefs. Unix error code 2.
2025-09-01 00:20:26,681 [ERROR] LogOutputStream:75 - [STDERR_REDIRECT] 
2025-09-01 00:20:26,681 [ERROR] LogOutputStream:75 - [STDERR_REDIRECT] Sep 01, 2025 12:20:26 AM java.util.prefs.FileSystemPreferences syncWorld
2025-09-01 00:20:26,682 [ERROR] LogOutputStream:75 - [STDERR_REDIRECT] WARNING: Couldn't flush system prefs: java.util.prefs.BackingStoreException: Couldn't get file lock.
2025-09-01 00:20:26,682 [ERROR] LogOutputStream:75 - [STDERR_REDIRECT] 
2025-09-01 00:20:56,681 [ERROR] LogOutputStream:75 - [STDERR_REDIRECT] Sep 01, 2025 12:20:56 AM java.util.prefs.FileSystemPreferences checkLockFile0ErrorCode
2025-09-01 00:20:56,681 [ERROR] LogOutputStream:75 - [STDERR_REDIRECT] WARNING: Could not lock System prefs. Unix error code 2.
2025-09-01 00:20:56,682 [ERROR] LogOutputStream:75 - [STDERR_REDIRECT] 
2025-09-01 00:20:56,682 [ERROR] LogOutputStream:75 - [STDERR_REDIRECT] Sep 01, 2025 12:20:56 AM java.util.prefs.FileSystemPreferences syncWorld
2025-09-01 00:20:56,683 [ERROR] LogOutputStream:75 - [STDERR_REDIRECT] WARNING: Couldn't flush system prefs: java.util.prefs.BackingStoreException: Couldn't get file lock.
2025-09-01 00:20:56,683 [ERROR] LogOutputStream:75 - [STDERR_REDIRECT] 
2025-09-01 00:21:26,681 [ERROR] LogOutputStream:75 - [STDERR_REDIRECT] Sep 01, 2025 12:21:26 AM java.util.prefs.FileSystemPreferences checkLockFile0ErrorCode
2025-09-01 00:21:26,681 [ERROR] LogOutputStream:75 - [STDERR_REDIRECT] WARNING: Could not lock System prefs. Unix error code 2.
2025-09-01 00:21:26,682 [ERROR] LogOutputStream:75 - [STDERR_REDIRECT] 
2025-09-01 00:21:26,683 [ERROR] LogOutputStream:75 - [STDERR_REDIRECT] Sep 01, 2025 12:21:26 AM java.util.prefs.FileSystemPreferences syncWorld
2025-09-01 00:21:26,683 [ERROR] LogOutputStream:75 - [STDERR_REDIRECT] WARNING: Couldn't flush system prefs: java.util.prefs.BackingStoreException: Couldn't get file lock.
2025-09-01 00:21:26,683 [ERROR] LogOutputStream:75 - [STDERR_REDIRECT] 
2025-09-01 00:21:56,680 [ERROR] LogOutputStream:75 - [STDERR_REDIRECT] Sep 01, 2025 12:21:56 AM java.util.prefs.FileSystemPreferences checkLockFile0ErrorCode
2025-09-01 00:21:56,681 [ERROR] LogOutputStream:75 - [STDERR_REDIRECT] WARNING: Could not lock System prefs. Unix error code 2.
2025-09-01 00:21:56,682 [ERROR] LogOutputStream:75 - [STDERR_REDIRECT] 
2025-09-01 00:21:56,683 [ERROR] LogOutputStream:75 - [STDERR_REDIRECT] Sep 01, 2025 12:21:56 AM java.util.prefs.FileSystemPreferences syncWorld
2025-09-01 00:21:56,683 [ERROR] LogOutputStream:75 - [STDERR_REDIRECT] WARNING: Couldn't flush system prefs: java.util.prefs.BackingStoreException: Couldn't get file lock.
2025-09-01 00:21:56,684 [ERROR] LogOutputStream:75 - [STDERR_REDIRECT] 
2025-09-01 00:22:26,681 [ERROR] LogOutputStream:75 - [STDERR_REDIRECT] Sep 01, 2025 12:22:26 AM java.util.prefs.FileSystemPreferences checkLockFile0ErrorCode
2025-09-01 00:22:26,681 [ERROR] LogOutputStream:75 - [STDERR_REDIRECT] WARNING: Could not lock System prefs. Unix error code 2.
2025-09-01 00:22:26,681 [ERROR] LogOutputStream:75 - [STDERR_REDIRECT] 
2025-09-01 00:22:26,681 [ERROR] LogOutputStream:75 - [STDERR_REDIRECT] Sep 01, 2025 12:22:26 AM java.util.prefs.FileSystemPreferences syncWorld
2025-09-01 00:22:26,682 [ERROR] LogOutputStream:75 - [STDERR_REDIRECT] WARNING: Couldn't flush system prefs: java.util.prefs.BackingStoreException: Couldn't get file lock.
2025-09-01 00:22:26,682 [ERROR] LogOutputStream:75 - [STDERR_REDIRECT] 
2025-09-01 00:22:56,681 [ERROR] LogOutputStream:75 - [STDERR_REDIRECT] Sep 01, 2025 12:22:56 AM java.util.prefs.FileSystemPreferences checkLockFile0ErrorCode
2025-09-01 00:22:56,681 [ERROR] LogOutputStream:75 - [STDERR_REDIRECT] WARNING: Could not lock System prefs. Unix error code 2.
2025-09-01 00:22:56,681 [ERROR] LogOutputStream:75 - [STDERR_REDIRECT] 
2025-09-01 00:22:56,682 [ERROR] LogOutputStream:75 - [STDERR_REDIRECT] Sep 01, 2025 12:22:56 AM java.util.prefs.FileSystemPreferences syncWorld
2025-09-01 00:22:56,682 [ERROR] LogOutputStream:75 - [STDERR_REDIRECT] WARNING: Couldn't flush system prefs: java.util.prefs.BackingStoreException: Couldn't get file lock.
2025-09-01 00:22:56,683 [ERROR] LogOutputStream:75 - [STDERR_REDIRECT] 
2025-09-01 00:23:26,682 [ERROR] LogOutputStream:75 - [STDERR_REDIRECT] Sep 01, 2025 12:23:26 AM java.util.prefs.FileSystemPreferences checkLockFile0ErrorCode
2025-09-01 00:23:26,683 [ERROR] LogOutputStream:75 - [STDERR_REDIRECT] WARNING: Could not lock System prefs. Unix error code 2.
2025-09-01 00:23:26,683 [ERROR] LogOutputStream:75 - [STDERR_REDIRECT] 
2025-09-01 00:23:26,684 [ERROR] LogOutputStream:75 - [STDERR_REDIRECT] Sep 01, 2025 12:23:26 AM java.util.prefs.FileSystemPreferences syncWorld
2025-09-01 00:23:26,684 [ERROR] LogOutputStream:75 - [STDERR_REDIRECT] WARNING: Couldn't flush system prefs: java.util.prefs.BackingStoreException: Couldn't get file lock.
2025-09-01 00:23:26,685 [ERROR] LogOutputStream:75 - [STDERR_REDIRECT] 
2025-09-01 00:23:56,680 [ERROR] LogOutputStream:75 - [STDERR_REDIRECT] Sep 01, 2025 12:23:56 AM java.util.prefs.FileSystemPreferences checkLockFile0ErrorCode
2025-09-01 00:23:56,680 [ERROR] LogOutputStream:75 - [STDERR_REDIRECT] WARNING: Could not lock System prefs. Unix error code 2.
2025-09-01 00:23:56,680 [ERROR] LogOutputStream:75 - [STDERR_REDIRECT] 
2025-09-01 00:23:56,681 [ERROR] LogOutputStream:75 - [STDERR_REDIRECT] Sep 01, 2025 12:23:56 AM java.util.prefs.FileSystemPreferences syncWorld
2025-09-01 00:23:56,681 [ERROR] LogOutputStream:75 - [STDERR_REDIRECT] WARNING: Couldn't flush system prefs: java.util.prefs.BackingStoreException: Couldn't get file lock.
2025-09-01 00:23:56,681 [ERROR] LogOutputStream:75 - [STDERR_REDIRECT] 
2025-09-01 00:24:26,681 [ERROR] LogOutputStream:75 - [STDERR_REDIRECT] Sep 01, 2025 12:24:26 AM java.util.prefs.FileSystemPreferences checkLockFile0ErrorCode
2025-09-01 00:24:26,681 [ERROR] LogOutputStream:75 - [STDERR_REDIRECT] WARNING: Could not lock System prefs. Unix error code 2.
2025-09-01 00:24:26,682 [ERROR] LogOutputStream:75 - [STDERR_REDIRECT] 
2025-09-01 00:24:26,682 [ERROR] LogOutputStream:75 - [STDERR_REDIRECT] Sep 01, 2025 12:24:26 AM java.util.prefs.FileSystemPreferences syncWorld
2025-09-01 00:24:26,683 [ERROR] LogOutputStream:75 - [STDERR_REDIRECT] WARNING: Couldn't flush system prefs: java.util.prefs.BackingStoreException: Couldn't get file lock.
2025-09-01 00:24:26,683 [ERROR] LogOutputStream:75 - [STDERR_REDIRECT] 
2025-09-01 00:24:56,680 [ERROR] LogOutputStream:75 - [STDERR_REDIRECT] Sep 01, 2025 12:24:56 AM java.util.prefs.FileSystemPreferences checkLockFile0ErrorCode
2025-09-01 00:24:56,681 [ERROR] LogOutputStream:75 - [STDERR_REDIRECT] WARNING: Could not lock System prefs. Unix error code 2.
2025-09-01 00:24:56,681 [ERROR] LogOutputStream:75 - [STDERR_REDIRECT] 
2025-09-01 00:24:56,681 [ERROR] LogOutputStream:75 - [STDERR_REDIRECT] Sep 01, 2025 12:24:56 AM java.util.prefs.FileSystemPreferences syncWorld
2025-09-01 00:24:56,681 [ERROR] LogOutputStream:75 - [STDERR_REDIRECT] WARNING: Couldn't flush system prefs: java.util.prefs.BackingStoreException: Couldn't get file lock.
2025-09-01 00:24:56,681 [ERROR] LogOutputStream:75 - [STDERR_REDIRECT] 
2025-09-01 00:25:26,682 [ERROR] LogOutputStream:75 - [STDERR_REDIRECT] Sep 01, 2025 12:25:26 AM java.util.prefs.FileSystemPreferences checkLockFile0ErrorCode
2025-09-01 00:25:26,683 [ERROR] LogOutputStream:75 - [STDERR_REDIRECT] WARNING: Could not lock System prefs. Unix error code 2.
2025-09-01 00:25:26,683 [ERROR] LogOutputStream:75 - [STDERR_REDIRECT] 
2025-09-01 00:25:26,684 [ERROR] LogOutputStream:75 - [STDERR_REDIRECT] Sep 01, 2025 12:25:26 AM java.util.prefs.FileSystemPreferences syncWorld
2025-09-01 00:25:26,684 [ERROR] LogOutputStream:75 - [STDERR_REDIRECT] WARNING: Couldn't flush system prefs: java.util.prefs.BackingStoreException: Couldn't get file lock.
2025-09-01 00:25:26,685 [ERROR] LogOutputStream:75 - [STDERR_REDIRECT] 
2025-09-01 00:25:56,682 [ERROR] LogOutputStream:75 - [STDERR_REDIRECT] Sep 01, 2025 12:25:56 AM java.util.prefs.FileSystemPreferences checkLockFile0ErrorCode
2025-09-01 00:25:56,682 [ERROR] LogOutputStream:75 - [STDERR_REDIRECT] WARNING: Could not lock System prefs. Unix error code 2.
2025-09-01 00:25:56,683 [ERROR] LogOutputStream:75 - [STDERR_REDIRECT] 
2025-09-01 00:25:56,683 [ERROR] LogOutputStream:75 - [STDERR_REDIRECT] Sep 01, 2025 12:25:56 AM java.util.prefs.FileSystemPreferences syncWorld
2025-09-01 00:25:56,684 [ERROR] LogOutputStream:75 - [STDERR_REDIRECT] WARNING: Couldn't flush system prefs: java.util.prefs.BackingStoreException: Couldn't get file lock.
2025-09-01 00:25:56,684 [ERROR] LogOutputStream:75 - [STDERR_REDIRECT] 
2025-09-01 00:26:26,682 [ERROR] LogOutputStream:75 - [STDERR_REDIRECT] Sep 01, 2025 12:26:26 AM java.util.prefs.FileSystemPreferences checkLockFile0ErrorCode
2025-09-01 00:26:26,683 [ERROR] LogOutputStream:75 - [STDERR_REDIRECT] WARNING: Could not lock System prefs. Unix error code 2.
2025-09-01 00:26:26,683 [ERROR] LogOutputStream:75 - [STDERR_REDIRECT] 
2025-09-01 00:26:26,684 [ERROR] LogOutputStream:75 - [STDERR_REDIRECT] Sep 01, 2025 12:26:26 AM java.util.prefs.FileSystemPreferences syncWorld
2025-09-01 00:26:26,684 [ERROR] LogOutputStream:75 - [STDERR_REDIRECT] WARNING: Couldn't flush system prefs: java.util.prefs.BackingStoreException: Couldn't get file lock.
2025-09-01 00:26:26,685 [ERROR] LogOutputStream:75 - [STDERR_REDIRECT] 
2025-09-01 00:26:56,682 [ERROR] LogOutputStream:75 - [STDERR_REDIRECT] Sep 01, 2025 12:26:56 AM java.util.prefs.FileSystemPreferences checkLockFile0ErrorCode
2025-09-01 00:26:56,682 [ERROR] LogOutputStream:75 - [STDERR_REDIRECT] WARNING: Could not lock System prefs. Unix error code 2.
2025-09-01 00:26:56,682 [ERROR] LogOutputStream:75 - [STDERR_REDIRECT] 
2025-09-01 00:26:56,683 [ERROR] LogOutputStream:75 - [STDERR_REDIRECT] Sep 01, 2025 12:26:56 AM java.util.prefs.FileSystemPreferences syncWorld
2025-09-01 00:26:56,683 [ERROR] LogOutputStream:75 - [STDERR_REDIRECT] WARNING: Couldn't flush system prefs: java.util.prefs.BackingStoreException: Couldn't get file lock.
2025-09-01 00:26:56,683 [ERROR] LogOutputStream:75 - [STDERR_REDIRECT] 
2025-09-01 00:27:26,682 [ERROR] LogOutputStream:75 - [STDERR_REDIRECT] Sep 01, 2025 12:27:26 AM java.util.prefs.FileSystemPreferences checkLockFile0ErrorCode
2025-09-01 00:27:26,683 [ERROR] LogOutputStream:75 - [STDERR_REDIRECT] WARNING: Could not lock System prefs. Unix error code 2.
2025-09-01 00:27:26,683 [ERROR] LogOutputStream:75 - [STDERR_REDIRECT] 
2025-09-01 00:27:26,684 [ERROR] LogOutputStream:75 - [STDERR_REDIRECT] Sep 01, 2025 12:27:26 AM java.util.prefs.FileSystemPreferences syncWorld
2025-09-01 00:27:26,684 [ERROR] LogOutputStream:75 - [STDERR_REDIRECT] WARNING: Couldn't flush system prefs: java.util.prefs.BackingStoreException: Couldn't get file lock.
2025-09-01 00:27:26,684 [ERROR] LogOutputStream:75 - [STDERR_REDIRECT] 
2025-09-01 00:27:56,682 [ERROR] LogOutputStream:75 - [STDERR_REDIRECT] Sep 01, 2025 12:27:56 AM java.util.prefs.FileSystemPreferences checkLockFile0ErrorCode
2025-09-01 00:27:56,683 [ERROR] LogOutputStream:75 - [STDERR_REDIRECT] WARNING: Could not lock System prefs. Unix error code 2.
2025-09-01 00:27:56,683 [ERROR] LogOutputStream:75 - [STDERR_REDIRECT] 
2025-09-01 00:27:56,683 [ERROR] LogOutputStream:75 - [STDERR_REDIRECT] Sep 01, 2025 12:27:56 AM java.util.prefs.FileSystemPreferences syncWorld
2025-09-01 00:27:56,684 [ERROR] LogOutputStream:75 - [STDERR_REDIRECT] WARNING: Couldn't flush system prefs: java.util.prefs.BackingStoreException: Couldn't get file lock.
2025-09-01 00:27:56,684 [ERROR] LogOutputStream:75 - [STDERR_REDIRECT] 
2025-09-01 00:28:26,683 [ERROR] LogOutputStream:75 - [STDERR_REDIRECT] Sep 01, 2025 12:28:26 AM java.util.prefs.FileSystemPreferences checkLockFile0ErrorCode
2025-09-01 00:28:26,684 [ERROR] LogOutputStream:75 - [STDERR_REDIRECT] WARNING: Could not lock System prefs. Unix error code 2.
2025-09-01 00:28:26,684 [ERROR] LogOutputStream:75 - [STDERR_REDIRECT] 
2025-09-01 00:28:26,684 [ERROR] LogOutputStream:75 - [STDERR_REDIRECT] Sep 01, 2025 12:28:26 AM java.util.prefs.FileSystemPreferences syncWorld
2025-09-01 00:28:26,685 [ERROR] LogOutputStream:75 - [STDERR_REDIRECT] WARNING: Couldn't flush system prefs: java.util.prefs.BackingStoreException: Couldn't get file lock.
2025-09-01 00:28:26,685 [ERROR] LogOutputStream:75 - [STDERR_REDIRECT] 
2025-09-01 00:28:56,683 [ERROR] LogOutputStream:75 - [STDERR_REDIRECT] Sep 01, 2025 12:28:56 AM java.util.prefs.FileSystemPreferences checkLockFile0ErrorCode
2025-09-01 00:28:56,683 [ERROR] LogOutputStream:75 - [STDERR_REDIRECT] WARNING: Could not lock System prefs. Unix error code 2.
2025-09-01 00:28:56,683 [ERROR] LogOutputStream:75 - [STDERR_REDIRECT] 
2025-09-01 00:28:56,684 [ERROR] LogOutputStream:75 - [STDERR_REDIRECT] Sep 01, 2025 12:28:56 AM java.util.prefs.FileSystemPreferences syncWorld
2025-09-01 00:28:56,684 [ERROR] LogOutputStream:75 - [STDERR_REDIRECT] WARNING: Couldn't flush system prefs: java.util.prefs.BackingStoreException: Couldn't get file lock.
2025-09-01 00:28:56,685 [ERROR] LogOutputStream:75 - [STDERR_REDIRECT] 
2025-09-01 00:29:26,683 [ERROR] LogOutputStream:75 - [STDERR_REDIRECT] Sep 01, 2025 12:29:26 AM java.util.prefs.FileSystemPreferences checkLockFile0ErrorCode
2025-09-01 00:29:26,683 [ERROR] LogOutputStream:75 - [STDERR_REDIRECT] WARNING: Could not lock System prefs. Unix error code 2.
2025-09-01 00:29:26,683 [ERROR] LogOutputStream:75 - [STDERR_REDIRECT] 
2025-09-01 00:29:26,684 [ERROR] LogOutputStream:75 - [STDERR_REDIRECT] Sep 01, 2025 12:29:26 AM java.util.prefs.FileSystemPreferences syncWorld
2025-09-01 00:29:26,684 [ERROR] LogOutputStream:75 - [STDERR_REDIRECT] WARNING: Couldn't flush system prefs: java.util.prefs.BackingStoreException: Couldn't get file lock.
2025-09-01 00:29:26,685 [ERROR] LogOutputStream:75 - [STDERR_REDIRECT] 
2025-09-01 00:29:56,683 [ERROR] LogOutputStream:75 - [STDERR_REDIRECT] Sep 01, 2025 12:29:56 AM java.util.prefs.FileSystemPreferences checkLockFile0ErrorCode
2025-09-01 00:29:56,683 [ERROR] LogOutputStream:75 - [STDERR_REDIRECT] WARNING: Could not lock System prefs. Unix error code 2.
2025-09-01 00:29:56,684 [ERROR] LogOutputStream:75 - [STDERR_REDIRECT] 
2025-09-01 00:29:56,684 [ERROR] LogOutputStream:75 - [STDERR_REDIRECT] Sep 01, 2025 12:29:56 AM java.util.prefs.FileSystemPreferences syncWorld
2025-09-01 00:29:56,685 [ERROR] LogOutputStream:75 - [STDERR_REDIRECT] WARNING: Couldn't flush system prefs: java.util.prefs.BackingStoreException: Couldn't get file lock.
2025-09-01 00:29:56,685 [ERROR] LogOutputStream:75 - [STDERR_REDIRECT] 
2025-09-01 00:30:26,683 [ERROR] LogOutputStream:75 - [STDERR_REDIRECT] Sep 01, 2025 12:30:26 AM java.util.prefs.FileSystemPreferences checkLockFile0ErrorCode
2025-09-01 00:30:26,684 [ERROR] LogOutputStream:75 - [STDERR_REDIRECT] WARNING: Could not lock System prefs. Unix error code 2.
2025-09-01 00:30:26,684 [ERROR] LogOutputStream:75 - [STDERR_REDIRECT] 
2025-09-01 00:30:26,685 [ERROR] LogOutputStream:75 - [STDERR_REDIRECT] Sep 01, 2025 12:30:26 AM java.util.prefs.FileSystemPreferences syncWorld
2025-09-01 00:30:26,685 [ERROR] LogOutputStream:75 - [STDERR_REDIRECT] WARNING: Couldn't flush system prefs: java.util.prefs.BackingStoreException: Couldn't get file lock.
2025-09-01 00:30:26,685 [ERROR] LogOutputStream:75 - [STDERR_REDIRECT] 
2025-09-01 00:30:56,681 [ERROR] LogOutputStream:75 - [STDERR_REDIRECT] Sep 01, 2025 12:30:56 AM java.util.prefs.FileSystemPreferences checkLockFile0ErrorCode
2025-09-01 00:30:56,681 [ERROR] LogOutputStream:75 - [STDERR_REDIRECT] WARNING: Could not lock System prefs. Unix error code 2.
2025-09-01 00:30:56,681 [ERROR] LogOutputStream:75 - [STDERR_REDIRECT] 
2025-09-01 00:30:56,681 [ERROR] LogOutputStream:75 - [STDERR_REDIRECT] Sep 01, 2025 12:30:56 AM java.util.prefs.FileSystemPreferences syncWorld
2025-09-01 00:30:56,681 [ERROR] LogOutputStream:75 - [STDERR_REDIRECT] WARNING: Couldn't flush system prefs: java.util.prefs.BackingStoreException: Couldn't get file lock.
2025-09-01 00:30:56,681 [ERROR] LogOutputStream:75 - [STDERR_REDIRECT] 
2025-09-01 00:31:26,682 [ERROR] LogOutputStream:75 - [STDERR_REDIRECT] Sep 01, 2025 12:31:26 AM java.util.prefs.FileSystemPreferences checkLockFile0ErrorCode
2025-09-01 00:31:26,682 [ERROR] LogOutputStream:75 - [STDERR_REDIRECT] WARNING: Could not lock System prefs. Unix error code 2.
2025-09-01 00:31:26,682 [ERROR] LogOutputStream:75 - [STDERR_REDIRECT] 
2025-09-01 00:31:26,682 [ERROR] LogOutputStream:75 - [STDERR_REDIRECT] Sep 01, 2025 12:31:26 AM java.util.prefs.FileSystemPreferences syncWorld
2025-09-01 00:31:26,682 [ERROR] LogOutputStream:75 - [STDERR_REDIRECT] WARNING: Couldn't flush system prefs: java.util.prefs.BackingStoreException: Couldn't get file lock.
2025-09-01 00:31:26,683 [ERROR] LogOutputStream:75 - [STDERR_REDIRECT] 
2025-09-01 00:31:56,683 [ERROR] LogOutputStream:75 - [STDERR_REDIRECT] Sep 01, 2025 12:31:56 AM java.util.prefs.FileSystemPreferences checkLockFile0ErrorCode
2025-09-01 00:31:56,684 [ERROR] LogOutputStream:75 - [STDERR_REDIRECT] WARNING: Could not lock System prefs. Unix error code 2.
2025-09-01 00:31:56,684 [ERROR] LogOutputStream:75 - [STDERR_REDIRECT] 
2025-09-01 00:31:56,685 [ERROR] LogOutputStream:75 - [STDERR_REDIRECT] Sep 01, 2025 12:31:56 AM java.util.prefs.FileSystemPreferences syncWorld
2025-09-01 00:31:56,685 [ERROR] LogOutputStream:75 - [STDERR_REDIRECT] WARNING: Couldn't flush system prefs: java.util.prefs.BackingStoreException: Couldn't get file lock.
2025-09-01 00:31:56,685 [ERROR] LogOutputStream:75 - [STDERR_REDIRECT] 
2025-09-01 00:32:26,684 [ERROR] LogOutputStream:75 - [STDERR_REDIRECT] Sep 01, 2025 12:32:26 AM java.util.prefs.FileSystemPreferences checkLockFile0ErrorCode
2025-09-01 00:32:26,685 [ERROR] LogOutputStream:75 - [STDERR_REDIRECT] WARNING: Could not lock System prefs. Unix error code 2.
2025-09-01 00:32:26,685 [ERROR] LogOutputStream:75 - [STDERR_REDIRECT] 
2025-09-01 00:32:26,686 [ERROR] LogOutputStream:75 - [STDERR_REDIRECT] Sep 01, 2025 12:32:26 AM java.util.prefs.FileSystemPreferences syncWorld
2025-09-01 00:32:26,686 [ERROR] LogOutputStream:75 - [STDERR_REDIRECT] WARNING: Couldn't flush system prefs: java.util.prefs.BackingStoreException: Couldn't get file lock.
2025-09-01 00:32:26,686 [ERROR] LogOutputStream:75 - [STDERR_REDIRECT] 
2025-09-01 00:32:56,684 [ERROR] LogOutputStream:75 - [STDERR_REDIRECT] Sep 01, 2025 12:32:56 AM java.util.prefs.FileSystemPreferences checkLockFile0ErrorCode
2025-09-01 00:32:56,684 [ERROR] LogOutputStream:75 - [STDERR_REDIRECT] WARNING: Could not lock System prefs. Unix error code 2.
2025-09-01 00:32:56,685 [ERROR] LogOutputStream:75 - [STDERR_REDIRECT] 
2025-09-01 00:32:56,685 [ERROR] LogOutputStream:75 - [STDERR_REDIRECT] Sep 01, 2025 12:32:56 AM java.util.prefs.FileSystemPreferences syncWorld
2025-09-01 00:32:56,686 [ERROR] LogOutputStream:75 - [STDERR_REDIRECT] WARNING: Couldn't flush system prefs: java.util.prefs.BackingStoreException: Couldn't get file lock.
2025-09-01 00:32:56,686 [ERROR] LogOutputStream:75 - [STDERR_REDIRECT] 
2025-09-01 00:33:26,684 [ERROR] LogOutputStream:75 - [STDERR_REDIRECT] Sep 01, 2025 12:33:26 AM java.util.prefs.FileSystemPreferences checkLockFile0ErrorCode
2025-09-01 00:33:26,685 [ERROR] LogOutputStream:75 - [STDERR_REDIRECT] WARNING: Could not lock System prefs. Unix error code 2.
2025-09-01 00:33:26,685 [ERROR] LogOutputStream:75 - [STDERR_REDIRECT] 
2025-09-01 00:33:26,687 [ERROR] LogOutputStream:75 - [STDERR_REDIRECT] Sep 01, 2025 12:33:26 AM java.util.prefs.FileSystemPreferences syncWorld
2025-09-01 00:33:26,687 [ERROR] LogOutputStream:75 - [STDERR_REDIRECT] WARNING: Couldn't flush system prefs: java.util.prefs.BackingStoreException: Couldn't get file lock.
2025-09-01 00:33:26,687 [ERROR] LogOutputStream:75 - [STDERR_REDIRECT] 
2025-09-01 00:33:56,686 [ERROR] LogOutputStream:75 - [STDERR_REDIRECT] Sep 01, 2025 12:33:56 AM java.util.prefs.FileSystemPreferences checkLockFile0ErrorCode
2025-09-01 00:33:56,686 [ERROR] LogOutputStream:75 - [STDERR_REDIRECT] WARNING: Could not lock System prefs. Unix error code 2.
2025-09-01 00:33:56,687 [ERROR] LogOutputStream:75 - [STDERR_REDIRECT] 
2025-09-01 00:33:56,687 [ERROR] LogOutputStream:75 - [STDERR_REDIRECT] Sep 01, 2025 12:33:56 AM java.util.prefs.FileSystemPreferences syncWorld
2025-09-01 00:33:56,688 [ERROR] LogOutputStream:75 - [STDERR_REDIRECT] WARNING: Couldn't flush system prefs: java.util.prefs.BackingStoreException: Couldn't get file lock.
2025-09-01 00:33:56,689 [ERROR] LogOutputStream:75 - [STDERR_REDIRECT] 
2025-09-01 00:34:26,685 [ERROR] LogOutputStream:75 - [STDERR_REDIRECT] Sep 01, 2025 12:34:26 AM java.util.prefs.FileSystemPreferences checkLockFile0ErrorCode
2025-09-01 00:34:26,686 [ERROR] LogOutputStream:75 - [STDERR_REDIRECT] WARNING: Could not lock System prefs. Unix error code 2.
2025-09-01 00:34:26,686 [ERROR] LogOutputStream:75 - [STDERR_REDIRECT] 
2025-09-01 00:34:26,687 [ERROR] LogOutputStream:75 - [STDERR_REDIRECT] Sep 01, 2025 12:34:26 AM java.util.prefs.FileSystemPreferences syncWorld
2025-09-01 00:34:26,687 [ERROR] LogOutputStream:75 - [STDERR_REDIRECT] WARNING: Couldn't flush system prefs: java.util.prefs.BackingStoreException: Couldn't get file lock.
2025-09-01 00:34:26,688 [ERROR] LogOutputStream:75 - [STDERR_REDIRECT] 
2025-09-01 00:34:56,684 [ERROR] LogOutputStream:75 - [STDERR_REDIRECT] Sep 01, 2025 12:34:56 AM java.util.prefs.FileSystemPreferences checkLockFile0ErrorCode
2025-09-01 00:34:56,685 [ERROR] LogOutputStream:75 - [STDERR_REDIRECT] WARNING: Could not lock System prefs. Unix error code 2.
2025-09-01 00:34:56,685 [ERROR] LogOutputStream:75 - [STDERR_REDIRECT] 
2025-09-01 00:34:56,686 [ERROR] LogOutputStream:75 - [STDERR_REDIRECT] Sep 01, 2025 12:34:56 AM java.util.prefs.FileSystemPreferences syncWorld
2025-09-01 00:34:56,686 [ERROR] LogOutputStream:75 - [STDERR_REDIRECT] WARNING: Couldn't flush system prefs: java.util.prefs.BackingStoreException: Couldn't get file lock.
2025-09-01 00:34:56,686 [ERROR] LogOutputStream:75 - [STDERR_REDIRECT] 
2025-09-01 00:35:26,685 [ERROR] LogOutputStream:75 - [STDERR_REDIRECT] Sep 01, 2025 12:35:26 AM java.util.prefs.FileSystemPreferences checkLockFile0ErrorCode
2025-09-01 00:35:26,685 [ERROR] LogOutputStream:75 - [STDERR_REDIRECT] WARNING: Could not lock System prefs. Unix error code 2.
2025-09-01 00:35:26,685 [ERROR] LogOutputStream:75 - [STDERR_REDIRECT] 
2025-09-01 00:35:26,685 [ERROR] LogOutputStream:75 - [STDERR_REDIRECT] Sep 01, 2025 12:35:26 AM java.util.prefs.FileSystemPreferences syncWorld
2025-09-01 00:35:26,685 [ERROR] LogOutputStream:75 - [STDERR_REDIRECT] WARNING: Couldn't flush system prefs: java.util.prefs.BackingStoreException: Couldn't get file lock.
2025-09-01 00:35:26,685 [ERROR] LogOutputStream:75 - [STDERR_REDIRECT] 
2025-09-01 00:35:56,685 [ERROR] LogOutputStream:75 - [STDERR_REDIRECT] Sep 01, 2025 12:35:56 AM java.util.prefs.FileSystemPreferences checkLockFile0ErrorCode
2025-09-01 00:35:56,686 [ERROR] LogOutputStream:75 - [STDERR_REDIRECT] WARNING: Could not lock System prefs. Unix error code 2.
2025-09-01 00:35:56,686 [ERROR] LogOutputStream:75 - [STDERR_REDIRECT] 
2025-09-01 00:35:56,687 [ERROR] LogOutputStream:75 - [STDERR_REDIRECT] Sep 01, 2025 12:35:56 AM java.util.prefs.FileSystemPreferences syncWorld
2025-09-01 00:35:56,687 [ERROR] LogOutputStream:75 - [STDERR_REDIRECT] WARNING: Couldn't flush system prefs: java.util.prefs.BackingStoreException: Couldn't get file lock.
2025-09-01 00:35:56,687 [ERROR] LogOutputStream:75 - [STDERR_REDIRECT] 
2025-09-01 00:36:26,685 [ERROR] LogOutputStream:75 - [STDERR_REDIRECT] Sep 01, 2025 12:36:26 AM java.util.prefs.FileSystemPreferences checkLockFile0ErrorCode
2025-09-01 00:36:26,685 [ERROR] LogOutputStream:75 - [STDERR_REDIRECT] WARNING: Could not lock System prefs. Unix error code 2.
2025-09-01 00:36:26,685 [ERROR] LogOutputStream:75 - [STDERR_REDIRECT] 
2025-09-01 00:36:26,686 [ERROR] LogOutputStream:75 - [STDERR_REDIRECT] Sep 01, 2025 12:36:26 AM java.util.prefs.FileSystemPreferences syncWorld
2025-09-01 00:36:26,687 [ERROR] LogOutputStream:75 - [STDERR_REDIRECT] WARNING: Couldn't flush system prefs: java.util.prefs.BackingStoreException: Couldn't get file lock.
2025-09-01 00:36:26,687 [ERROR] LogOutputStream:75 - [STDERR_REDIRECT] 
2025-09-01 00:36:56,685 [ERROR] LogOutputStream:75 - [STDERR_REDIRECT] Sep 01, 2025 12:36:56 AM java.util.prefs.FileSystemPreferences checkLockFile0ErrorCode
2025-09-01 00:36:56,685 [ERROR] LogOutputStream:75 - [STDERR_REDIRECT] WARNING: Could not lock System prefs. Unix error code 2.
2025-09-01 00:36:56,686 [ERROR] LogOutputStream:75 - [STDERR_REDIRECT] 
2025-09-01 00:36:56,686 [ERROR] LogOutputStream:75 - [STDERR_REDIRECT] Sep 01, 2025 12:36:56 AM java.util.prefs.FileSystemPreferences syncWorld
2025-09-01 00:36:56,687 [ERROR] LogOutputStream:75 - [STDERR_REDIRECT] WARNING: Couldn't flush system prefs: java.util.prefs.BackingStoreException: Couldn't get file lock.
2025-09-01 00:36:56,687 [ERROR] LogOutputStream:75 - [STDERR_REDIRECT] 
2025-09-01 00:37:26,685 [ERROR] LogOutputStream:75 - [STDERR_REDIRECT] Sep 01, 2025 12:37:26 AM java.util.prefs.FileSystemPreferences checkLockFile0ErrorCode
2025-09-01 00:37:26,685 [ERROR] LogOutputStream:75 - [STDERR_REDIRECT] WARNING: Could not lock System prefs. Unix error code 2.
2025-09-01 00:37:26,686 [ERROR] LogOutputStream:75 - [STDERR_REDIRECT] 
2025-09-01 00:37:26,686 [ERROR] LogOutputStream:75 - [STDERR_REDIRECT] Sep 01, 2025 12:37:26 AM java.util.prefs.FileSystemPreferences syncWorld
2025-09-01 00:37:26,687 [ERROR] LogOutputStream:75 - [STDERR_REDIRECT] WARNING: Couldn't flush system prefs: java.util.prefs.BackingStoreException: Couldn't get file lock.
2025-09-01 00:37:26,687 [ERROR] LogOutputStream:75 - [STDERR_REDIRECT] 
2025-09-01 00:37:56,684 [ERROR] LogOutputStream:75 - [STDERR_REDIRECT] Sep 01, 2025 12:37:56 AM java.util.prefs.FileSystemPreferences checkLockFile0ErrorCode
2025-09-01 00:37:56,685 [ERROR] LogOutputStream:75 - [STDERR_REDIRECT] WARNING: Could not lock System prefs. Unix error code 2.
2025-09-01 00:37:56,685 [ERROR] LogOutputStream:75 - [STDERR_REDIRECT] 
2025-09-01 00:37:56,686 [ERROR] LogOutputStream:75 - [STDERR_REDIRECT] Sep 01, 2025 12:37:56 AM java.util.prefs.FileSystemPreferences syncWorld
2025-09-01 00:37:56,686 [ERROR] LogOutputStream:75 - [STDERR_REDIRECT] WARNING: Couldn't flush system prefs: java.util.prefs.BackingStoreException: Couldn't get file lock.
2025-09-01 00:37:56,687 [ERROR] LogOutputStream:75 - [STDERR_REDIRECT] 
2025-09-01 00:38:26,684 [ERROR] LogOutputStream:75 - [STDERR_REDIRECT] Sep 01, 2025 12:38:26 AM java.util.prefs.FileSystemPreferences checkLockFile0ErrorCode
2025-09-01 00:38:26,685 [ERROR] LogOutputStream:75 - [STDERR_REDIRECT] WARNING: Could not lock System prefs. Unix error code 2.
2025-09-01 00:38:26,685 [ERROR] LogOutputStream:75 - [STDERR_REDIRECT] 
2025-09-01 00:38:26,686 [ERROR] LogOutputStream:75 - [STDERR_REDIRECT] Sep 01, 2025 12:38:26 AM java.util.prefs.FileSystemPreferences syncWorld
2025-09-01 00:38:26,686 [ERROR] LogOutputStream:75 - [STDERR_REDIRECT] WARNING: Couldn't flush system prefs: java.util.prefs.BackingStoreException: Couldn't get file lock.
2025-09-01 00:38:26,686 [ERROR] LogOutputStream:75 - [STDERR_REDIRECT] 
2025-09-01 00:38:56,685 [ERROR] LogOutputStream:75 - [STDERR_REDIRECT] Sep 01, 2025 12:38:56 AM java.util.prefs.FileSystemPreferences checkLockFile0ErrorCode
2025-09-01 00:38:56,686 [ERROR] LogOutputStream:75 - [STDERR_REDIRECT] WARNING: Could not lock System prefs. Unix error code 2.
2025-09-01 00:38:56,686 [ERROR] LogOutputStream:75 - [STDERR_REDIRECT] 
2025-09-01 00:38:56,687 [ERROR] LogOutputStream:75 - [STDERR_REDIRECT] Sep 01, 2025 12:38:56 AM java.util.prefs.FileSystemPreferences syncWorld
2025-09-01 00:38:56,687 [ERROR] LogOutputStream:75 - [STDERR_REDIRECT] WARNING: Couldn't flush system prefs: java.util.prefs.BackingStoreException: Couldn't get file lock.
2025-09-01 00:38:56,687 [ERROR] LogOutputStream:75 - [STDERR_REDIRECT] 
2025-09-01 00:39:26,688 [ERROR] LogOutputStream:75 - [STDERR_REDIRECT] Sep 01, 2025 12:39:26 AM java.util.prefs.FileSystemPreferences checkLockFile0ErrorCode
2025-09-01 00:39:26,688 [ERROR] LogOutputStream:75 - [STDERR_REDIRECT] WARNING: Could not lock System prefs. Unix error code 2.
2025-09-01 00:39:26,688 [ERROR] LogOutputStream:75 - [STDERR_REDIRECT] 
2025-09-01 00:39:26,688 [ERROR] LogOutputStream:75 - [STDERR_REDIRECT] Sep 01, 2025 12:39:26 AM java.util.prefs.FileSystemPreferences syncWorld
2025-09-01 00:39:26,688 [ERROR] LogOutputStream:75 - [STDERR_REDIRECT] WARNING: Couldn't flush system prefs: java.util.prefs.BackingStoreException: Couldn't get file lock.
2025-09-01 00:39:26,688 [ERROR] LogOutputStream:75 - [STDERR_REDIRECT] 
2025-09-01 00:39:56,692 [ERROR] LogOutputStream:75 - [STDERR_REDIRECT] Sep 01, 2025 12:39:56 AM java.util.prefs.FileSystemPreferences checkLockFile0ErrorCode
2025-09-01 00:39:56,693 [ERROR] LogOutputStream:75 - [STDERR_REDIRECT] WARNING: Could not lock System prefs. Unix error code 2.
2025-09-01 00:39:56,693 [ERROR] LogOutputStream:75 - [STDERR_REDIRECT] 
2025-09-01 00:39:56,694 [ERROR] LogOutputStream:75 - [STDERR_REDIRECT] Sep 01, 2025 12:39:56 AM java.util.prefs.FileSystemPreferences syncWorld
2025-09-01 00:39:56,694 [ERROR] LogOutputStream:75 - [STDERR_REDIRECT] WARNING: Couldn't flush system prefs: java.util.prefs.BackingStoreException: Couldn't get file lock.
2025-09-01 00:39:56,694 [ERROR] LogOutputStream:75 - [STDERR_REDIRECT] 
2025-09-01 00:40:26,690 [ERROR] LogOutputStream:75 - [STDERR_REDIRECT] Sep 01, 2025 12:40:26 AM java.util.prefs.FileSystemPreferences checkLockFile0ErrorCode
2025-09-01 00:40:26,690 [ERROR] LogOutputStream:75 - [STDERR_REDIRECT] WARNING: Could not lock System prefs. Unix error code 2.
2025-09-01 00:40:26,690 [ERROR] LogOutputStream:75 - [STDERR_REDIRECT] 
2025-09-01 00:40:26,691 [ERROR] LogOutputStream:75 - [STDERR_REDIRECT] Sep 01, 2025 12:40:26 AM java.util.prefs.FileSystemPreferences syncWorld
2025-09-01 00:40:26,692 [ERROR] LogOutputStream:75 - [STDERR_REDIRECT] WARNING: Couldn't flush system prefs: java.util.prefs.BackingStoreException: Couldn't get file lock.
2025-09-01 00:40:26,692 [ERROR] LogOutputStream:75 - [STDERR_REDIRECT] 
2025-09-01 00:40:56,689 [ERROR] LogOutputStream:75 - [STDERR_REDIRECT] Sep 01, 2025 12:40:56 AM java.util.prefs.FileSystemPreferences checkLockFile0ErrorCode
2025-09-01 00:40:56,689 [ERROR] LogOutputStream:75 - [STDERR_REDIRECT] WARNING: Could not lock System prefs. Unix error code 2.
2025-09-01 00:40:56,690 [ERROR] LogOutputStream:75 - [STDERR_REDIRECT] 
2025-09-01 00:40:56,690 [ERROR] LogOutputStream:75 - [STDERR_REDIRECT] Sep 01, 2025 12:40:56 AM java.util.prefs.FileSystemPreferences syncWorld
2025-09-01 00:40:56,690 [ERROR] LogOutputStream:75 - [STDERR_REDIRECT] WARNING: Couldn't flush system prefs: java.util.prefs.BackingStoreException: Couldn't get file lock.
2025-09-01 00:40:56,690 [ERROR] LogOutputStream:75 - [STDERR_REDIRECT] 
2025-09-01 00:41:26,690 [ERROR] LogOutputStream:75 - [STDERR_REDIRECT] Sep 01, 2025 12:41:26 AM java.util.prefs.FileSystemPreferences checkLockFile0ErrorCode
2025-09-01 00:41:26,690 [ERROR] LogOutputStream:75 - [STDERR_REDIRECT] WARNING: Could not lock System prefs. Unix error code 2.
2025-09-01 00:41:26,691 [ERROR] LogOutputStream:75 - [STDERR_REDIRECT] 
2025-09-01 00:41:26,691 [ERROR] LogOutputStream:75 - [STDERR_REDIRECT] Sep 01, 2025 12:41:26 AM java.util.prefs.FileSystemPreferences syncWorld
2025-09-01 00:41:26,692 [ERROR] LogOutputStream:75 - [STDERR_REDIRECT] WARNING: Couldn't flush system prefs: java.util.prefs.BackingStoreException: Couldn't get file lock.
2025-09-01 00:41:26,692 [ERROR] LogOutputStream:75 - [STDERR_REDIRECT] 
2025-09-01 00:41:56,690 [ERROR] LogOutputStream:75 - [STDERR_REDIRECT] Sep 01, 2025 12:41:56 AM java.util.prefs.FileSystemPreferences checkLockFile0ErrorCode
2025-09-01 00:41:56,690 [ERROR] LogOutputStream:75 - [STDERR_REDIRECT] WARNING: Could not lock System prefs. Unix error code 2.
2025-09-01 00:41:56,691 [ERROR] LogOutputStream:75 - [STDERR_REDIRECT] 
2025-09-01 00:41:56,691 [ERROR] LogOutputStream:75 - [STDERR_REDIRECT] Sep 01, 2025 12:41:56 AM java.util.prefs.FileSystemPreferences syncWorld
2025-09-01 00:41:56,692 [ERROR] LogOutputStream:75 - [STDERR_REDIRECT] WARNING: Couldn't flush system prefs: java.util.prefs.BackingStoreException: Couldn't get file lock.
2025-09-01 00:41:56,692 [ERROR] LogOutputStream:75 - [STDERR_REDIRECT] 
2025-09-01 00:42:26,690 [ERROR] LogOutputStream:75 - [STDERR_REDIRECT] Sep 01, 2025 12:42:26 AM java.util.prefs.FileSystemPreferences checkLockFile0ErrorCode
2025-09-01 00:42:26,690 [ERROR] LogOutputStream:75 - [STDERR_REDIRECT] WARNING: Could not lock System prefs. Unix error code 2.
2025-09-01 00:42:26,691 [ERROR] LogOutputStream:75 - [STDERR_REDIRECT] 
2025-09-01 00:42:26,691 [ERROR] LogOutputStream:75 - [STDERR_REDIRECT] Sep 01, 2025 12:42:26 AM java.util.prefs.FileSystemPreferences syncWorld
2025-09-01 00:42:26,692 [ERROR] LogOutputStream:75 - [STDERR_REDIRECT] WARNING: Couldn't flush system prefs: java.util.prefs.BackingStoreException: Couldn't get file lock.
2025-09-01 00:42:26,692 [ERROR] LogOutputStream:75 - [STDERR_REDIRECT] 
2025-09-01 00:42:56,690 [ERROR] LogOutputStream:75 - [STDERR_REDIRECT] Sep 01, 2025 12:42:56 AM java.util.prefs.FileSystemPreferences checkLockFile0ErrorCode
2025-09-01 00:42:56,691 [ERROR] LogOutputStream:75 - [STDERR_REDIRECT] WARNING: Could not lock System prefs. Unix error code 2.
2025-09-01 00:42:56,691 [ERROR] LogOutputStream:75 - [STDERR_REDIRECT] 
2025-09-01 00:42:56,692 [ERROR] LogOutputStream:75 - [STDERR_REDIRECT] Sep 01, 2025 12:42:56 AM java.util.prefs.FileSystemPreferences syncWorld
2025-09-01 00:42:56,692 [ERROR] LogOutputStream:75 - [STDERR_REDIRECT] WARNING: Couldn't flush system prefs: java.util.prefs.BackingStoreException: Couldn't get file lock.
2025-09-01 00:42:56,692 [ERROR] LogOutputStream:75 - [STDERR_REDIRECT] 
2025-09-01 00:43:26,690 [ERROR] LogOutputStream:75 - [STDERR_REDIRECT] Sep 01, 2025 12:43:26 AM java.util.prefs.FileSystemPreferences checkLockFile0ErrorCode
2025-09-01 00:43:26,691 [ERROR] LogOutputStream:75 - [STDERR_REDIRECT] WARNING: Could not lock System prefs. Unix error code 2.
2025-09-01 00:43:26,691 [ERROR] LogOutputStream:75 - [STDERR_REDIRECT] 
2025-09-01 00:43:26,692 [ERROR] LogOutputStream:75 - [STDERR_REDIRECT] Sep 01, 2025 12:43:26 AM java.util.prefs.FileSystemPreferences syncWorld
2025-09-01 00:43:26,692 [ERROR] LogOutputStream:75 - [STDERR_REDIRECT] WARNING: Couldn't flush system prefs: java.util.prefs.BackingStoreException: Couldn't get file lock.
2025-09-01 00:43:26,693 [ERROR] LogOutputStream:75 - [STDERR_REDIRECT] 
2025-09-01 00:43:56,690 [ERROR] LogOutputStream:75 - [STDERR_REDIRECT] Sep 01, 2025 12:43:56 AM java.util.prefs.FileSystemPreferences checkLockFile0ErrorCode
2025-09-01 00:43:56,690 [ERROR] LogOutputStream:75 - [STDERR_REDIRECT] WARNING: Could not lock System prefs. Unix error code 2.
2025-09-01 00:43:56,691 [ERROR] LogOutputStream:75 - [STDERR_REDIRECT] 
2025-09-01 00:43:56,691 [ERROR] LogOutputStream:75 - [STDERR_REDIRECT] Sep 01, 2025 12:43:56 AM java.util.prefs.FileSystemPreferences syncWorld
2025-09-01 00:43:56,692 [ERROR] LogOutputStream:75 - [STDERR_REDIRECT] WARNING: Couldn't flush system prefs: java.util.prefs.BackingStoreException: Couldn't get file lock.
2025-09-01 00:43:56,692 [ERROR] LogOutputStream:75 - [STDERR_REDIRECT] 
2025-09-01 00:44:26,690 [ERROR] LogOutputStream:75 - [STDERR_REDIRECT] Sep 01, 2025 12:44:26 AM java.util.prefs.FileSystemPreferences checkLockFile0ErrorCode
2025-09-01 00:44:26,690 [ERROR] LogOutputStream:75 - [STDERR_REDIRECT] WARNING: Could not lock System prefs. Unix error code 2.
2025-09-01 00:44:26,691 [ERROR] LogOutputStream:75 - [STDERR_REDIRECT] 
2025-09-01 00:44:26,691 [ERROR] LogOutputStream:75 - [STDERR_REDIRECT] Sep 01, 2025 12:44:26 AM java.util.prefs.FileSystemPreferences syncWorld
2025-09-01 00:44:26,692 [ERROR] LogOutputStream:75 - [STDERR_REDIRECT] WARNING: Couldn't flush system prefs: java.util.prefs.BackingStoreException: Couldn't get file lock.
2025-09-01 00:44:26,692 [ERROR] LogOutputStream:75 - [STDERR_REDIRECT] 
2025-09-01 00:44:56,690 [ERROR] LogOutputStream:75 - [STDERR_REDIRECT] Sep 01, 2025 12:44:56 AM java.util.prefs.FileSystemPreferences checkLockFile0ErrorCode
2025-09-01 00:44:56,690 [ERROR] LogOutputStream:75 - [STDERR_REDIRECT] WARNING: Could not lock System prefs. Unix error code 2.
2025-09-01 00:44:56,690 [ERROR] LogOutputStream:75 - [STDERR_REDIRECT] 
2025-09-01 00:44:56,691 [ERROR] LogOutputStream:75 - [STDERR_REDIRECT] Sep 01, 2025 12:44:56 AM java.util.prefs.FileSystemPreferences syncWorld
2025-09-01 00:44:56,692 [ERROR] LogOutputStream:75 - [STDERR_REDIRECT] WARNING: Couldn't flush system prefs: java.util.prefs.BackingStoreException: Couldn't get file lock.
2025-09-01 00:44:56,692 [ERROR] LogOutputStream:75 - [STDERR_REDIRECT] 
2025-09-01 00:45:26,689 [ERROR] LogOutputStream:75 - [STDERR_REDIRECT] Sep 01, 2025 12:45:26 AM java.util.prefs.FileSystemPreferences checkLockFile0ErrorCode
2025-09-01 00:45:26,689 [ERROR] LogOutputStream:75 - [STDERR_REDIRECT] WARNING: Could not lock System prefs. Unix error code 2.
2025-09-01 00:45:26,690 [ERROR] LogOutputStream:75 - [STDERR_REDIRECT] 
2025-09-01 00:45:26,690 [ERROR] LogOutputStream:75 - [STDERR_REDIRECT] Sep 01, 2025 12:45:26 AM java.util.prefs.FileSystemPreferences syncWorld
2025-09-01 00:45:26,690 [ERROR] LogOutputStream:75 - [STDERR_REDIRECT] WARNING: Couldn't flush system prefs: java.util.prefs.BackingStoreException: Couldn't get file lock.
2025-09-01 00:45:26,690 [ERROR] LogOutputStream:75 - [STDERR_REDIRECT] 
2025-09-01 00:45:56,690 [ERROR] LogOutputStream:75 - [STDERR_REDIRECT] Sep 01, 2025 12:45:56 AM java.util.prefs.FileSystemPreferences checkLockFile0ErrorCode
2025-09-01 00:45:56,690 [ERROR] LogOutputStream:75 - [STDERR_REDIRECT] WARNING: Could not lock System prefs. Unix error code 2.
2025-09-01 00:45:56,691 [ERROR] LogOutputStream:75 - [STDERR_REDIRECT] 
2025-09-01 00:45:56,691 [ERROR] LogOutputStream:75 - [STDERR_REDIRECT] Sep 01, 2025 12:45:56 AM java.util.prefs.FileSystemPreferences syncWorld
2025-09-01 00:45:56,692 [ERROR] LogOutputStream:75 - [STDERR_REDIRECT] WARNING: Couldn't flush system prefs: java.util.prefs.BackingStoreException: Couldn't get file lock.
2025-09-01 00:45:56,692 [ERROR] LogOutputStream:75 - [STDERR_REDIRECT] 
2025-09-01 00:46:26,690 [ERROR] LogOutputStream:75 - [STDERR_REDIRECT] Sep 01, 2025 12:46:26 AM java.util.prefs.FileSystemPreferences checkLockFile0ErrorCode
2025-09-01 00:46:26,690 [ERROR] LogOutputStream:75 - [STDERR_REDIRECT] WARNING: Could not lock System prefs. Unix error code 2.
2025-09-01 00:46:26,690 [ERROR] LogOutputStream:75 - [STDERR_REDIRECT] 
2025-09-01 00:46:26,691 [ERROR] LogOutputStream:75 - [STDERR_REDIRECT] Sep 01, 2025 12:46:26 AM java.util.prefs.FileSystemPreferences syncWorld
2025-09-01 00:46:26,691 [ERROR] LogOutputStream:75 - [STDERR_REDIRECT] WARNING: Couldn't flush system prefs: java.util.prefs.BackingStoreException: Couldn't get file lock.
2025-09-01 00:46:26,691 [ERROR] LogOutputStream:75 - [STDERR_REDIRECT] 
2025-09-01 00:46:56,689 [ERROR] LogOutputStream:75 - [STDERR_REDIRECT] Sep 01, 2025 12:46:56 AM java.util.prefs.FileSystemPreferences checkLockFile0ErrorCode
2025-09-01 00:46:56,690 [ERROR] LogOutputStream:75 - [STDERR_REDIRECT] WARNING: Could not lock System prefs. Unix error code 2.
2025-09-01 00:46:56,690 [ERROR] LogOutputStream:75 - [STDERR_REDIRECT] 
2025-09-01 00:46:56,690 [ERROR] LogOutputStream:75 - [STDERR_REDIRECT] Sep 01, 2025 12:46:56 AM java.util.prefs.FileSystemPreferences syncWorld
2025-09-01 00:46:56,691 [ERROR] LogOutputStream:75 - [STDERR_REDIRECT] WARNING: Couldn't flush system prefs: java.util.prefs.BackingStoreException: Couldn't get file lock.
2025-09-01 00:46:56,691 [ERROR] LogOutputStream:75 - [STDERR_REDIRECT] 
2025-09-01 00:47:26,690 [ERROR] LogOutputStream:75 - [STDERR_REDIRECT] Sep 01, 2025 12:47:26 AM java.util.prefs.FileSystemPreferences checkLockFile0ErrorCode
2025-09-01 00:47:26,690 [ERROR] LogOutputStream:75 - [STDERR_REDIRECT] WARNING: Could not lock System prefs. Unix error code 2.
2025-09-01 00:47:26,690 [ERROR] LogOutputStream:75 - [STDERR_REDIRECT] 
2025-09-01 00:47:26,691 [ERROR] LogOutputStream:75 - [STDERR_REDIRECT] Sep 01, 2025 12:47:26 AM java.util.prefs.FileSystemPreferences syncWorld
2025-09-01 00:47:26,691 [ERROR] LogOutputStream:75 - [STDERR_REDIRECT] WARNING: Couldn't flush system prefs: java.util.prefs.BackingStoreException: Couldn't get file lock.
2025-09-01 00:47:26,692 [ERROR] LogOutputStream:75 - [STDERR_REDIRECT] 
2025-09-01 00:47:56,690 [ERROR] LogOutputStream:75 - [STDERR_REDIRECT] Sep 01, 2025 12:47:56 AM java.util.prefs.FileSystemPreferences checkLockFile0ErrorCode
2025-09-01 00:47:56,690 [ERROR] LogOutputStream:75 - [STDERR_REDIRECT] WARNING: Could not lock System prefs. Unix error code 2.
2025-09-01 00:47:56,690 [ERROR] LogOutputStream:75 - [STDERR_REDIRECT] 
2025-09-01 00:47:56,691 [ERROR] LogOutputStream:75 - [STDERR_REDIRECT] Sep 01, 2025 12:47:56 AM java.util.prefs.FileSystemPreferences syncWorld
2025-09-01 00:47:56,691 [ERROR] LogOutputStream:75 - [STDERR_REDIRECT] WARNING: Couldn't flush system prefs: java.util.prefs.BackingStoreException: Couldn't get file lock.
2025-09-01 00:47:56,692 [ERROR] LogOutputStream:75 - [STDERR_REDIRECT] 
2025-09-01 00:48:26,690 [ERROR] LogOutputStream:75 - [STDERR_REDIRECT] Sep 01, 2025 12:48:26 AM java.util.prefs.FileSystemPreferences checkLockFile0ErrorCode
2025-09-01 00:48:26,690 [ERROR] LogOutputStream:75 - [STDERR_REDIRECT] WARNING: Could not lock System prefs. Unix error code 2.
2025-09-01 00:48:26,691 [ERROR] LogOutputStream:75 - [STDERR_REDIRECT] 
2025-09-01 00:48:26,691 [ERROR] LogOutputStream:75 - [STDERR_REDIRECT] Sep 01, 2025 12:48:26 AM java.util.prefs.FileSystemPreferences syncWorld
2025-09-01 00:48:26,692 [ERROR] LogOutputStream:75 - [STDERR_REDIRECT] WARNING: Couldn't flush system prefs: java.util.prefs.BackingStoreException: Couldn't get file lock.
2025-09-01 00:48:26,692 [ERROR] LogOutputStream:75 - [STDERR_REDIRECT] 
2025-09-01 00:48:56,690 [ERROR] LogOutputStream:75 - [STDERR_REDIRECT] Sep 01, 2025 12:48:56 AM java.util.prefs.FileSystemPreferences checkLockFile0ErrorCode
2025-09-01 00:48:56,690 [ERROR] LogOutputStream:75 - [STDERR_REDIRECT] WARNING: Could not lock System prefs. Unix error code 2.
2025-09-01 00:48:56,690 [ERROR] LogOutputStream:75 - [STDERR_REDIRECT] 
2025-09-01 00:48:56,691 [ERROR] LogOutputStream:75 - [STDERR_REDIRECT] Sep 01, 2025 12:48:56 AM java.util.prefs.FileSystemPreferences syncWorld
2025-09-01 00:48:56,691 [ERROR] LogOutputStream:75 - [STDERR_REDIRECT] WARNING: Couldn't flush system prefs: java.util.prefs.BackingStoreException: Couldn't get file lock.
2025-09-01 00:48:56,692 [ERROR] LogOutputStream:75 - [STDERR_REDIRECT] 
2025-09-01 00:49:26,689 [ERROR] LogOutputStream:75 - [STDERR_REDIRECT] Sep 01, 2025 12:49:26 AM java.util.prefs.FileSystemPreferences checkLockFile0ErrorCode
2025-09-01 00:49:26,690 [ERROR] LogOutputStream:75 - [STDERR_REDIRECT] WARNING: Could not lock System prefs. Unix error code 2.
2025-09-01 00:49:26,690 [ERROR] LogOutputStream:75 - [STDERR_REDIRECT] 
2025-09-01 00:49:26,691 [ERROR] LogOutputStream:75 - [STDERR_REDIRECT] Sep 01, 2025 12:49:26 AM java.util.prefs.FileSystemPreferences syncWorld
2025-09-01 00:49:26,691 [ERROR] LogOutputStream:75 - [STDERR_REDIRECT] WARNING: Couldn't flush system prefs: java.util.prefs.BackingStoreException: Couldn't get file lock.
2025-09-01 00:49:26,691 [ERROR] LogOutputStream:75 - [STDERR_REDIRECT] 
2025-09-01 00:49:56,689 [ERROR] LogOutputStream:75 - [STDERR_REDIRECT] Sep 01, 2025 12:49:56 AM java.util.prefs.FileSystemPreferences checkLockFile0ErrorCode
2025-09-01 00:49:56,690 [ERROR] LogOutputStream:75 - [STDERR_REDIRECT] WARNING: Could not lock System prefs. Unix error code 2.
2025-09-01 00:49:56,690 [ERROR] LogOutputStream:75 - [STDERR_REDIRECT] 
2025-09-01 00:49:56,691 [ERROR] LogOutputStream:75 - [STDERR_REDIRECT] Sep 01, 2025 12:49:56 AM java.util.prefs.FileSystemPreferences syncWorld
2025-09-01 00:49:56,691 [ERROR] LogOutputStream:75 - [STDERR_REDIRECT] WARNING: Couldn't flush system prefs: java.util.prefs.BackingStoreException: Couldn't get file lock.
2025-09-01 00:49:56,691 [ERROR] LogOutputStream:75 - [STDERR_REDIRECT] 
2025-09-01 00:50:26,690 [ERROR] LogOutputStream:75 - [STDERR_REDIRECT] Sep 01, 2025 12:50:26 AM java.util.prefs.FileSystemPreferences checkLockFile0ErrorCode
2025-09-01 00:50:26,690 [ERROR] LogOutputStream:75 - [STDERR_REDIRECT] WARNING: Could not lock System prefs. Unix error code 2.
2025-09-01 00:50:26,691 [ERROR] LogOutputStream:75 - [STDERR_REDIRECT] 
2025-09-01 00:50:26,691 [ERROR] LogOutputStream:75 - [STDERR_REDIRECT] Sep 01, 2025 12:50:26 AM java.util.prefs.FileSystemPreferences syncWorld
2025-09-01 00:50:26,692 [ERROR] LogOutputStream:75 - [STDERR_REDIRECT] WARNING: Couldn't flush system prefs: java.util.prefs.BackingStoreException: Couldn't get file lock.
2025-09-01 00:50:26,692 [ERROR] LogOutputStream:75 - [STDERR_REDIRECT] 
2025-09-01 00:50:56,690 [ERROR] LogOutputStream:75 - [STDERR_REDIRECT] Sep 01, 2025 12:50:56 AM java.util.prefs.FileSystemPreferences checkLockFile0ErrorCode
2025-09-01 00:50:56,690 [ERROR] LogOutputStream:75 - [STDERR_REDIRECT] WARNING: Could not lock System prefs. Unix error code 2.
2025-09-01 00:50:56,691 [ERROR] LogOutputStream:75 - [STDERR_REDIRECT] 
2025-09-01 00:50:56,691 [ERROR] LogOutputStream:75 - [STDERR_REDIRECT] Sep 01, 2025 12:50:56 AM java.util.prefs.FileSystemPreferences syncWorld
2025-09-01 00:50:56,692 [ERROR] LogOutputStream:75 - [STDERR_REDIRECT] WARNING: Couldn't flush system prefs: java.util.prefs.BackingStoreException: Couldn't get file lock.
2025-09-01 00:50:56,692 [ERROR] LogOutputStream:75 - [STDERR_REDIRECT] 
2025-09-01 00:51:26,690 [ERROR] LogOutputStream:75 - [STDERR_REDIRECT] Sep 01, 2025 12:51:26 AM java.util.prefs.FileSystemPreferences checkLockFile0ErrorCode
2025-09-01 00:51:26,690 [ERROR] LogOutputStream:75 - [STDERR_REDIRECT] WARNING: Could not lock System prefs. Unix error code 2.
2025-09-01 00:51:26,691 [ERROR] LogOutputStream:75 - [STDERR_REDIRECT] 
2025-09-01 00:51:26,691 [ERROR] LogOutputStream:75 - [STDERR_REDIRECT] Sep 01, 2025 12:51:26 AM java.util.prefs.FileSystemPreferences syncWorld
2025-09-01 00:51:26,692 [ERROR] LogOutputStream:75 - [STDERR_REDIRECT] WARNING: Couldn't flush system prefs: java.util.prefs.BackingStoreException: Couldn't get file lock.
2025-09-01 00:51:26,692 [ERROR] LogOutputStream:75 - [STDERR_REDIRECT] 
2025-09-01 00:51:56,690 [ERROR] LogOutputStream:75 - [STDERR_REDIRECT] Sep 01, 2025 12:51:56 AM java.util.prefs.FileSystemPreferences checkLockFile0ErrorCode
2025-09-01 00:51:56,690 [ERROR] LogOutputStream:75 - [STDERR_REDIRECT] WARNING: Could not lock System prefs. Unix error code 2.
2025-09-01 00:51:56,690 [ERROR] LogOutputStream:75 - [STDERR_REDIRECT] 
2025-09-01 00:51:56,691 [ERROR] LogOutputStream:75 - [STDERR_REDIRECT] Sep 01, 2025 12:51:56 AM java.util.prefs.FileSystemPreferences syncWorld
2025-09-01 00:51:56,691 [ERROR] LogOutputStream:75 - [STDERR_REDIRECT] WARNING: Couldn't flush system prefs: java.util.prefs.BackingStoreException: Couldn't get file lock.
2025-09-01 00:51:56,691 [ERROR] LogOutputStream:75 - [STDERR_REDIRECT] 
2025-09-01 00:52:26,690 [ERROR] LogOutputStream:75 - [STDERR_REDIRECT] Sep 01, 2025 12:52:26 AM java.util.prefs.FileSystemPreferences checkLockFile0ErrorCode
2025-09-01 00:52:26,690 [ERROR] LogOutputStream:75 - [STDERR_REDIRECT] WARNING: Could not lock System prefs. Unix error code 2.
2025-09-01 00:52:26,691 [ERROR] LogOutputStream:75 - [STDERR_REDIRECT] 
2025-09-01 00:52:26,691 [ERROR] LogOutputStream:75 - [STDERR_REDIRECT] Sep 01, 2025 12:52:26 AM java.util.prefs.FileSystemPreferences syncWorld
2025-09-01 00:52:26,692 [ERROR] LogOutputStream:75 - [STDERR_REDIRECT] WARNING: Couldn't flush system prefs: java.util.prefs.BackingStoreException: Couldn't get file lock.
2025-09-01 00:52:26,692 [ERROR] LogOutputStream:75 - [STDERR_REDIRECT] 
2025-09-01 00:52:56,691 [ERROR] LogOutputStream:75 - [STDERR_REDIRECT] Sep 01, 2025 12:52:56 AM java.util.prefs.FileSystemPreferences checkLockFile0ErrorCode
2025-09-01 00:52:56,692 [ERROR] LogOutputStream:75 - [STDERR_REDIRECT] WARNING: Could not lock System prefs. Unix error code 2.
2025-09-01 00:52:56,692 [ERROR] LogOutputStream:75 - [STDERR_REDIRECT] 
2025-09-01 00:52:56,693 [ERROR] LogOutputStream:75 - [STDERR_REDIRECT] Sep 01, 2025 12:52:56 AM java.util.prefs.FileSystemPreferences syncWorld
2025-09-01 00:52:56,693 [ERROR] LogOutputStream:75 - [STDERR_REDIRECT] WARNING: Couldn't flush system prefs: java.util.prefs.BackingStoreException: Couldn't get file lock.
2025-09-01 00:52:56,693 [ERROR] LogOutputStream:75 - [STDERR_REDIRECT] 
2025-09-01 00:53:26,690 [ERROR] LogOutputStream:75 - [STDERR_REDIRECT] Sep 01, 2025 12:53:26 AM java.util.prefs.FileSystemPreferences checkLockFile0ErrorCode
2025-09-01 00:53:26,690 [ERROR] LogOutputStream:75 - [STDERR_REDIRECT] WARNING: Could not lock System prefs. Unix error code 2.
2025-09-01 00:53:26,690 [ERROR] LogOutputStream:75 - [STDERR_REDIRECT] 
2025-09-01 00:53:26,691 [ERROR] LogOutputStream:75 - [STDERR_REDIRECT] Sep 01, 2025 12:53:26 AM java.util.prefs.FileSystemPreferences syncWorld
2025-09-01 00:53:26,691 [ERROR] LogOutputStream:75 - [STDERR_REDIRECT] WARNING: Couldn't flush system prefs: java.util.prefs.BackingStoreException: Couldn't get file lock.
2025-09-01 00:53:26,692 [ERROR] LogOutputStream:75 - [STDERR_REDIRECT] 
2025-09-01 00:53:56,689 [ERROR] LogOutputStream:75 - [STDERR_REDIRECT] Sep 01, 2025 12:53:56 AM java.util.prefs.FileSystemPreferences checkLockFile0ErrorCode
2025-09-01 00:53:56,690 [ERROR] LogOutputStream:75 - [STDERR_REDIRECT] WARNING: Could not lock System prefs. Unix error code 2.
2025-09-01 00:53:56,691 [ERROR] LogOutputStream:75 - [STDERR_REDIRECT] 
2025-09-01 00:53:56,691 [ERROR] LogOutputStream:75 - [STDERR_REDIRECT] Sep 01, 2025 12:53:56 AM java.util.prefs.FileSystemPreferences syncWorld
2025-09-01 00:53:56,692 [ERROR] LogOutputStream:75 - [STDERR_REDIRECT] WARNING: Couldn't flush system prefs: java.util.prefs.BackingStoreException: Couldn't get file lock.
2025-09-01 00:53:56,692 [ERROR] LogOutputStream:75 - [STDERR_REDIRECT] 
2025-09-01 00:54:26,690 [ERROR] LogOutputStream:75 - [STDERR_REDIRECT] Sep 01, 2025 12:54:26 AM java.util.prefs.FileSystemPreferences checkLockFile0ErrorCode
2025-09-01 00:54:26,690 [ERROR] LogOutputStream:75 - [STDERR_REDIRECT] WARNING: Could not lock System prefs. Unix error code 2.
2025-09-01 00:54:26,691 [ERROR] LogOutputStream:75 - [STDERR_REDIRECT] 
2025-09-01 00:54:26,691 [ERROR] LogOutputStream:75 - [STDERR_REDIRECT] Sep 01, 2025 12:54:26 AM java.util.prefs.FileSystemPreferences syncWorld
2025-09-01 00:54:26,692 [ERROR] LogOutputStream:75 - [STDERR_REDIRECT] WARNING: Couldn't flush system prefs: java.util.prefs.BackingStoreException: Couldn't get file lock.
2025-09-01 00:54:26,692 [ERROR] LogOutputStream:75 - [STDERR_REDIRECT] 
2025-09-01 00:54:56,690 [ERROR] LogOutputStream:75 - [STDERR_REDIRECT] Sep 01, 2025 12:54:56 AM java.util.prefs.FileSystemPreferences checkLockFile0ErrorCode
2025-09-01 00:54:56,690 [ERROR] LogOutputStream:75 - [STDERR_REDIRECT] WARNING: Could not lock System prefs. Unix error code 2.
2025-09-01 00:54:56,690 [ERROR] LogOutputStream:75 - [STDERR_REDIRECT] 
2025-09-01 00:54:56,691 [ERROR] LogOutputStream:75 - [STDERR_REDIRECT] Sep 01, 2025 12:54:56 AM java.util.prefs.FileSystemPreferences syncWorld
2025-09-01 00:54:56,691 [ERROR] LogOutputStream:75 - [STDERR_REDIRECT] WARNING: Couldn't flush system prefs: java.util.prefs.BackingStoreException: Couldn't get file lock.
2025-09-01 00:54:56,692 [ERROR] LogOutputStream:75 - [STDERR_REDIRECT] 
2025-09-01 00:55:26,689 [ERROR] LogOutputStream:75 - [STDERR_REDIRECT] Sep 01, 2025 12:55:26 AM java.util.prefs.FileSystemPreferences checkLockFile0ErrorCode
2025-09-01 00:55:26,690 [ERROR] LogOutputStream:75 - [STDERR_REDIRECT] WARNING: Could not lock System prefs. Unix error code 2.
2025-09-01 00:55:26,690 [ERROR] LogOutputStream:75 - [STDERR_REDIRECT] 
2025-09-01 00:55:26,691 [ERROR] LogOutputStream:75 - [STDERR_REDIRECT] Sep 01, 2025 12:55:26 AM java.util.prefs.FileSystemPreferences syncWorld
2025-09-01 00:55:26,691 [ERROR] LogOutputStream:75 - [STDERR_REDIRECT] WARNING: Couldn't flush system prefs: java.util.prefs.BackingStoreException: Couldn't get file lock.
2025-09-01 00:55:26,691 [ERROR] LogOutputStream:75 - [STDERR_REDIRECT] 
2025-09-01 00:55:56,690 [ERROR] LogOutputStream:75 - [STDERR_REDIRECT] Sep 01, 2025 12:55:56 AM java.util.prefs.FileSystemPreferences checkLockFile0ErrorCode
2025-09-01 00:55:56,690 [ERROR] LogOutputStream:75 - [STDERR_REDIRECT] WARNING: Could not lock System prefs. Unix error code 2.
2025-09-01 00:55:56,691 [ERROR] LogOutputStream:75 - [STDERR_REDIRECT] 
2025-09-01 00:55:56,691 [ERROR] LogOutputStream:75 - [STDERR_REDIRECT] Sep 01, 2025 12:55:56 AM java.util.prefs.FileSystemPreferences syncWorld
2025-09-01 00:55:56,691 [ERROR] LogOutputStream:75 - [STDERR_REDIRECT] WARNING: Couldn't flush system prefs: java.util.prefs.BackingStoreException: Couldn't get file lock.
2025-09-01 00:55:56,692 [ERROR] LogOutputStream:75 - [STDERR_REDIRECT] 
2025-09-01 00:56:26,690 [ERROR] LogOutputStream:75 - [STDERR_REDIRECT] Sep 01, 2025 12:56:26 AM java.util.prefs.FileSystemPreferences checkLockFile0ErrorCode
2025-09-01 00:56:26,690 [ERROR] LogOutputStream:75 - [STDERR_REDIRECT] WARNING: Could not lock System prefs. Unix error code 2.
2025-09-01 00:56:26,690 [ERROR] LogOutputStream:75 - [STDERR_REDIRECT] 
2025-09-01 00:56:26,691 [ERROR] LogOutputStream:75 - [STDERR_REDIRECT] Sep 01, 2025 12:56:26 AM java.util.prefs.FileSystemPreferences syncWorld
2025-09-01 00:56:26,691 [ERROR] LogOutputStream:75 - [STDERR_REDIRECT] WARNING: Couldn't flush system prefs: java.util.prefs.BackingStoreException: Couldn't get file lock.
2025-09-01 00:56:26,691 [ERROR] LogOutputStream:75 - [STDERR_REDIRECT] 
2025-09-01 00:56:56,689 [ERROR] LogOutputStream:75 - [STDERR_REDIRECT] Sep 01, 2025 12:56:56 AM java.util.prefs.FileSystemPreferences checkLockFile0ErrorCode
2025-09-01 00:56:56,690 [ERROR] LogOutputStream:75 - [STDERR_REDIRECT] WARNING: Could not lock System prefs. Unix error code 2.
2025-09-01 00:56:56,690 [ERROR] LogOutputStream:75 - [STDERR_REDIRECT] 
2025-09-01 00:56:56,691 [ERROR] LogOutputStream:75 - [STDERR_REDIRECT] Sep 01, 2025 12:56:56 AM java.util.prefs.FileSystemPreferences syncWorld
2025-09-01 00:56:56,691 [ERROR] LogOutputStream:75 - [STDERR_REDIRECT] WARNING: Couldn't flush system prefs: java.util.prefs.BackingStoreException: Couldn't get file lock.
2025-09-01 00:56:56,691 [ERROR] LogOutputStream:75 - [STDERR_REDIRECT] 
2025-09-01 00:57:26,690 [ERROR] LogOutputStream:75 - [STDERR_REDIRECT] Sep 01, 2025 12:57:26 AM java.util.prefs.FileSystemPreferences checkLockFile0ErrorCode
2025-09-01 00:57:26,690 [ERROR] LogOutputStream:75 - [STDERR_REDIRECT] WARNING: Could not lock System prefs. Unix error code 2.
2025-09-01 00:57:26,691 [ERROR] LogOutputStream:75 - [STDERR_REDIRECT] 
2025-09-01 00:57:26,691 [ERROR] LogOutputStream:75 - [STDERR_REDIRECT] Sep 01, 2025 12:57:26 AM java.util.prefs.FileSystemPreferences syncWorld
2025-09-01 00:57:26,691 [ERROR] LogOutputStream:75 - [STDERR_REDIRECT] WARNING: Couldn't flush system prefs: java.util.prefs.BackingStoreException: Couldn't get file lock.
2025-09-01 00:57:26,692 [ERROR] LogOutputStream:75 - [STDERR_REDIRECT] 
2025-09-01 00:57:56,690 [ERROR] LogOutputStream:75 - [STDERR_REDIRECT] Sep 01, 2025 12:57:56 AM java.util.prefs.FileSystemPreferences checkLockFile0ErrorCode
2025-09-01 00:57:56,690 [ERROR] LogOutputStream:75 - [STDERR_REDIRECT] WARNING: Could not lock System prefs. Unix error code 2.
2025-09-01 00:57:56,690 [ERROR] LogOutputStream:75 - [STDERR_REDIRECT] 
2025-09-01 00:57:56,691 [ERROR] LogOutputStream:75 - [STDERR_REDIRECT] Sep 01, 2025 12:57:56 AM java.util.prefs.FileSystemPreferences syncWorld
2025-09-01 00:57:56,691 [ERROR] LogOutputStream:75 - [STDERR_REDIRECT] WARNING: Couldn't flush system prefs: java.util.prefs.BackingStoreException: Couldn't get file lock.
2025-09-01 00:57:56,691 [ERROR] LogOutputStream:75 - [STDERR_REDIRECT] 
2025-09-01 00:58:26,690 [ERROR] LogOutputStream:75 - [STDERR_REDIRECT] Sep 01, 2025 12:58:26 AM java.util.prefs.FileSystemPreferences checkLockFile0ErrorCode
2025-09-01 00:58:26,690 [ERROR] LogOutputStream:75 - [STDERR_REDIRECT] WARNING: Could not lock System prefs. Unix error code 2.
2025-09-01 00:58:26,691 [ERROR] LogOutputStream:75 - [STDERR_REDIRECT] 
2025-09-01 00:58:26,691 [ERROR] LogOutputStream:75 - [STDERR_REDIRECT] Sep 01, 2025 12:58:26 AM java.util.prefs.FileSystemPreferences syncWorld
2025-09-01 00:58:26,691 [ERROR] LogOutputStream:75 - [STDERR_REDIRECT] WARNING: Couldn't flush system prefs: java.util.prefs.BackingStoreException: Couldn't get file lock.
2025-09-01 00:58:26,692 [ERROR] LogOutputStream:75 - [STDERR_REDIRECT] 
2025-09-01 00:58:56,689 [ERROR] LogOutputStream:75 - [STDERR_REDIRECT] Sep 01, 2025 12:58:56 AM java.util.prefs.FileSystemPreferences checkLockFile0ErrorCode
2025-09-01 00:58:56,690 [ERROR] LogOutputStream:75 - [STDERR_REDIRECT] WARNING: Could not lock System prefs. Unix error code 2.
2025-09-01 00:58:56,690 [ERROR] LogOutputStream:75 - [STDERR_REDIRECT] 
2025-09-01 00:58:56,691 [ERROR] LogOutputStream:75 - [STDERR_REDIRECT] Sep 01, 2025 12:58:56 AM java.util.prefs.FileSystemPreferences syncWorld
2025-09-01 00:58:56,691 [ERROR] LogOutputStream:75 - [STDERR_REDIRECT] WARNING: Couldn't flush system prefs: java.util.prefs.BackingStoreException: Couldn't get file lock.
2025-09-01 00:58:56,691 [ERROR] LogOutputStream:75 - [STDERR_REDIRECT] 
2025-09-01 00:59:26,690 [ERROR] LogOutputStream:75 - [STDERR_REDIRECT] Sep 01, 2025 12:59:26 AM java.util.prefs.FileSystemPreferences checkLockFile0ErrorCode
2025-09-01 00:59:26,690 [ERROR] LogOutputStream:75 - [STDERR_REDIRECT] WARNING: Could not lock System prefs. Unix error code 2.
2025-09-01 00:59:26,690 [ERROR] LogOutputStream:75 - [STDERR_REDIRECT] 
2025-09-01 00:59:26,691 [ERROR] LogOutputStream:75 - [STDERR_REDIRECT] Sep 01, 2025 12:59:26 AM java.util.prefs.FileSystemPreferences syncWorld
2025-09-01 00:59:26,691 [ERROR] LogOutputStream:75 - [STDERR_REDIRECT] WARNING: Couldn't flush system prefs: java.util.prefs.BackingStoreException: Couldn't get file lock.
2025-09-01 00:59:26,691 [ERROR] LogOutputStream:75 - [STDERR_REDIRECT] 
2025-09-01 00:59:56,689 [ERROR] LogOutputStream:75 - [STDERR_REDIRECT] Sep 01, 2025 12:59:56 AM java.util.prefs.FileSystemPreferences checkLockFile0ErrorCode
2025-09-01 00:59:56,689 [ERROR] LogOutputStream:75 - [STDERR_REDIRECT] WARNING: Could not lock System prefs. Unix error code 2.
2025-09-01 00:59:56,690 [ERROR] LogOutputStream:75 - [STDERR_REDIRECT] 
2025-09-01 00:59:56,690 [ERROR] LogOutputStream:75 - [STDERR_REDIRECT] Sep 01, 2025 12:59:56 AM java.util.prefs.FileSystemPreferences syncWorld
2025-09-01 00:59:56,691 [ERROR] LogOutputStream:75 - [STDERR_REDIRECT] WARNING: Couldn't flush system prefs: java.util.prefs.BackingStoreException: Couldn't get file lock.
2025-09-01 00:59:56,691 [ERROR] LogOutputStream:75 - [STDERR_REDIRECT] 
2025-09-01 01:00:26,690 [ERROR] LogOutputStream:75 - [STDERR_REDIRECT] Sep 01, 2025 1:00:26 AM java.util.prefs.FileSystemPreferences checkLockFile0ErrorCode
2025-09-01 01:00:26,690 [ERROR] LogOutputStream:75 - [STDERR_REDIRECT] WARNING: Could not lock System prefs. Unix error code 2.
2025-09-01 01:00:26,690 [ERROR] LogOutputStream:75 - [STDERR_REDIRECT] 
2025-09-01 01:00:26,691 [ERROR] LogOutputStream:75 - [STDERR_REDIRECT] Sep 01, 2025 1:00:26 AM java.util.prefs.FileSystemPreferences syncWorld
2025-09-01 01:00:26,691 [ERROR] LogOutputStream:75 - [STDERR_REDIRECT] WARNING: Couldn't flush system prefs: java.util.prefs.BackingStoreException: Couldn't get file lock.
2025-09-01 01:00:26,692 [ERROR] LogOutputStream:75 - [STDERR_REDIRECT] 
2025-09-01 01:00:56,689 [ERROR] LogOutputStream:75 - [STDERR_REDIRECT] Sep 01, 2025 1:00:56 AM java.util.prefs.FileSystemPreferences checkLockFile0ErrorCode
2025-09-01 01:00:56,690 [ERROR] LogOutputStream:75 - [STDERR_REDIRECT] WARNING: Could not lock System prefs. Unix error code 2.
2025-09-01 01:00:56,690 [ERROR] LogOutputStream:75 - [STDERR_REDIRECT] 
2025-09-01 01:00:56,691 [ERROR] LogOutputStream:75 - [STDERR_REDIRECT] Sep 01, 2025 1:00:56 AM java.util.prefs.FileSystemPreferences syncWorld
2025-09-01 01:00:56,691 [ERROR] LogOutputStream:75 - [STDERR_REDIRECT] WARNING: Couldn't flush system prefs: java.util.prefs.BackingStoreException: Couldn't get file lock.
2025-09-01 01:00:56,691 [ERROR] LogOutputStream:75 - [STDERR_REDIRECT] 
2025-09-01 01:01:26,690 [ERROR] LogOutputStream:75 - [STDERR_REDIRECT] Sep 01, 2025 1:01:26 AM java.util.prefs.FileSystemPreferences checkLockFile0ErrorCode
2025-09-01 01:01:26,691 [ERROR] LogOutputStream:75 - [STDERR_REDIRECT] WARNING: Could not lock System prefs. Unix error code 2.
2025-09-01 01:01:26,691 [ERROR] LogOutputStream:75 - [STDERR_REDIRECT] 
2025-09-01 01:01:26,692 [ERROR] LogOutputStream:75 - [STDERR_REDIRECT] Sep 01, 2025 1:01:26 AM java.util.prefs.FileSystemPreferences syncWorld
2025-09-01 01:01:26,692 [ERROR] LogOutputStream:75 - [STDERR_REDIRECT] WARNING: Couldn't flush system prefs: java.util.prefs.BackingStoreException: Couldn't get file lock.
2025-09-01 01:01:26,692 [ERROR] LogOutputStream:75 - [STDERR_REDIRECT] 
2025-09-01 01:01:56,690 [ERROR] LogOutputStream:75 - [STDERR_REDIRECT] Sep 01, 2025 1:01:56 AM java.util.prefs.FileSystemPreferences checkLockFile0ErrorCode
2025-09-01 01:01:56,690 [ERROR] LogOutputStream:75 - [STDERR_REDIRECT] WARNING: Could not lock System prefs. Unix error code 2.
2025-09-01 01:01:56,691 [ERROR] LogOutputStream:75 - [STDERR_REDIRECT] 
2025-09-01 01:01:56,691 [ERROR] LogOutputStream:75 - [STDERR_REDIRECT] Sep 01, 2025 1:01:56 AM java.util.prefs.FileSystemPreferences syncWorld
2025-09-01 01:01:56,691 [ERROR] LogOutputStream:75 - [STDERR_REDIRECT] WARNING: Couldn't flush system prefs: java.util.prefs.BackingStoreException: Couldn't get file lock.
2025-09-01 01:01:56,692 [ERROR] LogOutputStream:75 - [STDERR_REDIRECT] 
2025-09-01 01:02:26,689 [ERROR] LogOutputStream:75 - [STDERR_REDIRECT] Sep 01, 2025 1:02:26 AM java.util.prefs.FileSystemPreferences checkLockFile0ErrorCode
2025-09-01 01:02:26,690 [ERROR] LogOutputStream:75 - [STDERR_REDIRECT] WARNING: Could not lock System prefs. Unix error code 2.
2025-09-01 01:02:26,690 [ERROR] LogOutputStream:75 - [STDERR_REDIRECT] 
2025-09-01 01:02:26,691 [ERROR] LogOutputStream:75 - [STDERR_REDIRECT] Sep 01, 2025 1:02:26 AM java.util.prefs.FileSystemPreferences syncWorld
2025-09-01 01:02:26,691 [ERROR] LogOutputStream:75 - [STDERR_REDIRECT] WARNING: Couldn't flush system prefs: java.util.prefs.BackingStoreException: Couldn't get file lock.
2025-09-01 01:02:26,691 [ERROR] LogOutputStream:75 - [STDERR_REDIRECT] 
2025-09-01 01:02:56,690 [ERROR] LogOutputStream:75 - [STDERR_REDIRECT] Sep 01, 2025 1:02:56 AM java.util.prefs.FileSystemPreferences checkLockFile0ErrorCode
2025-09-01 01:02:56,691 [ERROR] LogOutputStream:75 - [STDERR_REDIRECT] WARNING: Could not lock System prefs. Unix error code 2.
2025-09-01 01:02:56,691 [ERROR] LogOutputStream:75 - [STDERR_REDIRECT] 
2025-09-01 01:02:56,692 [ERROR] LogOutputStream:75 - [STDERR_REDIRECT] Sep 01, 2025 1:02:56 AM java.util.prefs.FileSystemPreferences syncWorld
2025-09-01 01:02:56,692 [ERROR] LogOutputStream:75 - [STDERR_REDIRECT] WARNING: Couldn't flush system prefs: java.util.prefs.BackingStoreException: Couldn't get file lock.
2025-09-01 01:02:56,692 [ERROR] LogOutputStream:75 - [STDERR_REDIRECT] 
2025-09-01 01:03:26,691 [ERROR] LogOutputStream:75 - [STDERR_REDIRECT] Sep 01, 2025 1:03:26 AM java.util.prefs.FileSystemPreferences checkLockFile0ErrorCode
2025-09-01 01:03:26,692 [ERROR] LogOutputStream:75 - [STDERR_REDIRECT] WARNING: Could not lock System prefs. Unix error code 2.
2025-09-01 01:03:26,692 [ERROR] LogOutputStream:75 - [STDERR_REDIRECT] 
2025-09-01 01:03:26,693 [ERROR] LogOutputStream:75 - [STDERR_REDIRECT] Sep 01, 2025 1:03:26 AM java.util.prefs.FileSystemPreferences syncWorld
2025-09-01 01:03:26,693 [ERROR] LogOutputStream:75 - [STDERR_REDIRECT] WARNING: Couldn't flush system prefs: java.util.prefs.BackingStoreException: Couldn't get file lock.
2025-09-01 01:03:26,693 [ERROR] LogOutputStream:75 - [STDERR_REDIRECT] 
2025-09-01 01:03:56,691 [ERROR] LogOutputStream:75 - [STDERR_REDIRECT] Sep 01, 2025 1:03:56 AM java.util.prefs.FileSystemPreferences checkLockFile0ErrorCode
2025-09-01 01:03:56,691 [ERROR] LogOutputStream:75 - [STDERR_REDIRECT] WARNING: Could not lock System prefs. Unix error code 2.
2025-09-01 01:03:56,692 [ERROR] LogOutputStream:75 - [STDERR_REDIRECT] 
2025-09-01 01:03:56,692 [ERROR] LogOutputStream:75 - [STDERR_REDIRECT] Sep 01, 2025 1:03:56 AM java.util.prefs.FileSystemPreferences syncWorld
2025-09-01 01:03:56,692 [ERROR] LogOutputStream:75 - [STDERR_REDIRECT] WARNING: Couldn't flush system prefs: java.util.prefs.BackingStoreException: Couldn't get file lock.
2025-09-01 01:03:56,693 [ERROR] LogOutputStream:75 - [STDERR_REDIRECT] 
2025-09-01 01:04:26,690 [ERROR] LogOutputStream:75 - [STDERR_REDIRECT] Sep 01, 2025 1:04:26 AM java.util.prefs.FileSystemPreferences checkLockFile0ErrorCode
2025-09-01 01:04:26,691 [ERROR] LogOutputStream:75 - [STDERR_REDIRECT] WARNING: Could not lock System prefs. Unix error code 2.
2025-09-01 01:04:26,691 [ERROR] LogOutputStream:75 - [STDERR_REDIRECT] 
2025-09-01 01:04:26,692 [ERROR] LogOutputStream:75 - [STDERR_REDIRECT] Sep 01, 2025 1:04:26 AM java.util.prefs.FileSystemPreferences syncWorld
2025-09-01 01:04:26,692 [ERROR] LogOutputStream:75 - [STDERR_REDIRECT] WARNING: Couldn't flush system prefs: java.util.prefs.BackingStoreException: Couldn't get file lock.
2025-09-01 01:04:26,693 [ERROR] LogOutputStream:75 - [STDERR_REDIRECT] 
2025-09-01 01:04:46,617 [ERROR] LogOutputStream:75 - [STDERR_REDIRECT] 
2025-09-01 01:04:46,618 [ERROR] LogOutputStream:75 - [STDERR_REDIRECT] 
