../Core/Src/main.c:82:5:main	8	static
../Core/Src/main.c:160:6:SystemClock_Config	88	static
../Core/Src/main.c:207:13:MX_ADC1_Init	24	static
../Core/Src/main.c:259:13:MX_TIM1_Init	56	static
../Core/Src/main.c:312:13:MX_UART4_Init	8	static
../Core/Src/main.c:345:13:MX_UART5_Init	8	static
../Core/Src/main.c:378:13:MX_USART1_UART_Init	8	static
../Core/Src/main.c:411:13:MX_USART3_UART_Init	8	static
../Core/Src/main.c:444:13:MX_GPIO_Init	48	static
../Core/Src/main.c:519:6:Error_Handler	4	static,ignoring_inline_asm
