../Core/Src/main.c:82:5:main	8	static
../Core/Src/main.c:158:6:SystemClock_Config	88	static
../Core/Src/main.c:205:13:MX_ADC1_Init	24	static
../Core/Src/main.c:257:13:MX_TIM1_Init	56	static
../Core/Src/main.c:310:13:MX_UART4_Init	8	static
../Core/Src/main.c:343:13:MX_UART5_Init	8	static
../Core/Src/main.c:376:13:MX_USART1_UART_Init	8	static
../Core/Src/main.c:409:13:MX_USART3_UART_Init	8	static
../Core/Src/main.c:442:13:MX_GPIO_Init	48	static
../Core/Src/main.c:517:6:Error_Handler	4	static,ignoring_inline_asm
