Archive member included to satisfy reference by file (symbol)

/opt/st/stm32cubeide_1.16.0/plugins/com.st.stm32cube.ide.mcu.externaltools.gnu-tools-for-stm32.12.3.rel1.linux64_1.0.200.202406132123/tools/bin/../lib/gcc/arm-none-eabi/12.3.1/../../../../arm-none-eabi/lib/thumb/v7e-m+fp/hard/libc_nano.a(libc_a-exit.o)
                              /opt/st/stm32cubeide_1.16.0/plugins/com.st.stm32cube.ide.mcu.externaltools.gnu-tools-for-stm32.12.3.rel1.linux64_1.0.200.202406132123/tools/bin/../lib/gcc/arm-none-eabi/12.3.1/../../../../arm-none-eabi/lib/thumb/v7e-m+fp/hard/crt0.o (exit)
/opt/st/stm32cubeide_1.16.0/plugins/com.st.stm32cube.ide.mcu.externaltools.gnu-tools-for-stm32.12.3.rel1.linux64_1.0.200.202406132123/tools/bin/../lib/gcc/arm-none-eabi/12.3.1/../../../../arm-none-eabi/lib/thumb/v7e-m+fp/hard/libc_nano.a(libc_a-findfp.o)
                              /opt/st/stm32cubeide_1.16.0/plugins/com.st.stm32cube.ide.mcu.externaltools.gnu-tools-for-stm32.12.3.rel1.linux64_1.0.200.202406132123/tools/bin/../lib/gcc/arm-none-eabi/12.3.1/../../../../arm-none-eabi/lib/thumb/v7e-m+fp/hard/libc_nano.a(libc_a-exit.o) (__stdio_exit_handler)
/opt/st/stm32cubeide_1.16.0/plugins/com.st.stm32cube.ide.mcu.externaltools.gnu-tools-for-stm32.12.3.rel1.linux64_1.0.200.202406132123/tools/bin/../lib/gcc/arm-none-eabi/12.3.1/../../../../arm-none-eabi/lib/thumb/v7e-m+fp/hard/libc_nano.a(libc_a-fwalk.o)
                              /opt/st/stm32cubeide_1.16.0/plugins/com.st.stm32cube.ide.mcu.externaltools.gnu-tools-for-stm32.12.3.rel1.linux64_1.0.200.202406132123/tools/bin/../lib/gcc/arm-none-eabi/12.3.1/../../../../arm-none-eabi/lib/thumb/v7e-m+fp/hard/libc_nano.a(libc_a-findfp.o) (_fwalk_sglue)
/opt/st/stm32cubeide_1.16.0/plugins/com.st.stm32cube.ide.mcu.externaltools.gnu-tools-for-stm32.12.3.rel1.linux64_1.0.200.202406132123/tools/bin/../lib/gcc/arm-none-eabi/12.3.1/../../../../arm-none-eabi/lib/thumb/v7e-m+fp/hard/libc_nano.a(libc_a-stdio.o)
                              /opt/st/stm32cubeide_1.16.0/plugins/com.st.stm32cube.ide.mcu.externaltools.gnu-tools-for-stm32.12.3.rel1.linux64_1.0.200.202406132123/tools/bin/../lib/gcc/arm-none-eabi/12.3.1/../../../../arm-none-eabi/lib/thumb/v7e-m+fp/hard/libc_nano.a(libc_a-findfp.o) (__sread)
/opt/st/stm32cubeide_1.16.0/plugins/com.st.stm32cube.ide.mcu.externaltools.gnu-tools-for-stm32.12.3.rel1.linux64_1.0.200.202406132123/tools/bin/../lib/gcc/arm-none-eabi/12.3.1/../../../../arm-none-eabi/lib/thumb/v7e-m+fp/hard/libc_nano.a(libc_a-memset.o)
                              /opt/st/stm32cubeide_1.16.0/plugins/com.st.stm32cube.ide.mcu.externaltools.gnu-tools-for-stm32.12.3.rel1.linux64_1.0.200.202406132123/tools/bin/../lib/gcc/arm-none-eabi/12.3.1/../../../../arm-none-eabi/lib/thumb/v7e-m+fp/hard/crt0.o (memset)
/opt/st/stm32cubeide_1.16.0/plugins/com.st.stm32cube.ide.mcu.externaltools.gnu-tools-for-stm32.12.3.rel1.linux64_1.0.200.202406132123/tools/bin/../lib/gcc/arm-none-eabi/12.3.1/../../../../arm-none-eabi/lib/thumb/v7e-m+fp/hard/libc_nano.a(libc_a-closer.o)
                              /opt/st/stm32cubeide_1.16.0/plugins/com.st.stm32cube.ide.mcu.externaltools.gnu-tools-for-stm32.12.3.rel1.linux64_1.0.200.202406132123/tools/bin/../lib/gcc/arm-none-eabi/12.3.1/../../../../arm-none-eabi/lib/thumb/v7e-m+fp/hard/libc_nano.a(libc_a-stdio.o) (_close_r)
/opt/st/stm32cubeide_1.16.0/plugins/com.st.stm32cube.ide.mcu.externaltools.gnu-tools-for-stm32.12.3.rel1.linux64_1.0.200.202406132123/tools/bin/../lib/gcc/arm-none-eabi/12.3.1/../../../../arm-none-eabi/lib/thumb/v7e-m+fp/hard/libc_nano.a(libc_a-reent.o)
                              /opt/st/stm32cubeide_1.16.0/plugins/com.st.stm32cube.ide.mcu.externaltools.gnu-tools-for-stm32.12.3.rel1.linux64_1.0.200.202406132123/tools/bin/../lib/gcc/arm-none-eabi/12.3.1/../../../../arm-none-eabi/lib/thumb/v7e-m+fp/hard/libc_nano.a(libc_a-closer.o) (errno)
/opt/st/stm32cubeide_1.16.0/plugins/com.st.stm32cube.ide.mcu.externaltools.gnu-tools-for-stm32.12.3.rel1.linux64_1.0.200.202406132123/tools/bin/../lib/gcc/arm-none-eabi/12.3.1/../../../../arm-none-eabi/lib/thumb/v7e-m+fp/hard/libc_nano.a(libc_a-impure.o)
                              /opt/st/stm32cubeide_1.16.0/plugins/com.st.stm32cube.ide.mcu.externaltools.gnu-tools-for-stm32.12.3.rel1.linux64_1.0.200.202406132123/tools/bin/../lib/gcc/arm-none-eabi/12.3.1/../../../../arm-none-eabi/lib/thumb/v7e-m+fp/hard/libc_nano.a(libc_a-reent.o) (_impure_ptr)
/opt/st/stm32cubeide_1.16.0/plugins/com.st.stm32cube.ide.mcu.externaltools.gnu-tools-for-stm32.12.3.rel1.linux64_1.0.200.202406132123/tools/bin/../lib/gcc/arm-none-eabi/12.3.1/../../../../arm-none-eabi/lib/thumb/v7e-m+fp/hard/libc_nano.a(libc_a-lseekr.o)
                              /opt/st/stm32cubeide_1.16.0/plugins/com.st.stm32cube.ide.mcu.externaltools.gnu-tools-for-stm32.12.3.rel1.linux64_1.0.200.202406132123/tools/bin/../lib/gcc/arm-none-eabi/12.3.1/../../../../arm-none-eabi/lib/thumb/v7e-m+fp/hard/libc_nano.a(libc_a-stdio.o) (_lseek_r)
[...]
Memory Configuration

Name             Origin             Length             Attributes
RAM              0x20000000         0x00020000         xrw
FLASH            0x08000000         0x00080000         xr
*default*        0x00000000         0xffffffff

Linker script and memory map

LOAD /opt/st/stm32cubeide_1.16.0/plugins/com.st.stm32cube.ide.mcu.externaltools.gnu-tools-for-stm32.12.3.rel1.linux64_1.0.200.202406132123/tools/bin/../lib/gcc/arm-none-eabi/12.3.1/thumb/v7e-m+fp/hard/crti.o
LOAD /opt/st/stm32cubeide_1.16.0/plugins/com.st.stm32cube.ide.mcu.externaltools.gnu-tools-for-stm32.12.3.rel1.linux64_1.0.200.202406132123/tools/bin/../lib/gcc/arm-none-eabi/12.3.1/thumb/v7e-m+fp/hard/crtbegin.o
LOAD /opt/st/stm32cubeide_1.16.0/plugins/com.st.stm32cube.ide.mcu.externaltools.gnu-tools-for-stm32.12.3.rel1.linux64_1.0.200.202406132123/tools/bin/../lib/gcc/arm-none-eabi/12.3.1/../../../../arm-none-eabi/lib/thumb/v7e-m+fp/hard/crt0.o
LOAD ./Core/Src/ACT.o
LOAD ./Core/Src/COM.o
LOAD ./Core/Src/POLL.o
LOAD ./Core/Src/TF02.o
LOAD ./Core/Src/WRAPPER.o
LOAD ./Core/Src/main.o
LOAD ./Core/Src/stm32f4xx_hal_msp.o
LOAD ./Core/Src/stm32f4xx_it.o
LOAD ./Core/Src/syscalls.o
LOAD ./Core/Src/sysmem.o
LOAD ./Core/Src/system_stm32f4xx.o
LOAD ./Core/Startup/startup_stm32f446retx.o
LOAD ./Drivers/STM32F4xx_HAL_Driver/Src/stm32f4xx_hal.o
LOAD ./Drivers/STM32F4xx_HAL_Driver/Src/stm32f4xx_hal_adc.o
LOAD ./Drivers/STM32F4xx_HAL_Driver/Src/stm32f4xx_hal_adc_ex.o
LOAD ./Drivers/STM32F4xx_HAL_Driver/Src/stm32f4xx_hal_cortex.o
LOAD ./Drivers/STM32F4xx_HAL_Driver/Src/stm32f4xx_hal_dma.o
LOAD ./Drivers/STM32F4xx_HAL_Driver/Src/stm32f4xx_hal_dma_ex.o
LOAD ./Drivers/STM32F4xx_HAL_Driver/Src/stm32f4xx_hal_exti.o
LOAD ./Drivers/STM32F4xx_HAL_Driver/Src/stm32f4xx_hal_flash.o
LOAD ./Drivers/STM32F4xx_HAL_Driver/Src/stm32f4xx_hal_flash_ex.o
LOAD ./Drivers/STM32F4xx_HAL_Driver/Src/stm32f4xx_hal_flash_ramfunc.o
LOAD ./Drivers/STM32F4xx_HAL_Driver/Src/stm32f4xx_hal_gpio.o
LOAD ./Drivers/STM32F4xx_HAL_Driver/Src/stm32f4xx_hal_pcd.o
LOAD ./Drivers/STM32F4xx_HAL_Driver/Src/stm32f4xx_hal_pcd_ex.o
LOAD ./Drivers/STM32F4xx_HAL_Driver/Src/stm32f4xx_hal_pwr.o
LOAD ./Drivers/STM32F4xx_HAL_Driver/Src/stm32f4xx_hal_pwr_ex.o
LOAD ./Drivers/STM32F4xx_HAL_Driver/Src/stm32f4xx_hal_rcc.o
LOAD ./Drivers/STM32F4xx_HAL_Driver/Src/stm32f4xx_hal_rcc_ex.o
LOAD ./Drivers/STM32F4xx_HAL_Driver/Src/stm32f4xx_hal_tim.o
LOAD ./Drivers/STM32F4xx_HAL_Driver/Src/stm32f4xx_hal_tim_ex.o
LOAD ./Drivers/STM32F4xx_HAL_Driver/Src/stm32f4xx_hal_uart.o
LOAD ./Drivers/STM32F4xx_HAL_Driver/Src/stm32f4xx_ll_adc.o
LOAD ./Drivers/STM32F4xx_HAL_Driver/Src/stm32f4xx_ll_usb.o
LOAD ./Middlewares/ST/STM32_USB_Device_Library/Class/CDC/Src/usbd_cdc.o
LOAD ./Middlewares/ST/STM32_USB_Device_Library/Core/Src/usbd_core.o
LOAD ./Middlewares/ST/STM32_USB_Device_Library/Core/Src/usbd_ctlreq.o
LOAD ./Middlewares/ST/STM32_USB_Device_Library/Core/Src/usbd_ioreq.o
LOAD ./USB_DEVICE/App/usb_device.o
LOAD ./USB_DEVICE/App/usbd_cdc_if.o
LOAD ./USB_DEVICE/App/usbd_desc.o
LOAD ./USB_DEVICE/Target/usbd_conf.o
START GROUP
LOAD /opt/st/stm32cubeide_1.16.0/plugins/com.st.stm32cube.ide.mcu.externaltools.gnu-tools-for-stm32.12.3.rel1.linux64_1.0.200.202406132123/tools/bin/../lib/gcc/arm-none-eabi/12.3.1/../../../../arm-none-eabi/lib/thumb/v7e-m+fp/hard/libc_nano.a
LOAD /opt/st/stm32cubeide_1.16.0/plugins/com.st.stm32cube.ide.mcu.externaltools.gnu-tools-for-stm32.12.3.rel1.linux64_1.0.200.202406132123/tools/bin/../lib/gcc/arm-none-eabi/12.3.1/../../../../arm-none-eabi/lib/thumb/v7e-m+fp/hard/libm.a
END GROUP
START GROUP
LOAD /opt/st/stm32cubeide_1.16.0/plugins/com.st.stm32cube.ide.mcu.externaltools.gnu-tools-for-stm32.12.3.rel1.linux64_1.0.200.202406132123/tools/bin/../lib/gcc/arm-none-eabi/12.3.1/thumb/v7e-m+fp/hard/libgcc.a
LOAD /opt/st/stm32cubeide_1.16.0/plugins/com.st.stm32cube.ide.mcu.externaltools.gnu-tools-for-stm32.12.3.rel1.linux64_1.0.200.202406132123/tools/bin/../lib/gcc/arm-none-eabi/12.3.1/../../../../arm-none-eabi/lib/thumb/v7e-m+fp/hard/libc_nano.a
END GROUP
START GROUP
LOAD /opt/st/stm32cubeide_1.16.0/plugins/com.st.stm32cube.ide.mcu.externaltools.gnu-tools-for-stm32.12.3.rel1.linux64_1.0.200.202406132123/tools/bin/../lib/gcc/arm-none-eabi/12.3.1/thumb/v7e-m+fp/hard/libgcc.a
LOAD /opt/st/stm32cubeide_1.16.0/plugins/com.st.stm32cube.ide.mcu.externaltools.gnu-tools-for-stm32.12.3.rel1.linux64_1.0.200.202406132123/tools/bin/../lib/gcc/arm-none-eabi/12.3.1/../../../../arm-none-eabi/lib/thumb/v7e-m+fp/hard/libc_nano.a
LOAD /opt/st/stm32cubeide_1.16.0/plugins/com.st.stm32cube.ide.mcu.externaltools.gnu-tools-for-stm32.12.3.rel1.linux64_1.0.200.202406132123/tools/bin/../lib/gcc/arm-none-eabi/12.3.1/../../../../arm-none-eabi/lib/thumb/v7e-m+fp/hard/libnosys.a
END GROUP
START GROUP
LOAD /opt/st/stm32cubeide_1.16.0/plugins/com.st.stm32cube.ide.mcu.externaltools.gnu-tools-for-stm32.12.3.rel1.linux64_1.0.200.202406132123/tools/bin/../lib/gcc/arm-none-eabi/12.3.1/thumb/v7e-m+fp/hard/libgcc.a
LOAD /opt/st/stm32cubeide_1.16.0/plugins/com.st.stm32cube.ide.mcu.externaltools.gnu-tools-for-stm32.12.3.rel1.linux64_1.0.200.202406132123/tools/bin/../lib/gcc/arm-none-eabi/12.3.1/../../../../arm-none-eabi/lib/thumb/v7e-m+fp/hard/libc_nano.a
LOAD /opt/st/stm32cubeide_1.16.0/plugins/com.st.stm32cube.ide.mcu.externaltools.gnu-tools-for-stm32.12.3.rel1.linux64_1.0.200.202406132123/tools/bin/../lib/gcc/arm-none-eabi/12.3.1/../../../../arm-none-eabi/lib/thumb/v7e-m+fp/hard/libnosys.a
END GROUP
LOAD /opt/st/stm32cubeide_1.16.0/plugins/com.st.stm32cube.ide.mcu.externaltools.gnu-tools-for-stm32.12.3.rel1.linux64_1.0.200.202406132123/tools/bin/../lib/gcc/arm-none-eabi/12.3.1/thumb/v7e-m+fp/hard/crtend.o
LOAD /opt/st/stm32cubeide_1.16.0/plugins/com.st.stm32cube.ide.mcu.externaltools.gnu-tools-for-stm32.12.3.rel1.linux64_1.0.200.202406132123/tools/bin/../lib/gcc/arm-none-eabi/12.3.1/thumb/v7e-m+fp/hard/crtn.o
                0x20020000                        _estack = (ORIGIN (RAM) + LENGTH (RAM))
                0x00000200                        _Min_Heap_Size = 0x200
                0x00000400                        _Min_Stack_Size = 0x400

.isr_vector     0x08000000      0x1c4
                0x08000000                        . = ALIGN (0x4)
 *(.isr_vector)
 .isr_vector    0x08000000      0x1c4 ./Core/Startup/startup_stm32f446retx.o
                0x08000000                g_pfnVectors
                0x080001c4                        . = ALIGN (0x4)

.text           0x080001c4     0x9b54
                0x080001c4                        . = ALIGN (0x4)
 *(.text)
 .text          0x080001c4       0x40 /opt/st/stm32cubeide_1.16.0/plugins/com.st.stm32cube.ide.mcu.externaltools.gnu-tools-for-stm32.12.3.rel1.linux64_1.0.200.202406132123/tools/bin/../lib/gcc/arm-none-eabi/12.3.1/thumb/v7e-m+fp/hard/crtbegin.o
 .text          0x08000204       0x30 /opt/st/stm32cubeide_1.16.0/plugins/com.st.stm32cube.ide.mcu.externaltools.gnu-tools-for-stm32.12.3.rel1.linux64_1.0.200.202406132123/tools/bin/../lib/gcc/arm-none-eabi/12.3.1/thumb/v7e-m+fp/hard/libgcc.a(_aeabi_uldivmod.o)
                0x08000204                __aeabi_uldivmod
 .text          0x08000234      0x2bc /opt/st/stm32cubeide_1.16.0/plugins/com.st.stm32cube.ide.mcu.externaltools.gnu-tools-for-stm32.12.3.rel1.linux64_1.0.200.202406132123/tools/bin/../lib/gcc/arm-none-eabi/12.3.1/thumb/v7e-m+fp/hard/libgcc.a(_udivmoddi4.o)
                0x08000234                __udivmoddi4
 .text          0x080004f0        0x4 /opt/st/stm32cubeide_1.16.0/plugins/com.st.stm32cube.ide.mcu.externaltools.gnu-tools-for-stm32.12.3.rel1.linux64_1.0.200.202406132123/tools/bin/../lib/gcc/arm-none-eabi/12.3.1/thumb/v7e-m+fp/hard/libgcc.a(_dvmd_tls.o)
                0x080004f0                __aeabi_ldiv0
                0x080004f0                __aeabi_idiv0
 *(.text*)
 .text.Lever_Lock
                0x080004f4       0x40 ./Core/Src/ACT.o
                0x080004f4                Lever_Lock
 .text.Alarm_ON
                0x08000534       0x40 ./Core/Src/ACT.o
                0x08000534                Alarm_ON
 .text.Transmit_Msg
                0x08000574       0x6c ./Core/Src/COM.o
                0x08000574                Transmit_Msg
 .text.Receive_Msg
                0x080005e0       0x4c ./Core/Src/COM.o
                0x080005e0                Receive_Msg
 .text.Boom1_Status
                0x0800062c       0xb4 ./Core/Src/POLL.o
                0x0800062c                Boom1_Status
 .text.Boom2_Status
                0x080006e0       0xb8 ./Core/Src/POLL.o
                0x080006e0                Boom2_Status
 .text.UP_Train_Status
                0x08000798      0x140 ./Core/Src/POLL.o
                0x08000798                UP_Train_Status
 .text.DOWN_Train_Status
                0x080008d8      0x140 ./Core/Src/POLL.o
                0x080008d8                DOWN_Train_Status
 .text.TF02_Get_Dist
                0x08000a18       0x54 ./Core/Src/TF02.o
                0x08000a18                TF02_Get_Dist
 .text.Start_Polling
                0x08000a6c       0x18 ./Core/Src/WRAPPER.o
                0x08000a6c                Start_Polling
 .text.Send_If_Change
                0x08000a84       0x74 ./Core/Src/WRAPPER.o
                0x08000a84                Send_If_Change
 .text.Receive_Handler
                0x08000af8       0x14 ./Core/Src/WRAPPER.o
                0x08000af8                Receive_Handler
 .text.main     0x08000b0c       0x48 ./Core/Src/main.o
                0x08000b0c                main
 .text.SystemClock_Config
                0x08000b54       0xd8 ./Core/Src/main.o
                0x08000b54                SystemClock_Config
 .text.MX_ADC1_Init
                0x08000c2c       0xa4 ./Core/Src/main.o
 .text.MX_TIM1_Init
                0x08000cd0       0xd0 ./Core/Src/main.o
 .text.MX_UART4_Init
                0x08000da0       0x54 ./Core/Src/main.o
 .text.MX_USART1_UART_Init
                0x08000df4       0x54 ./Core/Src/main.o
 .text.MX_USART2_UART_Init
                0x08000e48       0x54 ./Core/Src/main.o
 .text.MX_USART3_UART_Init
                0x08000e9c       0x54 ./Core/Src/main.o
 .text.MX_GPIO_Init
                0x08000ef0      0x178 ./Core/Src/main.o
 .text.Error_Handler
                0x08001068        0xc ./Core/Src/main.o
                0x08001068                Error_Handler
 .text.HAL_MspInit
                0x08001074       0x50 ./Core/Src/stm32f4xx_hal_msp.o
                0x08001074                HAL_MspInit
 .text.HAL_ADC_MspInit
                0x080010c4       0x88 ./Core/Src/stm32f4xx_hal_msp.o
                0x080010c4                HAL_ADC_MspInit
 .text.HAL_TIM_Base_MspInit
                0x0800114c       0x50 ./Core/Src/stm32f4xx_hal_msp.o
                0x0800114c                HAL_TIM_Base_MspInit
 .text.HAL_UART_MspInit
                0x0800119c      0x210 ./Core/Src/stm32f4xx_hal_msp.o
                0x0800119c                HAL_UART_MspInit
 .text.NMI_Handler
                0x080013ac        0x8 ./Core/Src/stm32f4xx_it.o
                0x080013ac                NMI_Handler
 .text.HardFault_Handler
                0x080013b4        0x8 ./Core/Src/stm32f4xx_it.o
                0x080013b4                HardFault_Handler
 .text.MemManage_Handler
                0x080013bc        0x8 ./Core/Src/stm32f4xx_it.o
                0x080013bc                MemManage_Handler
 .text.BusFault_Handler
                0x080013c4        0x8 ./Core/Src/stm32f4xx_it.o
                0x080013c4                BusFault_Handler
 .text.UsageFault_Handler
                0x080013cc        0x8 ./Core/Src/stm32f4xx_it.o
                0x080013cc                UsageFault_Handler
 .text.SVC_Handler
                0x080013d4        0xe ./Core/Src/stm32f4xx_it.o
                0x080013d4                SVC_Handler
 .text.DebugMon_Handler
                0x080013e2        0xe ./Core/Src/stm32f4xx_it.o
                0x080013e2                DebugMon_Handler
 .text.PendSV_Handler
                0x080013f0        0xe ./Core/Src/stm32f4xx_it.o
                0x080013f0                PendSV_Handler
 .text.SysTick_Handler
                0x080013fe        0xc ./Core/Src/stm32f4xx_it.o
                0x080013fe                SysTick_Handler
 *fill*         0x0800140a        0x2 
 .text.TIM1_UP_TIM10_IRQHandler
                0x0800140c       0x18 ./Core/Src/stm32f4xx_it.o
                0x0800140c                TIM1_UP_TIM10_IRQHandler
 .text.OTG_FS_IRQHandler
                0x08001424       0x14 ./Core/Src/stm32f4xx_it.o
                0x08001424                OTG_FS_IRQHandler
 .text.SystemInit
                0x08001438       0x24 ./Core/Src/system_stm32f4xx.o
                0x08001438                SystemInit
 .text.Reset_Handler
                0x0800145c       0x50 ./Core/Startup/startup_stm32f446retx.o
                0x0800145c                Reset_Handler
 .text.Default_Handler
                0x080014ac        0x2 ./Core/Startup/startup_stm32f446retx.o
                0x080014ac                RTC_Alarm_IRQHandler
                0x080014ac                EXTI2_IRQHandler
                0x080014ac                TIM8_CC_IRQHandler
                0x080014ac                FMPI2C1_EV_IRQHandler
                0x080014ac                SPI4_IRQHandler
                0x080014ac                TIM1_CC_IRQHandler
                0x080014ac                DMA2_Stream5_IRQHandler
                0x080014ac                DMA1_Stream5_IRQHandler
                0x080014ac                PVD_IRQHandler
                0x080014ac                SDIO_IRQHandler
                0x080014ac                TAMP_STAMP_IRQHandler
                0x080014ac                CAN2_RX1_IRQHandler
                0x080014ac                EXTI3_IRQHandler
                0x080014ac                TIM8_TRG_COM_TIM14_IRQHandler
                0x080014ac                TIM8_UP_TIM13_IRQHandler
                0x080014ac                I2C3_ER_IRQHandler
                0x080014ac                EXTI0_IRQHandler
                0x080014ac                I2C2_EV_IRQHandler
                0x080014ac                DMA1_Stream2_IRQHandler
                0x080014ac                CAN1_RX0_IRQHandler
                0x080014ac                FPU_IRQHandler
                0x080014ac                OTG_HS_WKUP_IRQHandler
                0x080014ac                CAN2_SCE_IRQHandler
                0x080014ac                DMA2_Stream2_IRQHandler
                0x080014ac                SPI1_IRQHandler
                0x080014ac                TIM6_DAC_IRQHandler
                0x080014ac                TIM1_BRK_TIM9_IRQHandler
                0x080014ac                DCMI_IRQHandler
                0x080014ac                CAN2_RX0_IRQHandler
                0x080014ac                DMA2_Stream3_IRQHandler
                0x080014ac                SAI2_IRQHandler
                0x080014ac                USART6_IRQHandler
                0x080014ac                USART3_IRQHandler
                0x080014ac                CAN1_RX1_IRQHandler
                0x080014ac                UART5_IRQHandler
                0x080014ac                DMA2_Stream0_IRQHandler
                0x080014ac                TIM4_IRQHandler
                0x080014ac                QUADSPI_IRQHandler
                0x080014ac                I2C1_EV_IRQHandler
                0x080014ac                DMA1_Stream6_IRQHandler
                0x080014ac                DMA1_Stream1_IRQHandler
                0x080014ac                UART4_IRQHandler
                0x080014ac                TIM3_IRQHandler
                0x080014ac                RCC_IRQHandler
                0x080014ac                TIM8_BRK_TIM12_IRQHandler
                0x080014ac                Default_Handler
                0x080014ac                CEC_IRQHandler
                0x080014ac                EXTI15_10_IRQHandler
                0x080014ac                ADC_IRQHandler
                0x080014ac                DMA1_Stream7_IRQHandler
                0x080014ac                TIM7_IRQHandler
                0x080014ac                CAN2_TX_IRQHandler
                0x080014ac                TIM5_IRQHandler
                0x080014ac                DMA2_Stream7_IRQHandler
                0x080014ac                I2C3_EV_IRQHandler
                0x080014ac                EXTI9_5_IRQHandler
                0x080014ac                RTC_WKUP_IRQHandler
                0x080014ac                SPDIF_RX_IRQHandler
                0x080014ac                SPI2_IRQHandler
                0x080014ac                OTG_HS_EP1_IN_IRQHandler
                0x080014ac                DMA1_Stream0_IRQHandler
                0x080014ac                CAN1_TX_IRQHandler
                0x080014ac                FMPI2C1_ER_IRQHandler
                0x080014ac                EXTI4_IRQHandler
                0x080014ac                OTG_HS_EP1_OUT_IRQHandler
                0x080014ac                WWDG_IRQHandler
                0x080014ac                TIM2_IRQHandler
                0x080014ac                OTG_FS_WKUP_IRQHandler
                0x080014ac                TIM1_TRG_COM_TIM11_IRQHandler
                0x080014ac                OTG_HS_IRQHandler
                0x080014ac                EXTI1_IRQHandler
                0x080014ac                USART2_IRQHandler
                0x080014ac                I2C2_ER_IRQHandler
                0x080014ac                DMA2_Stream1_IRQHandler
                0x080014ac                CAN1_SCE_IRQHandler
                0x080014ac                FLASH_IRQHandler
                0x080014ac                DMA2_Stream4_IRQHandler
                0x080014ac                USART1_IRQHandler
                0x080014ac                SPI3_IRQHandler
                0x080014ac                DMA1_Stream4_IRQHandler
                0x080014ac                I2C1_ER_IRQHandler
                0x080014ac                FMC_IRQHandler
                0x080014ac                DMA2_Stream6_IRQHandler
                0x080014ac                SAI1_IRQHandler
                0x080014ac                DMA1_Stream3_IRQHandler
 *fill*         0x080014ae        0x2 
 .text.HAL_Init
                0x080014b0       0x44 ./Drivers/STM32F4xx_HAL_Driver/Src/stm32f4xx_hal.o
                0x080014b0                HAL_Init
 .text.HAL_InitTick
                0x080014f4       0x60 ./Drivers/STM32F4xx_HAL_Driver/Src/stm32f4xx_hal.o
                0x080014f4                HAL_InitTick
 .text.HAL_IncTick
                0x08001554       0x28 ./Drivers/STM32F4xx_HAL_Driver/Src/stm32f4xx_hal.o
                0x08001554                HAL_IncTick
 .text.HAL_GetTick
                0x0800157c       0x18 ./Drivers/STM32F4xx_HAL_Driver/Src/stm32f4xx_hal.o
                0x0800157c                HAL_GetTick
 .text.HAL_Delay
                0x08001594       0x48 ./Drivers/STM32F4xx_HAL_Driver/Src/stm32f4xx_hal.o
                0x08001594                HAL_Delay
 .text.HAL_ADC_Init
                0x080015dc       0x86 ./Drivers/STM32F4xx_HAL_Driver/Src/stm32f4xx_hal_adc.o
                0x080015dc                HAL_ADC_Init
 *fill*         0x08001662        0x2 
 .text.HAL_ADC_ConfigChannel
                0x08001664      0x264 ./Drivers/STM32F4xx_HAL_Driver/Src/stm32f4xx_hal_adc.o
                0x08001664                HAL_ADC_ConfigChannel
 .text.ADC_Init
                0x080018c8      0x1f8 ./Drivers/STM32F4xx_HAL_Driver/Src/stm32f4xx_hal_adc.o
 .text.__NVIC_SetPriorityGrouping
                0x08001ac0       0x48 ./Drivers/STM32F4xx_HAL_Driver/Src/stm32f4xx_hal_cortex.o
 .text.__NVIC_GetPriorityGrouping
                0x08001b08       0x1c ./Drivers/STM32F4xx_HAL_Driver/Src/stm32f4xx_hal_cortex.o
 .text.__NVIC_EnableIRQ
                0x08001b24       0x3c ./Drivers/STM32F4xx_HAL_Driver/Src/stm32f4xx_hal_cortex.o
 .text.__NVIC_SetPriority
                0x08001b60       0x54 ./Drivers/STM32F4xx_HAL_Driver/Src/stm32f4xx_hal_cortex.o
 .text.NVIC_EncodePriority
                0x08001bb4       0x66 ./Drivers/STM32F4xx_HAL_Driver/Src/stm32f4xx_hal_cortex.o
 *fill*         0x08001c1a        0x2 
 .text.SysTick_Config
                0x08001c1c       0x44 ./Drivers/STM32F4xx_HAL_Driver/Src/stm32f4xx_hal_cortex.o
 .text.HAL_NVIC_SetPriorityGrouping
                0x08001c60       0x16 ./Drivers/STM32F4xx_HAL_Driver/Src/stm32f4xx_hal_cortex.o
                0x08001c60                HAL_NVIC_SetPriorityGrouping
 .text.HAL_NVIC_SetPriority
                0x08001c76       0x38 ./Drivers/STM32F4xx_HAL_Driver/Src/stm32f4xx_hal_cortex.o
                0x08001c76                HAL_NVIC_SetPriority
 .text.HAL_NVIC_EnableIRQ
                0x08001cae       0x1c ./Drivers/STM32F4xx_HAL_Driver/Src/stm32f4xx_hal_cortex.o
                0x08001cae                HAL_NVIC_EnableIRQ
 .text.HAL_SYSTICK_Config
                0x08001cca       0x18 ./Drivers/STM32F4xx_HAL_Driver/Src/stm32f4xx_hal_cortex.o
                0x08001cca                HAL_SYSTICK_Config
 *fill*         0x08001ce2        0x2 
 .text.HAL_GPIO_Init
                0x08001ce4      0x328 ./Drivers/STM32F4xx_HAL_Driver/Src/stm32f4xx_hal_gpio.o
                0x08001ce4                HAL_GPIO_Init
 .text.HAL_GPIO_ReadPin
                0x0800200c       0x30 ./Drivers/STM32F4xx_HAL_Driver/Src/stm32f4xx_hal_gpio.o
                0x0800200c                HAL_GPIO_ReadPin
 .text.HAL_GPIO_WritePin
                0x0800203c       0x32 ./Drivers/STM32F4xx_HAL_Driver/Src/stm32f4xx_hal_gpio.o
                0x0800203c                HAL_GPIO_WritePin
 .text.HAL_PCD_Init
                0x0800206e      0x22c ./Drivers/STM32F4xx_HAL_Driver/Src/stm32f4xx_hal_pcd.o
                0x0800206e                HAL_PCD_Init
 .text.HAL_PCD_Start
                0x0800229a       0x6a ./Drivers/STM32F4xx_HAL_Driver/Src/stm32f4xx_hal_pcd.o
                0x0800229a                HAL_PCD_Start
 .text.HAL_PCD_IRQHandler
                0x08002304      0x99c ./Drivers/STM32F4xx_HAL_Driver/Src/stm32f4xx_hal_pcd.o
                0x08002304                HAL_PCD_IRQHandler
 .text.HAL_PCD_SetAddress
                0x08002ca0       0x48 ./Drivers/STM32F4xx_HAL_Driver/Src/stm32f4xx_hal_pcd.o
                0x08002ca0                HAL_PCD_SetAddress
 .text.HAL_PCD_EP_Open
                0x08002ce8       0xd4 ./Drivers/STM32F4xx_HAL_Driver/Src/stm32f4xx_hal_pcd.o
                0x08002ce8                HAL_PCD_EP_Open
 .text.HAL_PCD_EP_Close
                0x08002dbc       0x94 ./Drivers/STM32F4xx_HAL_Driver/Src/stm32f4xx_hal_pcd.o
                0x08002dbc                HAL_PCD_EP_Close
 .text.HAL_PCD_EP_Receive
                0x08002e50       0x76 ./Drivers/STM32F4xx_HAL_Driver/Src/stm32f4xx_hal_pcd.o
                0x08002e50                HAL_PCD_EP_Receive
 .text.HAL_PCD_EP_GetRxCount
                0x08002ec6       0x30 ./Drivers/STM32F4xx_HAL_Driver/Src/stm32f4xx_hal_pcd.o
                0x08002ec6                HAL_PCD_EP_GetRxCount
 .text.HAL_PCD_EP_Transmit
                0x08002ef6       0x74 ./Drivers/STM32F4xx_HAL_Driver/Src/stm32f4xx_hal_pcd.o
                0x08002ef6                HAL_PCD_EP_Transmit
 .text.HAL_PCD_EP_SetStall
                0x08002f6a       0xc6 ./Drivers/STM32F4xx_HAL_Driver/Src/stm32f4xx_hal_pcd.o
                0x08002f6a                HAL_PCD_EP_SetStall
 .text.HAL_PCD_EP_ClrStall
                0x08003030       0xac ./Drivers/STM32F4xx_HAL_Driver/Src/stm32f4xx_hal_pcd.o
                0x08003030                HAL_PCD_EP_ClrStall
 .text.HAL_PCD_EP_Abort
                0x080030dc       0x62 ./Drivers/STM32F4xx_HAL_Driver/Src/stm32f4xx_hal_pcd.o
                0x080030dc                HAL_PCD_EP_Abort
 .text.PCD_WriteEmptyTxFifo
                0x0800313e      0x118 ./Drivers/STM32F4xx_HAL_Driver/Src/stm32f4xx_hal_pcd.o
 *fill*         0x08003256        0x2 
 .text.PCD_EP_OutXfrComplete_int
                0x08003258      0x1d0 ./Drivers/STM32F4xx_HAL_Driver/Src/stm32f4xx_hal_pcd.o
 .text.PCD_EP_OutSetupPacket_int
                0x08003428       0x8c ./Drivers/STM32F4xx_HAL_Driver/Src/stm32f4xx_hal_pcd.o
 .text.HAL_PCDEx_SetTxFiFo
                0x080034b4       0x8e ./Drivers/STM32F4xx_HAL_Driver/Src/stm32f4xx_hal_pcd_ex.o
                0x080034b4                HAL_PCDEx_SetTxFiFo
 .text.HAL_PCDEx_SetRxFiFo
                0x08003542       0x22 ./Drivers/STM32F4xx_HAL_Driver/Src/stm32f4xx_hal_pcd_ex.o
                0x08003542                HAL_PCDEx_SetRxFiFo
 .text.HAL_PCDEx_ActivateLPM
                0x08003564       0x48 ./Drivers/STM32F4xx_HAL_Driver/Src/stm32f4xx_hal_pcd_ex.o
                0x08003564                HAL_PCDEx_ActivateLPM
 .text.HAL_RCC_ClockConfig
                0x080035ac      0x1cc ./Drivers/STM32F4xx_HAL_Driver/Src/stm32f4xx_hal_rcc.o
                0x080035ac                HAL_RCC_ClockConfig
 .text.HAL_RCC_GetHCLKFreq
                0x08003778       0x18 ./Drivers/STM32F4xx_HAL_Driver/Src/stm32f4xx_hal_rcc.o
                0x08003778                HAL_RCC_GetHCLKFreq
 .text.HAL_RCC_GetPCLK1Freq
                0x08003790       0x28 ./Drivers/STM32F4xx_HAL_Driver/Src/stm32f4xx_hal_rcc.o
                0x08003790                HAL_RCC_GetPCLK1Freq
 .text.HAL_RCC_GetPCLK2Freq
                0x080037b8       0x28 ./Drivers/STM32F4xx_HAL_Driver/Src/stm32f4xx_hal_rcc.o
                0x080037b8                HAL_RCC_GetPCLK2Freq
 .text.HAL_RCCEx_PeriphCLKConfig
                0x080037e0      0x654 ./Drivers/STM32F4xx_HAL_Driver/Src/stm32f4xx_hal_rcc_ex.o
                0x080037e0                HAL_RCCEx_PeriphCLKConfig
 .text.HAL_RCC_GetSysClockFreq
                0x08003e34      0x460 ./Drivers/STM32F4xx_HAL_Driver/Src/stm32f4xx_hal_rcc_ex.o
                0x08003e34                HAL_RCC_GetSysClockFreq
 .text.HAL_RCC_OscConfig
                0x08004294      0x53c ./Drivers/STM32F4xx_HAL_Driver/Src/stm32f4xx_hal_rcc_ex.o
                0x08004294                HAL_RCC_OscConfig
 .text.HAL_TIM_Base_Init
                0x080047d0       0x9e ./Drivers/STM32F4xx_HAL_Driver/Src/stm32f4xx_hal_tim.o
                0x080047d0                HAL_TIM_Base_Init
 *fill*         0x0800486e        0x2 
 .text.HAL_TIM_Base_Start_IT
                0x08004870       0xe0 ./Drivers/STM32F4xx_HAL_Driver/Src/stm32f4xx_hal_tim.o
                0x08004870                HAL_TIM_Base_Start_IT
 .text.HAL_TIM_IRQHandler
                0x08004950      0x1e0 ./Drivers/STM32F4xx_HAL_Driver/Src/stm32f4xx_hal_tim.o
                0x08004950                HAL_TIM_IRQHandler
 .text.HAL_TIM_ConfigClockSource
                0x08004b30      0x18e ./Drivers/STM32F4xx_HAL_Driver/Src/stm32f4xx_hal_tim.o
                0x08004b30                HAL_TIM_ConfigClockSource
 .text.HAL_TIM_SlaveConfigSynchro
                0x08004cbe       0x84 ./Drivers/STM32F4xx_HAL_Driver/Src/stm32f4xx_hal_tim.o
                0x08004cbe                HAL_TIM_SlaveConfigSynchro
 .text.HAL_TIM_PeriodElapsedCallback
                0x08004d42       0x14 ./Drivers/STM32F4xx_HAL_Driver/Src/stm32f4xx_hal_tim.o
                0x08004d42                HAL_TIM_PeriodElapsedCallback
 .text.HAL_TIM_OC_DelayElapsedCallback
                0x08004d56       0x14 ./Drivers/STM32F4xx_HAL_Driver/Src/stm32f4xx_hal_tim.o
                0x08004d56                HAL_TIM_OC_DelayElapsedCallback
 .text.HAL_TIM_IC_CaptureCallback
                0x08004d6a       0x14 ./Drivers/STM32F4xx_HAL_Driver/Src/stm32f4xx_hal_tim.o
                0x08004d6a                HAL_TIM_IC_CaptureCallback
 .text.HAL_TIM_PWM_PulseFinishedCallback
                0x08004d7e       0x14 ./Drivers/STM32F4xx_HAL_Driver/Src/stm32f4xx_hal_tim.o
                0x08004d7e                HAL_TIM_PWM_PulseFinishedCallback
 .text.HAL_TIM_TriggerCallback
                0x08004d92       0x14 ./Drivers/STM32F4xx_HAL_Driver/Src/stm32f4xx_hal_tim.o
                0x08004d92                HAL_TIM_TriggerCallback
 *fill*         0x08004da6        0x2 
 .text.TIM_Base_SetConfig
                0x08004da8      0x14c ./Drivers/STM32F4xx_HAL_Driver/Src/stm32f4xx_hal_tim.o
                0x08004da8                TIM_Base_SetConfig
 .text.TIM_SlaveTimer_SetConfig
                0x08004ef4      0x122 ./Drivers/STM32F4xx_HAL_Driver/Src/stm32f4xx_hal_tim.o
 .text.TIM_TI1_ConfigInputStage
                0x08005016       0x5e ./Drivers/STM32F4xx_HAL_Driver/Src/stm32f4xx_hal_tim.o
 .text.TIM_TI2_ConfigInputStage
                0x08005074       0x60 ./Drivers/STM32F4xx_HAL_Driver/Src/stm32f4xx_hal_tim.o
 .text.TIM_ITRx_SetConfig
                0x080050d4       0x36 ./Drivers/STM32F4xx_HAL_Driver/Src/stm32f4xx_hal_tim.o
 .text.TIM_ETR_SetConfig
                0x0800510a       0x40 ./Drivers/STM32F4xx_HAL_Driver/Src/stm32f4xx_hal_tim.o
                0x0800510a                TIM_ETR_SetConfig
 *fill*         0x0800514a        0x2 
 .text.HAL_TIMEx_MasterConfigSynchronization
                0x0800514c       0xf8 ./Drivers/STM32F4xx_HAL_Driver/Src/stm32f4xx_hal_tim_ex.o
                0x0800514c                HAL_TIMEx_MasterConfigSynchronization
 .text.HAL_TIMEx_CommutCallback
                0x08005244       0x14 ./Drivers/STM32F4xx_HAL_Driver/Src/stm32f4xx_hal_tim_ex.o
                0x08005244                HAL_TIMEx_CommutCallback
 .text.HAL_TIMEx_BreakCallback
                0x08005258       0x14 ./Drivers/STM32F4xx_HAL_Driver/Src/stm32f4xx_hal_tim_ex.o
                0x08005258                HAL_TIMEx_BreakCallback
 .text.HAL_UART_Init
                0x0800526c       0xa0 ./Drivers/STM32F4xx_HAL_Driver/Src/stm32f4xx_hal_uart.o
                0x0800526c                HAL_UART_Init
 .text.HAL_UART_Receive
                0x0800530c      0x12e ./Drivers/STM32F4xx_HAL_Driver/Src/stm32f4xx_hal_uart.o
                0x0800530c                HAL_UART_Receive
 .text.UART_WaitOnFlagUntilTimeout
                0x0800543a       0xb2 ./Drivers/STM32F4xx_HAL_Driver/Src/stm32f4xx_hal_uart.o
 .text.UART_EndRxTransfer
                0x080054ec       0xc6 ./Drivers/STM32F4xx_HAL_Driver/Src/stm32f4xx_hal_uart.o
 *fill*         0x080055b2        0x2 
 .text.UART_SetConfig
                0x080055b4      0x4e8 ./Drivers/STM32F4xx_HAL_Driver/Src/stm32f4xx_hal_uart.o
 .text.USB_CoreInit
                0x08005a9c       0xc8 ./Drivers/STM32F4xx_HAL_Driver/Src/stm32f4xx_ll_usb.o
                0x08005a9c                USB_CoreInit
 .text.USB_SetTurnaroundTime
                0x08005b64      0x144 ./Drivers/STM32F4xx_HAL_Driver/Src/stm32f4xx_ll_usb.o
                0x08005b64                USB_SetTurnaroundTime
 .text.USB_EnableGlobalInt
                0x08005ca8       0x22 ./Drivers/STM32F4xx_HAL_Driver/Src/stm32f4xx_ll_usb.o
                0x08005ca8                USB_EnableGlobalInt
 .text.USB_DisableGlobalInt
                0x08005cca       0x22 ./Drivers/STM32F4xx_HAL_Driver/Src/stm32f4xx_ll_usb.o
                0x08005cca                USB_DisableGlobalInt
 .text.USB_SetCurrentMode
                0x08005cec       0x98 ./Drivers/STM32F4xx_HAL_Driver/Src/stm32f4xx_ll_usb.o
                0x08005cec                USB_SetCurrentMode
 .text.USB_DevInit
                0x08005d84      0x2bc ./Drivers/STM32F4xx_HAL_Driver/Src/stm32f4xx_ll_usb.o
                0x08005d84                USB_DevInit
 .text.USB_FlushTxFifo
                0x08006040       0x64 ./Drivers/STM32F4xx_HAL_Driver/Src/stm32f4xx_ll_usb.o
                0x08006040                USB_FlushTxFifo
 .text.USB_FlushRxFifo
                0x080060a4       0x5c ./Drivers/STM32F4xx_HAL_Driver/Src/stm32f4xx_ll_usb.o
                0x080060a4                USB_FlushRxFifo
 .text.USB_SetDevSpeed
                0x08006100       0x32 ./Drivers/STM32F4xx_HAL_Driver/Src/stm32f4xx_ll_usb.o
                0x08006100                USB_SetDevSpeed
 .text.USB_GetDevSpeed
                0x08006132       0x4a ./Drivers/STM32F4xx_HAL_Driver/Src/stm32f4xx_ll_usb.o
                0x08006132                USB_GetDevSpeed
 .text.USB_ActivateEndpoint
                0x0800617c      0x10e ./Drivers/STM32F4xx_HAL_Driver/Src/stm32f4xx_ll_usb.o
                0x0800617c                USB_ActivateEndpoint
 *fill*         0x0800628a        0x2 
 .text.USB_DeactivateEndpoint
                0x0800628c      0x1b8 ./Drivers/STM32F4xx_HAL_Driver/Src/stm32f4xx_ll_usb.o
                0x0800628c                USB_DeactivateEndpoint
 .text.USB_EPStartXfer
                0x08006444      0x53c ./Drivers/STM32F4xx_HAL_Driver/Src/stm32f4xx_ll_usb.o
                0x08006444                USB_EPStartXfer
 .text.USB_EPStopXfer
                0x08006980      0x154 ./Drivers/STM32F4xx_HAL_Driver/Src/stm32f4xx_ll_usb.o
                0x08006980                USB_EPStopXfer
 .text.USB_WritePacket
                0x08006ad4       0x7c ./Drivers/STM32F4xx_HAL_Driver/Src/stm32f4xx_ll_usb.o
                0x08006ad4                USB_WritePacket
 .text.USB_ReadPacket
                0x08006b50       0xb0 ./Drivers/STM32F4xx_HAL_Driver/Src/stm32f4xx_ll_usb.o
                0x08006b50                USB_ReadPacket
 .text.USB_EPSetStall
                0x08006c00       0xdc ./Drivers/STM32F4xx_HAL_Driver/Src/stm32f4xx_ll_usb.o
                0x08006c00                USB_EPSetStall
 .text.USB_EPClearStall
                0x08006cdc       0xcc ./Drivers/STM32F4xx_HAL_Driver/Src/stm32f4xx_ll_usb.o
                0x08006cdc                USB_EPClearStall
 .text.USB_SetDevAddress
                0x08006da8       0x4c ./Drivers/STM32F4xx_HAL_Driver/Src/stm32f4xx_ll_usb.o
                0x08006da8                USB_SetDevAddress
 .text.USB_DevConnect
                0x08006df4       0x42 ./Drivers/STM32F4xx_HAL_Driver/Src/stm32f4xx_ll_usb.o
                0x08006df4                USB_DevConnect
 .text.USB_DevDisconnect
                0x08006e36       0x42 ./Drivers/STM32F4xx_HAL_Driver/Src/stm32f4xx_ll_usb.o
                0x08006e36                USB_DevDisconnect
 .text.USB_ReadInterrupts
                0x08006e78       0x26 ./Drivers/STM32F4xx_HAL_Driver/Src/stm32f4xx_ll_usb.o
                0x08006e78                USB_ReadInterrupts
 .text.USB_ReadDevAllOutEpInterrupt
                0x08006e9e       0x34 ./Drivers/STM32F4xx_HAL_Driver/Src/stm32f4xx_ll_usb.o
                0x08006e9e                USB_ReadDevAllOutEpInterrupt
 .text.USB_ReadDevAllInEpInterrupt
                0x08006ed2       0x34 ./Drivers/STM32F4xx_HAL_Driver/Src/stm32f4xx_ll_usb.o
                0x08006ed2                USB_ReadDevAllInEpInterrupt
 .text.USB_ReadDevOutEPInterrupt
                0x08006f06       0x3c ./Drivers/STM32F4xx_HAL_Driver/Src/stm32f4xx_ll_usb.o
                0x08006f06                USB_ReadDevOutEPInterrupt
 .text.USB_ReadDevInEPInterrupt
                0x08006f42       0x5c ./Drivers/STM32F4xx_HAL_Driver/Src/stm32f4xx_ll_usb.o
                0x08006f42                USB_ReadDevInEPInterrupt
 .text.USB_GetMode
                0x08006f9e       0x1c ./Drivers/STM32F4xx_HAL_Driver/Src/stm32f4xx_ll_usb.o
                0x08006f9e                USB_GetMode
 .text.USB_ActivateSetup
                0x08006fba       0x46 ./Drivers/STM32F4xx_HAL_Driver/Src/stm32f4xx_ll_usb.o
                0x08006fba                USB_ActivateSetup
 .text.USB_EP0_OutStart
                0x08007000       0xbc ./Drivers/STM32F4xx_HAL_Driver/Src/stm32f4xx_ll_usb.o
                0x08007000                USB_EP0_OutStart
 .text.USB_CoreReset
                0x080070bc       0x70 ./Drivers/STM32F4xx_HAL_Driver/Src/stm32f4xx_ll_usb.o
 .text.USBD_CDC_Init
                0x0800712c      0x1f0 ./Middlewares/ST/STM32_USB_Device_Library/Class/CDC/Src/usbd_cdc.o
 .text.USBD_CDC_DeInit
                0x0800731c      0x104 ./Middlewares/ST/STM32_USB_Device_Library/Class/CDC/Src/usbd_cdc.o
 .text.USBD_CDC_Setup
                0x08007420      0x1b8 ./Middlewares/ST/STM32_USB_Device_Library/Class/CDC/Src/usbd_cdc.o
 .text.USBD_CDC_DataIn
                0x080075d8       0xfe ./Middlewares/ST/STM32_USB_Device_Library/Class/CDC/Src/usbd_cdc.o
 .text.USBD_CDC_DataOut
                0x080076d6       0x70 ./Middlewares/ST/STM32_USB_Device_Library/Class/CDC/Src/usbd_cdc.o
 .text.USBD_CDC_EP0_RxReady
                0x08007746       0x74 ./Middlewares/ST/STM32_USB_Device_Library/Class/CDC/Src/usbd_cdc.o
 *fill*         0x080077ba        0x2 
 .text.USBD_CDC_GetFSCfgDesc
                0x080077bc       0x70 ./Middlewares/ST/STM32_USB_Device_Library/Class/CDC/Src/usbd_cdc.o
 .text.USBD_CDC_GetHSCfgDesc
                0x0800782c       0x70 ./Middlewares/ST/STM32_USB_Device_Library/Class/CDC/Src/usbd_cdc.o
 .text.USBD_CDC_GetOtherSpeedCfgDesc
                0x0800789c       0x70 ./Middlewares/ST/STM32_USB_Device_Library/Class/CDC/Src/usbd_cdc.o
 .text.USBD_CDC_GetDeviceQualifierDescriptor
                0x0800790c       0x20 ./Middlewares/ST/STM32_USB_Device_Library/Class/CDC/Src/usbd_cdc.o
                0x0800790c                USBD_CDC_GetDeviceQualifierDescriptor
 .text.USBD_CDC_RegisterInterface
                0x0800792c       0x34 ./Middlewares/ST/STM32_USB_Device_Library/Class/CDC/Src/usbd_cdc.o
                0x0800792c                USBD_CDC_RegisterInterface
 .text.USBD_CDC_SetTxBuffer
                0x08007960       0x44 ./Middlewares/ST/STM32_USB_Device_Library/Class/CDC/Src/usbd_cdc.o
                0x08007960                USBD_CDC_SetTxBuffer
 .text.USBD_CDC_SetRxBuffer
                0x080079a4       0x3a ./Middlewares/ST/STM32_USB_Device_Library/Class/CDC/Src/usbd_cdc.o
                0x080079a4                USBD_CDC_SetRxBuffer
 *fill*         0x080079de        0x2 
 .text.USBD_CDC_TransmitPacket
                0x080079e0       0x80 ./Middlewares/ST/STM32_USB_Device_Library/Class/CDC/Src/usbd_cdc.o
                0x080079e0                USBD_CDC_TransmitPacket
 .text.USBD_CDC_ReceivePacket
                0x08007a60       0x6c ./Middlewares/ST/STM32_USB_Device_Library/Class/CDC/Src/usbd_cdc.o
                0x08007a60                USBD_CDC_ReceivePacket
 .text.USBD_Init
                0x08007acc       0x60 ./Middlewares/ST/STM32_USB_Device_Library/Core/Src/usbd_core.o
                0x08007acc                USBD_Init
 .text.USBD_RegisterClass
                0x08007b2c       0x6c ./Middlewares/ST/STM32_USB_Device_Library/Core/Src/usbd_core.o
                0x08007b2c                USBD_RegisterClass
 .text.USBD_Start
                0x08007b98       0x18 ./Middlewares/ST/STM32_USB_Device_Library/Core/Src/usbd_core.o
                0x08007b98                USBD_Start
 .text.USBD_RunTestMode
                0x08007bb0       0x16 ./Middlewares/ST/STM32_USB_Device_Library/Core/Src/usbd_core.o
                0x08007bb0                USBD_RunTestMode
 .text.USBD_SetClassConfig
                0x08007bc6       0x38 ./Middlewares/ST/STM32_USB_Device_Library/Core/Src/usbd_core.o
                0x08007bc6                USBD_SetClassConfig
 .text.USBD_ClrClassConfig
                0x08007bfe       0x34 ./Middlewares/ST/STM32_USB_Device_Library/Core/Src/usbd_core.o
                0x08007bfe                USBD_ClrClassConfig
 .text.USBD_LL_SetupStage
                0x08007c32       0xaa ./Middlewares/ST/STM32_USB_Device_Library/Core/Src/usbd_core.o
                0x08007c32                USBD_LL_SetupStage
 .text.USBD_LL_DataOutStage
                0x08007cdc      0x178 ./Middlewares/ST/STM32_USB_Device_Library/Core/Src/usbd_core.o
                0x08007cdc                USBD_LL_DataOutStage
 .text.USBD_LL_DataInStage
                0x08007e54      0x176 ./Middlewares/ST/STM32_USB_Device_Library/Core/Src/usbd_core.o
                0x08007e54                USBD_LL_DataInStage
 .text.USBD_LL_Reset
                0x08007fca       0xa6 ./Middlewares/ST/STM32_USB_Device_Library/Core/Src/usbd_core.o
                0x08007fca                USBD_LL_Reset
 .text.USBD_LL_SetSpeed
                0x08008070       0x20 ./Middlewares/ST/STM32_USB_Device_Library/Core/Src/usbd_core.o
                0x08008070                USBD_LL_SetSpeed
 .text.USBD_LL_Suspend
                0x08008090       0x38 ./Middlewares/ST/STM32_USB_Device_Library/Core/Src/usbd_core.o
                0x08008090                USBD_LL_Suspend
 .text.USBD_LL_Resume
                0x080080c8       0x30 ./Middlewares/ST/STM32_USB_Device_Library/Core/Src/usbd_core.o
                0x080080c8                USBD_LL_Resume
 .text.USBD_LL_SOF
                0x080080f8       0x40 ./Middlewares/ST/STM32_USB_Device_Library/Core/Src/usbd_core.o
                0x080080f8                USBD_LL_SOF
 .text.USBD_LL_IsoINIncomplete
                0x08008138       0x64 ./Middlewares/ST/STM32_USB_Device_Library/Core/Src/usbd_core.o
                0x08008138                USBD_LL_IsoINIncomplete
 .text.USBD_LL_IsoOUTIncomplete
                0x0800819c       0x64 ./Middlewares/ST/STM32_USB_Device_Library/Core/Src/usbd_core.o
                0x0800819c                USBD_LL_IsoOUTIncomplete
 .text.USBD_LL_DevConnected
                0x08008200       0x16 ./Middlewares/ST/STM32_USB_Device_Library/Core/Src/usbd_core.o
                0x08008200                USBD_LL_DevConnected
 .text.USBD_LL_DevDisconnected
                0x08008216       0x46 ./Middlewares/ST/STM32_USB_Device_Library/Core/Src/usbd_core.o
                0x08008216                USBD_LL_DevDisconnected
 .text.USBD_CoreFindIF
                0x0800825c       0x1a ./Middlewares/ST/STM32_USB_Device_Library/Core/Src/usbd_core.o
                0x0800825c                USBD_CoreFindIF
 .text.USBD_CoreFindEP
                0x08008276       0x1a ./Middlewares/ST/STM32_USB_Device_Library/Core/Src/usbd_core.o
                0x08008276                USBD_CoreFindEP
 .text.USBD_GetEpDesc
                0x08008290       0x70 ./Middlewares/ST/STM32_USB_Device_Library/Core/Src/usbd_core.o
                0x08008290                USBD_GetEpDesc
 .text.USBD_GetNextDesc
                0x08008300       0x38 ./Middlewares/ST/STM32_USB_Device_Library/Core/Src/usbd_core.o
                0x08008300                USBD_GetNextDesc
 .text.SWAPBYTE
                0x08008338       0x3c ./Middlewares/ST/STM32_USB_Device_Library/Core/Src/usbd_ctlreq.o
 .text.USBD_StdDevReq
                0x08008374       0xe4 ./Middlewares/ST/STM32_USB_Device_Library/Core/Src/usbd_ctlreq.o
                0x08008374                USBD_StdDevReq
 .text.USBD_StdItfReq
                0x08008458       0xd8 ./Middlewares/ST/STM32_USB_Device_Library/Core/Src/usbd_ctlreq.o
                0x08008458                USBD_StdItfReq
 .text.USBD_StdEPReq
                0x08008530      0x33e ./Middlewares/ST/STM32_USB_Device_Library/Core/Src/usbd_ctlreq.o
                0x08008530                USBD_StdEPReq
 *fill*         0x0800886e        0x2 
 .text.USBD_GetDescriptor
                0x08008870      0x328 ./Middlewares/ST/STM32_USB_Device_Library/Core/Src/usbd_ctlreq.o
 .text.USBD_SetAddress
                0x08008b98       0x88 ./Middlewares/ST/STM32_USB_Device_Library/Core/Src/usbd_ctlreq.o
 .text.USBD_SetConfig
                0x08008c20      0x154 ./Middlewares/ST/STM32_USB_Device_Library/Core/Src/usbd_ctlreq.o
 .text.USBD_GetConfig
                0x08008d74       0x6c ./Middlewares/ST/STM32_USB_Device_Library/Core/Src/usbd_ctlreq.o
 .text.USBD_GetStatus
                0x08008de0       0x68 ./Middlewares/ST/STM32_USB_Device_Library/Core/Src/usbd_ctlreq.o
 .text.USBD_SetFeature
                0x08008e48       0x52 ./Middlewares/ST/STM32_USB_Device_Library/Core/Src/usbd_ctlreq.o
 .text.USBD_ClrFeature
                0x08008e9a       0x44 ./Middlewares/ST/STM32_USB_Device_Library/Core/Src/usbd_ctlreq.o
 .text.USBD_ParseSetupRequest
                0x08008ede       0x74 ./Middlewares/ST/STM32_USB_Device_Library/Core/Src/usbd_ctlreq.o
                0x08008ede                USBD_ParseSetupRequest
 .text.USBD_CtlError
                0x08008f52       0x22 ./Middlewares/ST/STM32_USB_Device_Library/Core/Src/usbd_ctlreq.o
                0x08008f52                USBD_CtlError
 .text.USBD_GetString
                0x08008f74       0xa4 ./Middlewares/ST/STM32_USB_Device_Library/Core/Src/usbd_ctlreq.o
                0x08008f74                USBD_GetString
 .text.USBD_GetLen
                0x08009018       0x34 ./Middlewares/ST/STM32_USB_Device_Library/Core/Src/usbd_ctlreq.o
 .text.USBD_CtlSendData
                0x0800904c       0x3c ./Middlewares/ST/STM32_USB_Device_Library/Core/Src/usbd_ioreq.o
                0x0800904c                USBD_CtlSendData
 .text.USBD_CtlContinueSendData
                0x08009088       0x22 ./Middlewares/ST/STM32_USB_Device_Library/Core/Src/usbd_ioreq.o
                0x08009088                USBD_CtlContinueSendData
 .text.USBD_CtlPrepareRx
                0x080090aa       0x42 ./Middlewares/ST/STM32_USB_Device_Library/Core/Src/usbd_ioreq.o
                0x080090aa                USBD_CtlPrepareRx
 .text.USBD_CtlContinueRx
                0x080090ec       0x22 ./Middlewares/ST/STM32_USB_Device_Library/Core/Src/usbd_ioreq.o
                0x080090ec                USBD_CtlContinueRx
 .text.USBD_CtlSendStatus
                0x0800910e       0x26 ./Middlewares/ST/STM32_USB_Device_Library/Core/Src/usbd_ioreq.o
                0x0800910e                USBD_CtlSendStatus
 .text.USBD_CtlReceiveStatus
                0x08009134       0x26 ./Middlewares/ST/STM32_USB_Device_Library/Core/Src/usbd_ioreq.o
                0x08009134                USBD_CtlReceiveStatus
 *fill*         0x0800915a        0x2 
 .text.MX_USB_DEVICE_Init
                0x0800915c       0x60 ./USB_DEVICE/App/usb_device.o
                0x0800915c                MX_USB_DEVICE_Init
 .text.CDC_Init_FS
                0x080091bc       0x28 ./USB_DEVICE/App/usbd_cdc_if.o
 .text.CDC_DeInit_FS
                0x080091e4       0x10 ./USB_DEVICE/App/usbd_cdc_if.o
 .text.CDC_Control_FS
                0x080091f4       0xbc ./USB_DEVICE/App/usbd_cdc_if.o
 .text.CDC_Receive_FS
                0x080092b0       0x54 ./USB_DEVICE/App/usbd_cdc_if.o
 .text.CDC_Transmit_FS
                0x08009304       0x4c ./USB_DEVICE/App/usbd_cdc_if.o
                0x08009304                CDC_Transmit_FS
 .text.CDC_TransmitCplt_FS
                0x08009350       0x22 ./USB_DEVICE/App/usbd_cdc_if.o
 *fill*         0x08009372        0x2 
 .text.USBD_FS_DeviceDescriptor
                0x08009374       0x24 ./USB_DEVICE/App/usbd_desc.o
                0x08009374                USBD_FS_DeviceDescriptor
 .text.USBD_FS_LangIDStrDescriptor
                0x08009398       0x24 ./USB_DEVICE/App/usbd_desc.o
                0x08009398                USBD_FS_LangIDStrDescriptor
 .text.USBD_FS_ProductStrDescriptor
                0x080093bc       0x3c ./USB_DEVICE/App/usbd_desc.o
                0x080093bc                USBD_FS_ProductStrDescriptor
 .text.USBD_FS_ManufacturerStrDescriptor
                0x080093f8       0x28 ./USB_DEVICE/App/usbd_desc.o
                0x080093f8                USBD_FS_ManufacturerStrDescriptor
 .text.USBD_FS_SerialStrDescriptor
                0x08009420       0x24 ./USB_DEVICE/App/usbd_desc.o
                0x08009420                USBD_FS_SerialStrDescriptor
 .text.USBD_FS_ConfigStrDescriptor
                0x08009444       0x3c ./USB_DEVICE/App/usbd_desc.o
                0x08009444                USBD_FS_ConfigStrDescriptor
 .text.USBD_FS_InterfaceStrDescriptor
                0x08009480       0x3c ./USB_DEVICE/App/usbd_desc.o
                0x08009480                USBD_FS_InterfaceStrDescriptor
 .text.USBD_FS_USR_BOSDescriptor
                0x080094bc       0x24 ./USB_DEVICE/App/usbd_desc.o
                0x080094bc                USBD_FS_USR_BOSDescriptor
 .text.Get_SerialNum
                0x080094e0       0x58 ./USB_DEVICE/App/usbd_desc.o
 .text.IntToUnicode
                0x08009538       0x7e ./USB_DEVICE/App/usbd_desc.o
 *fill*         0x080095b6        0x2 
 .text.HAL_PCD_MspInit
                0x080095b8       0xd4 ./USB_DEVICE/Target/usbd_conf.o
                0x080095b8                HAL_PCD_MspInit
 .text.HAL_PCD_SetupStageCallback
                0x0800968c       0x24 ./USB_DEVICE/Target/usbd_conf.o
                0x0800968c                HAL_PCD_SetupStageCallback
 .text.HAL_PCD_DataOutStageCallback
                0x080096b0       0x36 ./USB_DEVICE/Target/usbd_conf.o
                0x080096b0                HAL_PCD_DataOutStageCallback
 .text.HAL_PCD_DataInStageCallback
                0x080096e6       0x34 ./USB_DEVICE/Target/usbd_conf.o
                0x080096e6                HAL_PCD_DataInStageCallback
 .text.HAL_PCD_SOFCallback
                0x0800971a       0x1c ./USB_DEVICE/Target/usbd_conf.o
                0x0800971a                HAL_PCD_SOFCallback
 .text.HAL_PCD_ResetCallback
                0x08009736       0x50 ./USB_DEVICE/Target/usbd_conf.o
                0x08009736                HAL_PCD_ResetCallback
 *fill*         0x08009786        0x2 
 .text.HAL_PCD_SuspendCallback
                0x08009788       0x4c ./USB_DEVICE/Target/usbd_conf.o
                0x08009788                HAL_PCD_SuspendCallback
 .text.HAL_PCD_ResumeCallback
                0x080097d4       0x1c ./USB_DEVICE/Target/usbd_conf.o
                0x080097d4                HAL_PCD_ResumeCallback
 .text.HAL_PCD_ISOOUTIncompleteCallback
                0x080097f0       0x24 ./USB_DEVICE/Target/usbd_conf.o
                0x080097f0                HAL_PCD_ISOOUTIncompleteCallback
 .text.HAL_PCD_ISOINIncompleteCallback
                0x08009814       0x24 ./USB_DEVICE/Target/usbd_conf.o
                0x08009814                HAL_PCD_ISOINIncompleteCallback
 .text.HAL_PCD_ConnectCallback
                0x08009838       0x1c ./USB_DEVICE/Target/usbd_conf.o
                0x08009838                HAL_PCD_ConnectCallback
 .text.HAL_PCD_DisconnectCallback
                0x08009854       0x1c ./USB_DEVICE/Target/usbd_conf.o
                0x08009854                HAL_PCD_DisconnectCallback
 .text.USBD_LL_Init
                0x08009870       0x98 ./USB_DEVICE/Target/usbd_conf.o
                0x08009870                USBD_LL_Init
 .text.USBD_LL_Start
                0x08009908       0x36 ./USB_DEVICE/Target/usbd_conf.o
                0x08009908                USBD_LL_Start
 .text.USBD_LL_OpenEP
                0x0800993e       0x4c ./USB_DEVICE/Target/usbd_conf.o
                0x0800993e                USBD_LL_OpenEP
 .text.USBD_LL_CloseEP
                0x0800998a       0x3e ./USB_DEVICE/Target/usbd_conf.o
                0x0800998a                USBD_LL_CloseEP
 .text.USBD_LL_StallEP
                0x080099c8       0x3e ./USB_DEVICE/Target/usbd_conf.o
                0x080099c8                USBD_LL_StallEP
 .text.USBD_LL_ClearStallEP
                0x08009a06       0x3e ./USB_DEVICE/Target/usbd_conf.o
                0x08009a06                USBD_LL_ClearStallEP
 .text.USBD_LL_IsStallEP
                0x08009a44       0x58 ./USB_DEVICE/Target/usbd_conf.o
                0x08009a44                USBD_LL_IsStallEP
 .text.USBD_LL_SetUSBAddress
                0x08009a9c       0x3e ./USB_DEVICE/Target/usbd_conf.o
                0x08009a9c                USBD_LL_SetUSBAddress
 .text.USBD_LL_Transmit
                0x08009ada       0x42 ./USB_DEVICE/Target/usbd_conf.o
                0x08009ada                USBD_LL_Transmit
 .text.USBD_LL_PrepareReceive
                0x08009b1c       0x42 ./USB_DEVICE/Target/usbd_conf.o
                0x08009b1c                USBD_LL_PrepareReceive
 .text.USBD_LL_GetRxDataSize
                0x08009b5e       0x26 ./USB_DEVICE/Target/usbd_conf.o
                0x08009b5e                USBD_LL_GetRxDataSize
 .text.HAL_PCDEx_LPM_Callback
                0x08009b84       0x9c ./USB_DEVICE/Target/usbd_conf.o
                0x08009b84                HAL_PCDEx_LPM_Callback
 .text.USBD_static_malloc
                0x08009c20       0x1c ./USB_DEVICE/Target/usbd_conf.o
                0x08009c20                USBD_static_malloc
 .text.USBD_static_free
                0x08009c3c       0x14 ./USB_DEVICE/Target/usbd_conf.o
                0x08009c3c                USBD_static_free
 .text.USBD_Get_USB_Status
                0x08009c50       0x58 ./USB_DEVICE/Target/usbd_conf.o
                0x08009c50                USBD_Get_USB_Status
 .text.memset   0x08009ca8       0x10 /opt/st/stm32cubeide_1.16.0/plugins/com.st.stm32cube.ide.mcu.externaltools.gnu-tools-for-stm32.12.3.rel1.linux64_1.0.200.202406132123/tools/bin/../lib/gcc/arm-none-eabi/12.3.1/../../../../arm-none-eabi/lib/thumb/v7e-m+fp/hard/libc_nano.a(libc_a-memset.o)
                0x08009ca8                memset
 .text.__libc_init_array
                0x08009cb8       0x48 /opt/st/stm32cubeide_1.16.0/plugins/com.st.stm32cube.ide.mcu.externaltools.gnu-tools-for-stm32.12.3.rel1.linux64_1.0.200.202406132123/tools/bin/../lib/gcc/arm-none-eabi/12.3.1/../../../../arm-none-eabi/lib/thumb/v7e-m+fp/hard/libc_nano.a(libc_a-init.o)
                0x08009cb8                __libc_init_array
 *(.glue_7)
 .glue_7        0x08009d00        0x0 linker stubs
 *(.glue_7t)
 .glue_7t       0x08009d00        0x0 linker stubs
 *(.eh_frame)
 .eh_frame      0x08009d00        0x0 /opt/st/stm32cubeide_1.16.0/plugins/com.st.stm32cube.ide.mcu.externaltools.gnu-tools-for-stm32.12.3.rel1.linux64_1.0.200.202406132123/tools/bin/../lib/gcc/arm-none-eabi/12.3.1/thumb/v7e-m+fp/hard/crtbegin.o
 *(.init)
 .init          0x08009d00        0x4 /opt/st/stm32cubeide_1.16.0/plugins/com.st.stm32cube.ide.mcu.externaltools.gnu-tools-for-stm32.12.3.rel1.linux64_1.0.200.202406132123/tools/bin/../lib/gcc/arm-none-eabi/12.3.1/thumb/v7e-m+fp/hard/crti.o
                0x08009d00                _init
 .init          0x08009d04        0x8 /opt/st/stm32cubeide_1.16.0/plugins/com.st.stm32cube.ide.mcu.externaltools.gnu-tools-for-stm32.12.3.rel1.linux64_1.0.200.202406132123/tools/bin/../lib/gcc/arm-none-eabi/12.3.1/thumb/v7e-m+fp/hard/crtn.o
 *(.fini)
 .fini          0x08009d0c        0x4 /opt/st/stm32cubeide_1.16.0/plugins/com.st.stm32cube.ide.mcu.externaltools.gnu-tools-for-stm32.12.3.rel1.linux64_1.0.200.202406132123/tools/bin/../lib/gcc/arm-none-eabi/12.3.1/thumb/v7e-m+fp/hard/crti.o
                0x08009d0c                _fini
 .fini          0x08009d10        0x8 /opt/st/stm32cubeide_1.16.0/plugins/com.st.stm32cube.ide.mcu.externaltools.gnu-tools-for-stm32.12.3.rel1.linux64_1.0.200.202406132123/tools/bin/../lib/gcc/arm-none-eabi/12.3.1/thumb/v7e-m+fp/hard/crtn.o
                0x08009d18                        . = ALIGN (0x4)
                0x08009d18                        _etext = .

.vfp11_veneer   0x08009d18        0x0
 .vfp11_veneer  0x08009d18        0x0 linker stubs

.v4_bx          0x08009d18        0x0
 .v4_bx         0x08009d18        0x0 linker stubs

.iplt           0x08009d18        0x0
 .iplt          0x08009d18        0x0 /opt/st/stm32cubeide_1.16.0/plugins/com.st.stm32cube.ide.mcu.externaltools.gnu-tools-for-stm32.12.3.rel1.linux64_1.0.200.202406132123/tools/bin/../lib/gcc/arm-none-eabi/12.3.1/thumb/v7e-m+fp/hard/crtbegin.o

.rodata         0x08009d18       0x60
                0x08009d18                        . = ALIGN (0x4)
 *(.rodata)
 .rodata        0x08009d18       0x46 ./USB_DEVICE/App/usbd_desc.o
 *(.rodata*)
 *fill*         0x08009d5e        0x2 
 .rodata.AHBPrescTable
                0x08009d60       0x10 ./Core/Src/system_stm32f4xx.o
                0x08009d60                AHBPrescTable
 .rodata.APBPrescTable
                0x08009d70        0x8 ./Core/Src/system_stm32f4xx.o
                0x08009d70                APBPrescTable
                0x08009d78                        . = ALIGN (0x4)

.ARM.extab      0x08009d78        0x0
                0x08009d78                        . = ALIGN (0x4)
 *(.ARM.extab* .gnu.linkonce.armextab.*)
                0x08009d78                        . = ALIGN (0x4)

.ARM            0x08009d78        0x8
                0x08009d78                        . = ALIGN (0x4)
                0x08009d78                        __exidx_start = .
 *(.ARM.exidx*)
 .ARM.exidx     0x08009d78        0x8 /opt/st/stm32cubeide_1.16.0/plugins/com.st.stm32cube.ide.mcu.externaltools.gnu-tools-for-stm32.12.3.rel1.linux64_1.0.200.202406132123/tools/bin/../lib/gcc/arm-none-eabi/12.3.1/thumb/v7e-m+fp/hard/libgcc.a(_udivmoddi4.o)
                0x08009d80                        __exidx_end = .
                0x08009d80                        . = ALIGN (0x4)

.preinit_array  0x08009d80        0x0
                0x08009d80                        . = ALIGN (0x4)
                0x08009d80                        PROVIDE (__preinit_array_start = .)
 *(.preinit_array*)
                0x08009d80                        PROVIDE (__preinit_array_end = .)
                0x08009d80                        . = ALIGN (0x4)

.init_array     0x08009d80        0x4
                0x08009d80                        . = ALIGN (0x4)
                0x08009d80                        PROVIDE (__init_array_start = .)
 *(SORT_BY_NAME(.init_array.*))
 *(.init_array*)
 .init_array    0x08009d80        0x4 /opt/st/stm32cubeide_1.16.0/plugins/com.st.stm32cube.ide.mcu.externaltools.gnu-tools-for-stm32.12.3.rel1.linux64_1.0.200.202406132123/tools/bin/../lib/gcc/arm-none-eabi/12.3.1/thumb/v7e-m+fp/hard/crtbegin.o
                0x08009d84                        PROVIDE (__init_array_end = .)
                0x08009d84                        . = ALIGN (0x4)

.fini_array     0x08009d84        0x4
                0x08009d84                        . = ALIGN (0x4)
                [!provide]                        PROVIDE (__fini_array_start = .)
 *(SORT_BY_NAME(.fini_array.*))
 *(.fini_array*)
 .fini_array    0x08009d84        0x4 /opt/st/stm32cubeide_1.16.0/plugins/com.st.stm32cube.ide.mcu.externaltools.gnu-tools-for-stm32.12.3.rel1.linux64_1.0.200.202406132123/tools/bin/../lib/gcc/arm-none-eabi/12.3.1/thumb/v7e-m+fp/hard/crtbegin.o
                [!provide]                        PROVIDE (__fini_array_end = .)
                0x08009d88                        . = ALIGN (0x4)
                0x08009d88                        _sidata = LOADADDR (.data)

.rel.dyn        0x08009d88        0x0
 .rel.iplt      0x08009d88        0x0 /opt/st/stm32cubeide_1.16.0/plugins/com.st.stm32cube.ide.mcu.externaltools.gnu-tools-for-stm32.12.3.rel1.linux64_1.0.200.202406132123/tools/bin/../lib/gcc/arm-none-eabi/12.3.1/thumb/v7e-m+fp/hard/crtbegin.o

.data           0x20000000      0x11c load address 0x08009d88
                0x20000000                        . = ALIGN (0x4)
                0x20000000                        _sdata = .
 *(.data)
 *(.data*)
 .data.temp_rx_buff
                0x20000000        0x2 ./Core/Src/COM.o
                0x20000000                temp_rx_buff
 *fill*         0x20000002        0x2 
 .data.temp_tx_buff
                0x20000004        0xa ./Core/Src/COM.o
                0x20000004                temp_tx_buff
 *fill*         0x2000000e        0x2 
 .data.SystemCoreClock
                0x20000010        0x4 ./Core/Src/system_stm32f4xx.o
                0x20000010                SystemCoreClock
 .data.uwTickPrio
                0x20000014        0x4 ./Drivers/STM32F4xx_HAL_Driver/Src/stm32f4xx_hal.o
                0x20000014                uwTickPrio
 .data.uwTickFreq
                0x20000018        0x1 ./Drivers/STM32F4xx_HAL_Driver/Src/stm32f4xx_hal.o
                0x20000018                uwTickFreq
 *fill*         0x20000019        0x3 
 .data.USBD_CDC_DeviceQualifierDesc
                0x2000001c        0xa ./Middlewares/ST/STM32_USB_Device_Library/Class/CDC/Src/usbd_cdc.o
 *fill*         0x20000026        0x2 
 .data.USBD_CDC
                0x20000028       0x38 ./Middlewares/ST/STM32_USB_Device_Library/Class/CDC/Src/usbd_cdc.o
                0x20000028                USBD_CDC
 .data.USBD_CDC_CfgDesc
                0x20000060       0x43 ./Middlewares/ST/STM32_USB_Device_Library/Class/CDC/Src/usbd_cdc.o
 .data.CDCInEpAdd
                0x200000a3        0x1 ./Middlewares/ST/STM32_USB_Device_Library/Class/CDC/Src/usbd_cdc.o
 .data.CDCOutEpAdd
                0x200000a4        0x1 ./Middlewares/ST/STM32_USB_Device_Library/Class/CDC/Src/usbd_cdc.o
 .data.CDCCmdEpAdd
                0x200000a5        0x1 ./Middlewares/ST/STM32_USB_Device_Library/Class/CDC/Src/usbd_cdc.o
 *fill*         0x200000a6        0x2 
 .data.USBD_Interface_fops_FS
                0x200000a8       0x14 ./USB_DEVICE/App/usbd_cdc_if.o
                0x200000a8                USBD_Interface_fops_FS
 .data.FS_Desc  0x200000bc       0x20 ./USB_DEVICE/App/usbd_desc.o
                0x200000bc                FS_Desc
 .data.USBD_FS_DeviceDesc
                0x200000dc       0x12 ./USB_DEVICE/App/usbd_desc.o
                0x200000dc                USBD_FS_DeviceDesc
 *fill*         0x200000ee        0x2 
 .data.USBD_FS_BOSDesc
                0x200000f0        0xc ./USB_DEVICE/App/usbd_desc.o
                0x200000f0                USBD_FS_BOSDesc
 .data.USBD_LangIDDesc
                0x200000fc        0x4 ./USB_DEVICE/App/usbd_desc.o
                0x200000fc                USBD_LangIDDesc
 .data.USBD_StringSerial
                0x20000100       0x1a ./USB_DEVICE/App/usbd_desc.o
                0x20000100                USBD_StringSerial
 *(.RamFunc)
 *(.RamFunc*)
                0x2000011c                        . = ALIGN (0x4)
 *fill*         0x2000011a        0x2 
                0x2000011c                        _edata = .

.igot.plt       0x2000011c        0x0 load address 0x08009ea4
 .igot.plt      0x2000011c        0x0 /opt/st/stm32cubeide_1.16.0/plugins/com.st.stm32cube.ide.mcu.externaltools.gnu-tools-for-stm32.12.3.rel1.linux64_1.0.200.202406132123/tools/bin/../lib/gcc/arm-none-eabi/12.3.1/thumb/v7e-m+fp/hard/crtbegin.o
                0x2000011c                        . = ALIGN (0x4)

.bss            0x2000011c     0x1dc8 load address 0x08009ea4
                0x2000011c                        _sbss = .
                0x2000011c                        __bss_start__ = _sbss
 *(.bss)
 .bss           0x2000011c       0x1c /opt/st/stm32cubeide_1.16.0/plugins/com.st.stm32cube.ide.mcu.externaltools.gnu-tools-for-stm32.12.3.rel1.linux64_1.0.200.202406132123/tools/bin/../lib/gcc/arm-none-eabi/12.3.1/thumb/v7e-m+fp/hard/crtbegin.o
 *(.bss*)
 .bss.rx_buff   0x20000138        0x5 ./Core/Src/COM.o
                0x20000138                rx_buff
 *fill*         0x2000013d        0x3 
 .bss.tx_buff   0x20000140        0xa ./Core/Src/COM.o
                0x20000140                tx_buff
 *fill*         0x2000014a        0x2 
 .bss.hadc1     0x2000014c       0x48 ./Core/Src/main.o
                0x2000014c                hadc1
 .bss.htim1     0x20000194       0x48 ./Core/Src/main.o
                0x20000194                htim1
 .bss.huart4    0x200001dc       0x48 ./Core/Src/main.o
                0x200001dc                huart4
 .bss.huart1    0x20000224       0x48 ./Core/Src/main.o
                0x20000224                huart1
 .bss.huart2    0x2000026c       0x48 ./Core/Src/main.o
                0x2000026c                huart2
 .bss.huart3    0x200002b4       0x48 ./Core/Src/main.o
                0x200002b4                huart3
 .bss.uwTick    0x200002fc        0x4 ./Drivers/STM32F4xx_HAL_Driver/Src/stm32f4xx_hal.o
                0x200002fc                uwTick
 .bss.cfgidx.0  0x20000300        0x1 ./Middlewares/ST/STM32_USB_Device_Library/Core/Src/usbd_ctlreq.o
 *fill*         0x20000301        0x3 
 .bss.hUsbDeviceFS
                0x20000304      0x2dc ./USB_DEVICE/App/usb_device.o
                0x20000304                hUsbDeviceFS
 .bss.UserRxBufferFS
                0x200005e0      0x800 ./USB_DEVICE/App/usbd_cdc_if.o
                0x200005e0                UserRxBufferFS
 .bss.UserTxBufferFS
                0x20000de0      0x800 ./USB_DEVICE/App/usbd_cdc_if.o
                0x20000de0                UserTxBufferFS
 .bss.USBD_StrDesc
                0x200015e0      0x200 ./USB_DEVICE/App/usbd_desc.o
                0x200015e0                USBD_StrDesc
 .bss.hpcd_USB_OTG_FS
                0x200017e0      0x4e4 ./USB_DEVICE/Target/usbd_conf.o
                0x200017e0                hpcd_USB_OTG_FS
 .bss.mem.0     0x20001cc4      0x220 ./USB_DEVICE/Target/usbd_conf.o
 *(COMMON)
                0x20001ee4                        . = ALIGN (0x4)
                0x20001ee4                        _ebss = .
                0x20001ee4                        __bss_end__ = _ebss

._user_heap_stack
                0x20001ee4      0x604 load address 0x08009ea4
                0x20001ee8                        . = ALIGN (0x8)
 *fill*         0x20001ee4        0x4 
                [!provide]                        PROVIDE (end = .)
                0x20001ee8                        PROVIDE (_end = .)
                0x200020e8                        . = (. + _Min_Heap_Size)
 *fill*         0x20001ee8      0x200 
                0x200024e8                        . = (. + _Min_Stack_Size)
 *fill*         0x200020e8      0x400 
                0x200024e8                        . = ALIGN (0x8)

/DISCARD/
 libc.a(*)
 libm.a(*)
 libgcc.a(*)

.ARM.attributes
                0x00000000       0x30
 *(.ARM.attributes)
 .ARM.attributes
                0x00000000       0x22 /opt/st/stm32cubeide_1.16.0/plugins/com.st.stm32cube.ide.mcu.externaltools.gnu-tools-for-stm32.12.3.rel1.linux64_1.0.200.202406132123/tools/bin/../lib/gcc/arm-none-eabi/12.3.1/thumb/v7e-m+fp/hard/crti.o
 .ARM.attributes
                0x00000022       0x34 /opt/st/stm32cubeide_1.16.0/plugins/com.st.stm32cube.ide.mcu.externaltools.gnu-tools-for-stm32.12.3.rel1.linux64_1.0.200.202406132123/tools/bin/../lib/gcc/arm-none-eabi/12.3.1/thumb/v7e-m+fp/hard/crtbegin.o
 .ARM.attributes
                0x00000056       0x34 ./Core/Src/ACT.o
 .ARM.attributes
                0x0000008a       0x34 ./Core/Src/COM.o
 .ARM.attributes
                0x000000be       0x34 ./Core/Src/POLL.o
 .ARM.attributes
                0x000000f2       0x34 ./Core/Src/TF02.o
 .ARM.attributes
                0x00000126       0x34 ./Core/Src/WRAPPER.o
 .ARM.attributes
                0x0000015a       0x34 ./Core/Src/main.o
 .ARM.attributes
                0x0000018e       0x34 ./Core/Src/stm32f4xx_hal_msp.o
 .ARM.attributes
                0x000001c2       0x34 ./Core/Src/stm32f4xx_it.o
 .ARM.attributes
                0x000001f6       0x34 ./Core/Src/system_stm32f4xx.o
 .ARM.attributes
                0x0000022a       0x21 ./Core/Startup/startup_stm32f446retx.o
 .ARM.attributes
                0x0000024b       0x34 ./Drivers/STM32F4xx_HAL_Driver/Src/stm32f4xx_hal.o
 .ARM.attributes
                0x0000027f       0x34 ./Drivers/STM32F4xx_HAL_Driver/Src/stm32f4xx_hal_adc.o
 .ARM.attributes
                0x000002b3       0x34 ./Drivers/STM32F4xx_HAL_Driver/Src/stm32f4xx_hal_cortex.o
 .ARM.attributes
                0x000002e7       0x34 ./Drivers/STM32F4xx_HAL_Driver/Src/stm32f4xx_hal_gpio.o
 .ARM.attributes
                0x0000031b       0x34 ./Drivers/STM32F4xx_HAL_Driver/Src/stm32f4xx_hal_pcd.o
 .ARM.attributes
                0x0000034f       0x34 ./Drivers/STM32F4xx_HAL_Driver/Src/stm32f4xx_hal_pcd_ex.o
 .ARM.attributes
                0x00000383       0x34 ./Drivers/STM32F4xx_HAL_Driver/Src/stm32f4xx_hal_rcc.o
 .ARM.attributes
                0x000003b7       0x34 ./Drivers/STM32F4xx_HAL_Driver/Src/stm32f4xx_hal_rcc_ex.o
 .ARM.attributes
                0x000003eb       0x34 ./Drivers/STM32F4xx_HAL_Driver/Src/stm32f4xx_hal_tim.o
 .ARM.attributes
                0x0000041f       0x34 ./Drivers/STM32F4xx_HAL_Driver/Src/stm32f4xx_hal_tim_ex.o
 .ARM.attributes
                0x00000453       0x34 ./Drivers/STM32F4xx_HAL_Driver/Src/stm32f4xx_hal_uart.o
 .ARM.attributes
                0x00000487       0x34 ./Drivers/STM32F4xx_HAL_Driver/Src/stm32f4xx_ll_usb.o
 .ARM.attributes
                0x000004bb       0x34 ./Middlewares/ST/STM32_USB_Device_Library/Class/CDC/Src/usbd_cdc.o
 .ARM.attributes
                0x000004ef       0x34 ./Middlewares/ST/STM32_USB_Device_Library/Core/Src/usbd_core.o
 .ARM.attributes
                0x00000523       0x34 ./Middlewares/ST/STM32_USB_Device_Library/Core/Src/usbd_ctlreq.o
 .ARM.attributes
                0x00000557       0x34 ./Middlewares/ST/STM32_USB_Device_Library/Core/Src/usbd_ioreq.o
 .ARM.attributes
                0x0000058b       0x34 ./USB_DEVICE/App/usb_device.o
 .ARM.attributes
                0x000005bf       0x34 ./USB_DEVICE/App/usbd_cdc_if.o
 .ARM.attributes
                0x000005f3       0x34 ./USB_DEVICE/App/usbd_desc.o
 .ARM.attributes
                0x00000627       0x34 ./USB_DEVICE/Target/usbd_conf.o
 .ARM.attributes
                0x0000065b       0x34 /opt/st/stm32cubeide_1.16.0/plugins/com.st.stm32cube.ide.mcu.externaltools.gnu-tools-for-stm32.12.3.rel1.linux64_1.0.200.202406132123/tools/bin/../lib/gcc/arm-none-eabi/12.3.1/../../../../arm-none-eabi/lib/thumb/v7e-m+fp/hard/libc_nano.a(libc_a-memset.o)
 .ARM.attributes
                0x0000068f       0x34 /opt/st/stm32cubeide_1.16.0/plugins/com.st.stm32cube.ide.mcu.externaltools.gnu-tools-for-stm32.12.3.rel1.linux64_1.0.200.202406132123/tools/bin/../lib/gcc/arm-none-eabi/12.3.1/../../../../arm-none-eabi/lib/thumb/v7e-m+fp/hard/libc_nano.a(libc_a-init.o)
 .ARM.attributes
                0x000006c3       0x22 /opt/st/stm32cubeide_1.16.0/plugins/com.st.stm32cube.ide.mcu.externaltools.gnu-tools-for-stm32.12.3.rel1.linux64_1.0.200.202406132123/tools/bin/../lib/gcc/arm-none-eabi/12.3.1/thumb/v7e-m+fp/hard/libgcc.a(_aeabi_uldivmod.o)
 .ARM.attributes
                0x000006e5       0x34 /opt/st/stm32cubeide_1.16.0/plugins/com.st.stm32cube.ide.mcu.externaltools.gnu-tools-for-stm32.12.3.rel1.linux64_1.0.200.202406132123/tools/bin/../lib/gcc/arm-none-eabi/12.3.1/thumb/v7e-m+fp/hard/libgcc.a(_udivmoddi4.o)
 .ARM.attributes
                0x00000719       0x22 /opt/st/stm32cubeide_1.16.0/plugins/com.st.stm32cube.ide.mcu.externaltools.gnu-tools-for-stm32.12.3.rel1.linux64_1.0.200.202406132123/tools/bin/../lib/gcc/arm-none-eabi/12.3.1/thumb/v7e-m+fp/hard/libgcc.a(_dvmd_tls.o)
 .ARM.attributes
                0x0000073b       0x22 /opt/st/stm32cubeide_1.16.0/plugins/com.st.stm32cube.ide.mcu.externaltools.gnu-tools-for-stm32.12.3.rel1.linux64_1.0.200.202406132123/tools/bin/../lib/gcc/arm-none-eabi/12.3.1/thumb/v7e-m+fp/hard/crtn.o
OUTPUT(RAILWAY_GATE_FINAL.elf elf32-littlearm)
LOAD linker stubs
LOAD /opt/st/stm32cubeide_1.16.0/plugins/com.st.stm32cube.ide.mcu.externaltools.gnu-tools-for-stm32.12.3.rel1.linux64_1.0.200.202406132123/tools/bin/../lib/gcc/arm-none-eabi/12.3.1/../../../../arm-none-eabi/lib/thumb/v7e-m+fp/hard/libc.a
LOAD /opt/st/stm32cubeide_1.16.0/plugins/com.st.stm32cube.ide.mcu.externaltools.gnu-tools-for-stm32.12.3.rel1.linux64_1.0.200.202406132123/tools/bin/../lib/gcc/arm-none-eabi/12.3.1/../../../../arm-none-eabi/lib/thumb/v7e-m+fp/hard/libm.a
LOAD /opt/st/stm32cubeide_1.16.0/plugins/com.st.stm32cube.ide.mcu.externaltools.gnu-tools-for-stm32.12.3.rel1.linux64_1.0.200.202406132123/tools/bin/../lib/gcc/arm-none-eabi/12.3.1/thumb/v7e-m+fp/hard/libgcc.a

.debug_info     0x00000000    0x19713
 .debug_info    0x00000000      0x1eb ./Core/Src/ACT.o
 .debug_info    0x000001eb      0x174 ./Core/Src/COM.o
 .debug_info    0x0000035f      0x76b ./Core/Src/POLL.o
 .debug_info    0x00000aca      0x61b ./Core/Src/TF02.o
 .debug_info    0x000010e5      0x161 ./Core/Src/WRAPPER.o
 .debug_info    0x00001246     0x14f1 ./Core/Src/main.o
 .debug_info    0x00002737     0x1345 ./Core/Src/stm32f4xx_hal_msp.o
 .debug_info    0x00003a7c      0xc36 ./Core/Src/stm32f4xx_it.o
 .debug_info    0x000046b2      0x54a ./Core/Src/system_stm32f4xx.o
 .debug_info    0x00004bfc       0x30 ./Core/Startup/startup_stm32f446retx.o
 .debug_info    0x00004c2c      0x99a ./Drivers/STM32F4xx_HAL_Driver/Src/stm32f4xx_hal.o
 .debug_info    0x000055c6      0xce3 ./Drivers/STM32F4xx_HAL_Driver/Src/stm32f4xx_hal_adc.o
 .debug_info    0x000062a9      0xdaa ./Drivers/STM32F4xx_HAL_Driver/Src/stm32f4xx_hal_cortex.o
 .debug_info    0x00007053      0x70b ./Drivers/STM32F4xx_HAL_Driver/Src/stm32f4xx_hal_gpio.o
 .debug_info    0x0000775e     0x15e3 ./Drivers/STM32F4xx_HAL_Driver/Src/stm32f4xx_hal_pcd.o
 .debug_info    0x00008d41      0x7b4 ./Drivers/STM32F4xx_HAL_Driver/Src/stm32f4xx_hal_pcd_ex.o
 .debug_info    0x000094f5      0x8ff ./Drivers/STM32F4xx_HAL_Driver/Src/stm32f4xx_hal_rcc.o
 .debug_info    0x00009df4      0x960 ./Drivers/STM32F4xx_HAL_Driver/Src/stm32f4xx_hal_rcc_ex.o
 .debug_info    0x0000a754     0x299d ./Drivers/STM32F4xx_HAL_Driver/Src/stm32f4xx_hal_tim.o
 .debug_info    0x0000d0f1     0x14db ./Drivers/STM32F4xx_HAL_Driver/Src/stm32f4xx_hal_tim_ex.o
 .debug_info    0x0000e5cc     0x2f4f ./Drivers/STM32F4xx_HAL_Driver/Src/stm32f4xx_hal_uart.o
 .debug_info    0x0001151b     0x19f1 ./Drivers/STM32F4xx_HAL_Driver/Src/stm32f4xx_ll_usb.o
 .debug_info    0x00012f0c     0x1323 ./Middlewares/ST/STM32_USB_Device_Library/Class/CDC/Src/usbd_cdc.o
 .debug_info    0x0001422f      0xe1f ./Middlewares/ST/STM32_USB_Device_Library/Core/Src/usbd_core.o
 .debug_info    0x0001504e      0xaf8 ./Middlewares/ST/STM32_USB_Device_Library/Core/Src/usbd_ctlreq.o
 .debug_info    0x00015b46      0x76f ./Middlewares/ST/STM32_USB_Device_Library/Core/Src/usbd_ioreq.o
 .debug_info    0x000162b5      0x71b ./USB_DEVICE/App/usb_device.o
 .debug_info    0x000169d0      0x930 ./USB_DEVICE/App/usbd_cdc_if.o
 .debug_info    0x00017300      0x4ba ./USB_DEVICE/App/usbd_desc.o
 .debug_info    0x000177ba     0x1f59 ./USB_DEVICE/Target/usbd_conf.o

.debug_abbrev   0x00000000     0x3dc6
 .debug_abbrev  0x00000000      0x106 ./Core/Src/ACT.o
 .debug_abbrev  0x00000106       0xa9 ./Core/Src/COM.o
 .debug_abbrev  0x000001af      0x1a4 ./Core/Src/POLL.o
 .debug_abbrev  0x00000353      0x16c ./Core/Src/TF02.o
 .debug_abbrev  0x000004bf       0x99 ./Core/Src/WRAPPER.o
 .debug_abbrev  0x00000558      0x2dd ./Core/Src/main.o
 .debug_abbrev  0x00000835      0x21d ./Core/Src/stm32f4xx_hal_msp.o
 .debug_abbrev  0x00000a52      0x201 ./Core/Src/stm32f4xx_it.o
 .debug_abbrev  0x00000c53      0x11a ./Core/Src/system_stm32f4xx.o
 .debug_abbrev  0x00000d6d       0x24 ./Core/Startup/startup_stm32f446retx.o
 .debug_abbrev  0x00000d91      0x214 ./Drivers/STM32F4xx_HAL_Driver/Src/stm32f4xx_hal.o
 .debug_abbrev  0x00000fa5      0x252 ./Drivers/STM32F4xx_HAL_Driver/Src/stm32f4xx_hal_adc.o
 .debug_abbrev  0x000011f7      0x31d ./Drivers/STM32F4xx_HAL_Driver/Src/stm32f4xx_hal_cortex.o
 .debug_abbrev  0x00001514      0x1d4 ./Drivers/STM32F4xx_HAL_Driver/Src/stm32f4xx_hal_gpio.o
 .debug_abbrev  0x000016e8      0x2d0 ./Drivers/STM32F4xx_HAL_Driver/Src/stm32f4xx_hal_pcd.o
 .debug_abbrev  0x000019b8      0x1dd ./Drivers/STM32F4xx_HAL_Driver/Src/stm32f4xx_hal_pcd_ex.o
 .debug_abbrev  0x00001b95      0x2b7 ./Drivers/STM32F4xx_HAL_Driver/Src/stm32f4xx_hal_rcc.o
 .debug_abbrev  0x00001e4c      0x211 ./Drivers/STM32F4xx_HAL_Driver/Src/stm32f4xx_hal_rcc_ex.o
 .debug_abbrev  0x0000205d      0x278 ./Drivers/STM32F4xx_HAL_Driver/Src/stm32f4xx_hal_tim.o
 .debug_abbrev  0x000022d5      0x283 ./Drivers/STM32F4xx_HAL_Driver/Src/stm32f4xx_hal_tim_ex.o
 .debug_abbrev  0x00002558      0x30e ./Drivers/STM32F4xx_HAL_Driver/Src/stm32f4xx_hal_uart.o
 .debug_abbrev  0x00002866      0x2b3 ./Drivers/STM32F4xx_HAL_Driver/Src/stm32f4xx_ll_usb.o
 .debug_abbrev  0x00002b19      0x2d2 ./Middlewares/ST/STM32_USB_Device_Library/Class/CDC/Src/usbd_cdc.o
 .debug_abbrev  0x00002deb      0x27c ./Middlewares/ST/STM32_USB_Device_Library/Core/Src/usbd_core.o
 .debug_abbrev  0x00003067      0x26f ./Middlewares/ST/STM32_USB_Device_Library/Core/Src/usbd_ctlreq.o
 .debug_abbrev  0x000032d6      0x19a ./Middlewares/ST/STM32_USB_Device_Library/Core/Src/usbd_ioreq.o
 .debug_abbrev  0x00003470      0x195 ./USB_DEVICE/App/usb_device.o
 .debug_abbrev  0x00003605      0x29d ./USB_DEVICE/App/usbd_cdc_if.o
 .debug_abbrev  0x000038a2      0x1e3 ./USB_DEVICE/App/usbd_desc.o
 .debug_abbrev  0x00003a85      0x341 ./USB_DEVICE/Target/usbd_conf.o

.debug_aranges  0x00000000     0x1550
 .debug_aranges
                0x00000000       0x28 ./Core/Src/ACT.o
 .debug_aranges
                0x00000028       0x28 ./Core/Src/COM.o
 .debug_aranges
                0x00000050       0x38 ./Core/Src/POLL.o
 .debug_aranges
                0x00000088       0x20 ./Core/Src/TF02.o
 .debug_aranges
                0x000000a8       0x30 ./Core/Src/WRAPPER.o
 .debug_aranges
                0x000000d8       0x68 ./Core/Src/main.o
 .debug_aranges
                0x00000140       0x50 ./Core/Src/stm32f4xx_hal_msp.o
 .debug_aranges
                0x00000190       0x70 ./Core/Src/stm32f4xx_it.o
 .debug_aranges
                0x00000200       0x28 ./Core/Src/system_stm32f4xx.o
 .debug_aranges
                0x00000228       0x28 ./Core/Startup/startup_stm32f446retx.o
 .debug_aranges
                0x00000250       0xf0 ./Drivers/STM32F4xx_HAL_Driver/Src/stm32f4xx_hal.o
 .debug_aranges
                0x00000340       0xe8 ./Drivers/STM32F4xx_HAL_Driver/Src/stm32f4xx_hal_adc.o
 .debug_aranges
                0x00000428      0x130 ./Drivers/STM32F4xx_HAL_Driver/Src/stm32f4xx_hal_cortex.o
 .debug_aranges
                0x00000558       0x58 ./Drivers/STM32F4xx_HAL_Driver/Src/stm32f4xx_hal_gpio.o
 .debug_aranges
                0x000005b0      0x148 ./Drivers/STM32F4xx_HAL_Driver/Src/stm32f4xx_hal_pcd.o
 .debug_aranges
                0x000006f8       0x48 ./Drivers/STM32F4xx_HAL_Driver/Src/stm32f4xx_hal_pcd_ex.o
 .debug_aranges
                0x00000740       0x88 ./Drivers/STM32F4xx_HAL_Driver/Src/stm32f4xx_hal_rcc.o
 .debug_aranges
                0x000007c8       0x78 ./Drivers/STM32F4xx_HAL_Driver/Src/stm32f4xx_hal_rcc_ex.o
 .debug_aranges
                0x00000840      0x3d0 ./Drivers/STM32F4xx_HAL_Driver/Src/stm32f4xx_hal_tim.o
 .debug_aranges
                0x00000c10      0x168 ./Drivers/STM32F4xx_HAL_Driver/Src/stm32f4xx_hal_tim_ex.o
 .debug_aranges
                0x00000d78      0x208 ./Drivers/STM32F4xx_HAL_Driver/Src/stm32f4xx_hal_uart.o
 .debug_aranges
                0x00000f80      0x1a0 ./Drivers/STM32F4xx_HAL_Driver/Src/stm32f4xx_ll_usb.o
 .debug_aranges
                0x00001120       0x90 ./Middlewares/ST/STM32_USB_Device_Library/Class/CDC/Src/usbd_cdc.o
 .debug_aranges
                0x000011b0       0xd8 ./Middlewares/ST/STM32_USB_Device_Library/Core/Src/usbd_core.o
 .debug_aranges
                0x00001288       0x90 ./Middlewares/ST/STM32_USB_Device_Library/Core/Src/usbd_ctlreq.o
 .debug_aranges
                0x00001318       0x50 ./Middlewares/ST/STM32_USB_Device_Library/Core/Src/usbd_ioreq.o
 .debug_aranges
                0x00001368       0x20 ./USB_DEVICE/App/usb_device.o
 .debug_aranges
                0x00001388       0x48 ./USB_DEVICE/App/usbd_cdc_if.o
 .debug_aranges
                0x000013d0       0x68 ./USB_DEVICE/App/usbd_desc.o
 .debug_aranges
                0x00001438      0x118 ./USB_DEVICE/Target/usbd_conf.o

.debug_rnglists
                0x00000000     0x105b
 .debug_rnglists
                0x00000000       0x19 ./Core/Src/ACT.o
 .debug_rnglists
                0x00000019       0x19 ./Core/Src/COM.o
 .debug_rnglists
                0x00000032       0x29 ./Core/Src/POLL.o
 .debug_rnglists
                0x0000005b       0x13 ./Core/Src/TF02.o
 .debug_rnglists
                0x0000006e       0x1f ./Core/Src/WRAPPER.o
 .debug_rnglists
                0x0000008d       0x4d ./Core/Src/main.o
 .debug_rnglists
                0x000000da       0x3a ./Core/Src/stm32f4xx_hal_msp.o
 .debug_rnglists
                0x00000114       0x4f ./Core/Src/stm32f4xx_it.o
 .debug_rnglists
                0x00000163       0x1a ./Core/Src/system_stm32f4xx.o
 .debug_rnglists
                0x0000017d       0x19 ./Core/Startup/startup_stm32f446retx.o
 .debug_rnglists
                0x00000196       0xaf ./Drivers/STM32F4xx_HAL_Driver/Src/stm32f4xx_hal.o
 .debug_rnglists
                0x00000245       0xb5 ./Drivers/STM32F4xx_HAL_Driver/Src/stm32f4xx_hal_adc.o
 .debug_rnglists
                0x000002fa       0xe0 ./Drivers/STM32F4xx_HAL_Driver/Src/stm32f4xx_hal_cortex.o
 .debug_rnglists
                0x000003da       0x3f ./Drivers/STM32F4xx_HAL_Driver/Src/stm32f4xx_hal_gpio.o
 .debug_rnglists
                0x00000419       0xfa ./Drivers/STM32F4xx_HAL_Driver/Src/stm32f4xx_hal_pcd.o
 .debug_rnglists
                0x00000513       0x32 ./Drivers/STM32F4xx_HAL_Driver/Src/stm32f4xx_hal_pcd_ex.o
 .debug_rnglists
                0x00000545       0x66 ./Drivers/STM32F4xx_HAL_Driver/Src/stm32f4xx_hal_rcc.o
 .debug_rnglists
                0x000005ab       0x5e ./Drivers/STM32F4xx_HAL_Driver/Src/stm32f4xx_hal_rcc_ex.o
 .debug_rnglists
                0x00000609      0x31a ./Drivers/STM32F4xx_HAL_Driver/Src/stm32f4xx_hal_tim.o
 .debug_rnglists
                0x00000923      0x125 ./Drivers/STM32F4xx_HAL_Driver/Src/stm32f4xx_hal_tim_ex.o
 .debug_rnglists
                0x00000a48      0x1bc ./Drivers/STM32F4xx_HAL_Driver/Src/stm32f4xx_hal_uart.o
 .debug_rnglists
                0x00000c04      0x147 ./Drivers/STM32F4xx_HAL_Driver/Src/stm32f4xx_ll_usb.o
 .debug_rnglists
                0x00000d4b       0x6c ./Middlewares/ST/STM32_USB_Device_Library/Class/CDC/Src/usbd_cdc.o
 .debug_rnglists
                0x00000db7       0xa1 ./Middlewares/ST/STM32_USB_Device_Library/Core/Src/usbd_core.o
 .debug_rnglists
                0x00000e58       0x6e ./Middlewares/ST/STM32_USB_Device_Library/Core/Src/usbd_ctlreq.o
 .debug_rnglists
                0x00000ec6       0x37 ./Middlewares/ST/STM32_USB_Device_Library/Core/Src/usbd_ioreq.o
 .debug_rnglists
                0x00000efd       0x13 ./USB_DEVICE/App/usb_device.o
 .debug_rnglists
                0x00000f10       0x32 ./USB_DEVICE/App/usbd_cdc_if.o
 .debug_rnglists
                0x00000f42       0x49 ./USB_DEVICE/App/usbd_desc.o
 .debug_rnglists
                0x00000f8b       0xd0 ./USB_DEVICE/Target/usbd_conf.o

.debug_macro    0x00000000    0x274d3
 .debug_macro   0x00000000      0x233 ./Core/Src/ACT.o
 .debug_macro   0x00000233      0xab4 ./Core/Src/ACT.o
 .debug_macro   0x00000ce7      0x2a7 ./Core/Src/ACT.o
 .debug_macro   0x00000f8e       0x2e ./Core/Src/ACT.o
 .debug_macro   0x00000fbc       0x28 ./Core/Src/ACT.o
 .debug_macro   0x00000fe4       0x22 ./Core/Src/ACT.o
 .debug_macro   0x00001006       0x8e ./Core/Src/ACT.o
 .debug_macro   0x00001094       0x51 ./Core/Src/ACT.o
 .debug_macro   0x000010e5      0x103 ./Core/Src/ACT.o
 .debug_macro   0x000011e8       0x6a ./Core/Src/ACT.o
 .debug_macro   0x00001252      0x1df ./Core/Src/ACT.o
 .debug_macro   0x00001431       0x1c ./Core/Src/ACT.o
 .debug_macro   0x0000144d       0x22 ./Core/Src/ACT.o
 .debug_macro   0x0000146f       0xfb ./Core/Src/ACT.o
 .debug_macro   0x0000156a     0x1011 ./Core/Src/ACT.o
 .debug_macro   0x0000257b      0x11f ./Core/Src/ACT.o
 .debug_macro   0x0000269a    0x1675e ./Core/Src/ACT.o
 .debug_macro   0x00018df8       0x6d ./Core/Src/ACT.o
 .debug_macro   0x00018e65     0x3693 ./Core/Src/ACT.o
 .debug_macro   0x0001c4f8      0x189 ./Core/Src/ACT.o
 .debug_macro   0x0001c681       0x5c ./Core/Src/ACT.o
 .debug_macro   0x0001c6dd      0xca5 ./Core/Src/ACT.o
 .debug_macro   0x0001d382      0x9e9 ./Core/Src/ACT.o
 .debug_macro   0x0001dd6b      0x115 ./Core/Src/ACT.o
 .debug_macro   0x0001de80      0x1a0 ./Core/Src/ACT.o
 .debug_macro   0x0001e020       0xa5 ./Core/Src/ACT.o
 .debug_macro   0x0001e0c5      0x16d ./Core/Src/ACT.o
 .debug_macro   0x0001e232      0x287 ./Core/Src/ACT.o
 .debug_macro   0x0001e4b9       0x5f ./Core/Src/ACT.o
 .debug_macro   0x0001e518      0x236 ./Core/Src/ACT.o
 .debug_macro   0x0001e74e      0xb5b ./Core/Src/ACT.o
 .debug_macro   0x0001f2a9      0x38b ./Core/Src/ACT.o
 .debug_macro   0x0001f634      0x17d ./Core/Src/ACT.o
 .debug_macro   0x0001f7b1       0xf9 ./Core/Src/ACT.o
 .debug_macro   0x0001f8aa      0x132 ./Core/Src/ACT.o
 .debug_macro   0x0001f9dc      0x29c ./Core/Src/ACT.o
 .debug_macro   0x0001fc78       0x2e ./Core/Src/ACT.o
 .debug_macro   0x0001fca6      0x127 ./Core/Src/ACT.o
 .debug_macro   0x0001fdcd       0xe8 ./Core/Src/ACT.o
 .debug_macro   0x0001feb5       0x89 ./Core/Src/ACT.o
 .debug_macro   0x0001ff3e      0x8ed ./Core/Src/ACT.o
 .debug_macro   0x0002082b       0x53 ./Core/Src/ACT.o
 .debug_macro   0x0002087e      0x2aa ./Core/Src/ACT.o
 .debug_macro   0x00020b28      0x293 ./Core/Src/ACT.o
 .debug_macro   0x00020dbb       0xba ./Core/Src/ACT.o
 .debug_macro   0x00020e75      0x126 ./Core/Src/ACT.o
 .debug_macro   0x00020f9b       0xe8 ./Core/Src/ACT.o
 .debug_macro   0x00021083      0x3d7 ./Core/Src/COM.o
 .debug_macro   0x0002145a       0x61 ./Core/Src/COM.o
 .debug_macro   0x000214bb       0x2a ./Core/Src/COM.o
 .debug_macro   0x000214e5       0x43 ./Core/Src/COM.o
 .debug_macro   0x00021528       0x34 ./Core/Src/COM.o
 .debug_macro   0x0002155c       0x16 ./Core/Src/COM.o
 .debug_macro   0x00021572       0x35 ./Core/Src/COM.o
 .debug_macro   0x000215a7      0x369 ./Core/Src/COM.o
 .debug_macro   0x00021910       0x10 ./Core/Src/COM.o
 .debug_macro   0x00021920       0x16 ./Core/Src/COM.o
 .debug_macro   0x00021936       0x43 ./Core/Src/COM.o
 .debug_macro   0x00021979       0x34 ./Core/Src/COM.o
 .debug_macro   0x000219ad       0x10 ./Core/Src/COM.o
 .debug_macro   0x000219bd       0x58 ./Core/Src/COM.o
 .debug_macro   0x00021a15       0x8e ./Core/Src/COM.o
 .debug_macro   0x00021aa3       0x1c ./Core/Src/COM.o
 .debug_macro   0x00021abf      0x177 ./Core/Src/COM.o
 .debug_macro   0x00021c36       0x16 ./Core/Src/COM.o
 .debug_macro   0x00021c4c       0x16 ./Core/Src/COM.o
 .debug_macro   0x00021c62      0x146 ./Core/Src/COM.o
 .debug_macro   0x00021da8       0x16 ./Core/Src/COM.o
 .debug_macro   0x00021dbe       0x16 ./Core/Src/COM.o
 .debug_macro   0x00021dd4       0x29 ./Core/Src/COM.o
 .debug_macro   0x00021dfd       0x16 ./Core/Src/COM.o
 .debug_macro   0x00021e13       0x20 ./Core/Src/COM.o
 .debug_macro   0x00021e33       0x65 ./Core/Src/COM.o
 .debug_macro   0x00021e98      0x20f ./Core/Src/COM.o
 .debug_macro   0x000220a7       0x95 ./Core/Src/COM.o
 .debug_macro   0x0002213c       0x10 ./Core/Src/COM.o
 .debug_macro   0x0002214c      0x3f1 ./Core/Src/POLL.o
 .debug_macro   0x0002253d      0x233 ./Core/Src/TF02.o
 .debug_macro   0x00022770      0x409 ./Core/Src/WRAPPER.o
 .debug_macro   0x00022b79      0x431 ./Core/Src/main.o
 .debug_macro   0x00022faa      0x229 ./Core/Src/stm32f4xx_hal_msp.o
 .debug_macro   0x000231d3      0x3e1 ./Core/Src/stm32f4xx_it.o
 .debug_macro   0x000235b4      0x21a ./Core/Src/system_stm32f4xx.o
 .debug_macro   0x000237ce      0x27a ./Drivers/STM32F4xx_HAL_Driver/Src/stm32f4xx_hal.o
 .debug_macro   0x00023a48      0x21b ./Drivers/STM32F4xx_HAL_Driver/Src/stm32f4xx_hal_adc.o
 .debug_macro   0x00023c63      0x21a ./Drivers/STM32F4xx_HAL_Driver/Src/stm32f4xx_hal_cortex.o
 .debug_macro   0x00023e7d      0x220 ./Drivers/STM32F4xx_HAL_Driver/Src/stm32f4xx_hal_gpio.o
 .debug_macro   0x0002409d      0x226 ./Drivers/STM32F4xx_HAL_Driver/Src/stm32f4xx_hal_pcd.o
 .debug_macro   0x000242c3      0x21a ./Drivers/STM32F4xx_HAL_Driver/Src/stm32f4xx_hal_pcd_ex.o
 .debug_macro   0x000244dd      0x23e ./Drivers/STM32F4xx_HAL_Driver/Src/stm32f4xx_hal_rcc.o
 .debug_macro   0x0002471b      0x21a ./Drivers/STM32F4xx_HAL_Driver/Src/stm32f4xx_hal_rcc_ex.o
 .debug_macro   0x00024935      0x21b ./Drivers/STM32F4xx_HAL_Driver/Src/stm32f4xx_hal_tim.o
 .debug_macro   0x00024b50      0x21a ./Drivers/STM32F4xx_HAL_Driver/Src/stm32f4xx_hal_tim_ex.o
 .debug_macro   0x00024d6a      0x21b ./Drivers/STM32F4xx_HAL_Driver/Src/stm32f4xx_hal_uart.o
 .debug_macro   0x00024f85      0x21a ./Drivers/STM32F4xx_HAL_Driver/Src/stm32f4xx_ll_usb.o
 .debug_macro   0x0002519f      0x3b8 ./Middlewares/ST/STM32_USB_Device_Library/Class/CDC/Src/usbd_cdc.o
 .debug_macro   0x00025557       0x9e ./Middlewares/ST/STM32_USB_Device_Library/Class/CDC/Src/usbd_cdc.o
 .debug_macro   0x000255f5      0x10b ./Middlewares/ST/STM32_USB_Device_Library/Class/CDC/Src/usbd_cdc.o
 .debug_macro   0x00025700       0x56 ./Middlewares/ST/STM32_USB_Device_Library/Class/CDC/Src/usbd_cdc.o
 .debug_macro   0x00025756      0x39f ./Middlewares/ST/STM32_USB_Device_Library/Core/Src/usbd_core.o
 .debug_macro   0x00025af5      0x215 ./Middlewares/ST/STM32_USB_Device_Library/Core/Src/usbd_core.o
 .debug_macro   0x00025d0a      0x3a9 ./Middlewares/ST/STM32_USB_Device_Library/Core/Src/usbd_ctlreq.o
 .debug_macro   0x000260b3      0x3a5 ./Middlewares/ST/STM32_USB_Device_Library/Core/Src/usbd_ioreq.o
 .debug_macro   0x00026458      0x3d8 ./USB_DEVICE/App/usb_device.o
 .debug_macro   0x00026830       0xee ./USB_DEVICE/App/usb_device.o
 .debug_macro   0x0002691e       0x22 ./USB_DEVICE/App/usb_device.o
 .debug_macro   0x00026940       0x16 ./USB_DEVICE/App/usb_device.o
 .debug_macro   0x00026956      0x3c3 ./USB_DEVICE/App/usbd_cdc_if.o
 .debug_macro   0x00026d19      0x3e2 ./USB_DEVICE/App/usbd_desc.o
 .debug_macro   0x000270fb       0x1c ./USB_DEVICE/App/usbd_desc.o
 .debug_macro   0x00027117      0x3bc ./USB_DEVICE/Target/usbd_conf.o

.debug_line     0x00000000    0x1cb1b
 .debug_line    0x00000000      0x756 ./Core/Src/ACT.o
 .debug_line    0x00000756      0xa1e ./Core/Src/COM.o
 .debug_line    0x00001174      0xca8 ./Core/Src/POLL.o
 .debug_line    0x00001e1c      0x749 ./Core/Src/TF02.o
 .debug_line    0x00002565      0xa6f ./Core/Src/WRAPPER.o
 .debug_line    0x00002fd4      0xc83 ./Core/Src/main.o
 .debug_line    0x00003c57      0x89c ./Core/Src/stm32f4xx_hal_msp.o
 .debug_line    0x000044f3      0xab7 ./Core/Src/stm32f4xx_it.o
 .debug_line    0x00004faa      0x797 ./Core/Src/system_stm32f4xx.o
 .debug_line    0x00005741       0x7a ./Core/Startup/startup_stm32f446retx.o
 .debug_line    0x000057bb      0xa0f ./Drivers/STM32F4xx_HAL_Driver/Src/stm32f4xx_hal.o
 .debug_line    0x000061ca     0x12a6 ./Drivers/STM32F4xx_HAL_Driver/Src/stm32f4xx_hal_adc.o
 .debug_line    0x00007470      0xd01 ./Drivers/STM32F4xx_HAL_Driver/Src/stm32f4xx_hal_cortex.o
 .debug_line    0x00008171      0xb87 ./Drivers/STM32F4xx_HAL_Driver/Src/stm32f4xx_hal_gpio.o
 .debug_line    0x00008cf8     0x1523 ./Drivers/STM32F4xx_HAL_Driver/Src/stm32f4xx_hal_pcd.o
 .debug_line    0x0000a21b      0x843 ./Drivers/STM32F4xx_HAL_Driver/Src/stm32f4xx_hal_pcd_ex.o
 .debug_line    0x0000aa5e      0xda6 ./Drivers/STM32F4xx_HAL_Driver/Src/stm32f4xx_hal_rcc.o
 .debug_line    0x0000b804     0x1416 ./Drivers/STM32F4xx_HAL_Driver/Src/stm32f4xx_hal_rcc_ex.o
 .debug_line    0x0000cc1a     0x37ab ./Drivers/STM32F4xx_HAL_Driver/Src/stm32f4xx_hal_tim.o
 .debug_line    0x000103c5     0x1a05 ./Drivers/STM32F4xx_HAL_Driver/Src/stm32f4xx_hal_tim_ex.o
 .debug_line    0x00011dca     0x2912 ./Drivers/STM32F4xx_HAL_Driver/Src/stm32f4xx_hal_uart.o
 .debug_line    0x000146dc     0x1de5 ./Drivers/STM32F4xx_HAL_Driver/Src/stm32f4xx_ll_usb.o
 .debug_line    0x000164c1      0xe97 ./Middlewares/ST/STM32_USB_Device_Library/Class/CDC/Src/usbd_cdc.o
 .debug_line    0x00017358      0xf26 ./Middlewares/ST/STM32_USB_Device_Library/Core/Src/usbd_core.o
 .debug_line    0x0001827e     0x1134 ./Middlewares/ST/STM32_USB_Device_Library/Core/Src/usbd_ctlreq.o
 .debug_line    0x000193b2      0xa31 ./Middlewares/ST/STM32_USB_Device_Library/Core/Src/usbd_ioreq.o
 .debug_line    0x00019de3      0x9e7 ./USB_DEVICE/App/usb_device.o
 .debug_line    0x0001a7ca      0xa54 ./USB_DEVICE/App/usbd_cdc_if.o
 .debug_line    0x0001b21e      0xacb ./USB_DEVICE/App/usbd_desc.o
 .debug_line    0x0001bce9      0xe32 ./USB_DEVICE/Target/usbd_conf.o

.debug_str      0x00000000    0xe1a54
 .debug_str     0x00000000    0xd70e7 ./Core/Src/ACT.o
                              0xd737d (size before relaxing)
 .debug_str     0x000d70e7     0x45f6 ./Core/Src/COM.o
                              0xdb927 (size before relaxing)
 .debug_str     0x000db6dd      0x4b5 ./Core/Src/POLL.o
                              0xdbe4b (size before relaxing)
 .debug_str     0x000dbb92       0x65 ./Core/Src/TF02.o
                              0xd779e (size before relaxing)
 .debug_str     0x000dbbf7       0x54 ./Core/Src/WRAPPER.o
                              0xdb9b4 (size before relaxing)
 .debug_str     0x000dbc4b      0x903 ./Core/Src/main.o
                              0xdc842 (size before relaxing)
 .debug_str     0x000dc54e      0x628 ./Core/Src/stm32f4xx_hal_msp.o
                              0xd8367 (size before relaxing)
 .debug_str     0x000dcb76      0x4c3 ./Core/Src/stm32f4xx_it.o
                              0xdc2e4 (size before relaxing)
 .debug_str     0x000dd039       0xdb ./Core/Src/system_stm32f4xx.o
                              0xd7124 (size before relaxing)
 .debug_str     0x000dd114       0x44 ./Core/Startup/startup_stm32f446retx.o
                                 0x7a (size before relaxing)
 .debug_str     0x000dd158      0x5f0 ./Drivers/STM32F4xx_HAL_Driver/Src/stm32f4xx_hal.o
                              0xd7ce9 (size before relaxing)
 .debug_str     0x000dd748      0x2bb ./Drivers/STM32F4xx_HAL_Driver/Src/stm32f4xx_hal_adc.o
                              0xd76ec (size before relaxing)
 .debug_str     0x000dda03      0x36b ./Drivers/STM32F4xx_HAL_Driver/Src/stm32f4xx_hal_cortex.o
                              0xd7a40 (size before relaxing)
 .debug_str     0x000ddd6e      0x110 ./Drivers/STM32F4xx_HAL_Driver/Src/stm32f4xx_hal_gpio.o
                              0xd729f (size before relaxing)
 .debug_str     0x000dde7e      0x852 ./Drivers/STM32F4xx_HAL_Driver/Src/stm32f4xx_hal_pcd.o
                              0xd7c35 (size before relaxing)
 .debug_str     0x000de6d0      0x12d ./Drivers/STM32F4xx_HAL_Driver/Src/stm32f4xx_hal_pcd_ex.o
                              0xd7537 (size before relaxing)
 .debug_str     0x000de7fd      0x21f ./Drivers/STM32F4xx_HAL_Driver/Src/stm32f4xx_hal_rcc.o
                              0xd755d (size before relaxing)
 .debug_str     0x000dea1c      0x324 ./Drivers/STM32F4xx_HAL_Driver/Src/stm32f4xx_hal_rcc_ex.o
                              0xd7590 (size before relaxing)
 .debug_str     0x000ded40      0xd84 ./Drivers/STM32F4xx_HAL_Driver/Src/stm32f4xx_hal_tim.o
                              0xd8489 (size before relaxing)
 .debug_str     0x000dfac4      0x493 ./Drivers/STM32F4xx_HAL_Driver/Src/stm32f4xx_hal_tim_ex.o
                              0xd7c95 (size before relaxing)
 .debug_str     0x000dff57      0x612 ./Drivers/STM32F4xx_HAL_Driver/Src/stm32f4xx_hal_uart.o
                              0xd7b14 (size before relaxing)
 .debug_str     0x000e0569      0x4a7 ./Drivers/STM32F4xx_HAL_Driver/Src/stm32f4xx_ll_usb.o
                              0xd7af1 (size before relaxing)