Archive member included to satisfy reference by file (symbol)

/opt/st/stm32cubeide_1.16.0/plugins/com.st.stm32cube.ide.mcu.externaltools.gnu-tools-for-stm32.12.3.rel1.linux64_1.0.200.202406132123/tools/bin/../lib/gcc/arm-none-eabi/12.3.1/../../../../arm-none-eabi/lib/thumb/v7e-m+fp/hard/libc_nano.a(libc_a-exit.o)
                              /opt/st/stm32cubeide_1.16.0/plugins/com.st.stm32cube.ide.mcu.externaltools.gnu-tools-for-stm32.12.3.rel1.linux64_1.0.200.202406132123/tools/bin/../lib/gcc/arm-none-eabi/12.3.1/../../../../arm-none-eabi/lib/thumb/v7e-m+fp/hard/crt0.o (exit)
/opt/st/stm32cubeide_1.16.0/plugins/com.st.stm32cube.ide.mcu.externaltools.gnu-tools-for-stm32.12.3.rel1.linux64_1.0.200.202406132123/tools/bin/../lib/gcc/arm-none-eabi/12.3.1/../../../../arm-none-eabi/lib/thumb/v7e-m+fp/hard/libc_nano.a(libc_a-findfp.o)
                              /opt/st/stm32cubeide_1.16.0/plugins/com.st.stm32cube.ide.mcu.externaltools.gnu-tools-for-stm32.12.3.rel1.linux64_1.0.200.202406132123/tools/bin/../lib/gcc/arm-none-eabi/12.3.1/../../../../arm-none-eabi/lib/thumb/v7e-m+fp/hard/libc_nano.a(libc_a-exit.o) (__stdio_exit_handler)
/opt/st/stm32cubeide_1.16.0/plugins/com.st.stm32cube.ide.mcu.externaltools.gnu-tools-for-stm32.12.3.rel1.linux64_1.0.200.202406132123/tools/bin/../lib/gcc/arm-none-eabi/12.3.1/../../../../arm-none-eabi/lib/thumb/v7e-m+fp/hard/libc_nano.a(libc_a-fwalk.o)
                              /opt/st/stm32cubeide_1.16.0/plugins/com.st.stm32cube.ide.mcu.externaltools.gnu-tools-for-stm32.12.3.rel1.linux64_1.0.200.202406132123/tools/bin/../lib/gcc/arm-none-eabi/12.3.1/../../../../arm-none-eabi/lib/thumb/v7e-m+fp/hard/libc_nano.a(libc_a-findfp.o) (_fwalk_sglue)
/opt/st/stm32cubeide_1.16.0/plugins/com.st.stm32cube.ide.mcu.externaltools.gnu-tools-for-stm32.12.3.rel1.linux64_1.0.200.202406132123/tools/bin/../lib/gcc/arm-none-eabi/12.3.1/../../../../arm-none-eabi/lib/thumb/v7e-m+fp/hard/libc_nano.a(libc_a-stdio.o)
                              /opt/st/stm32cubeide_1.16.0/plugins/com.st.stm32cube.ide.mcu.externaltools.gnu-tools-for-stm32.12.3.rel1.linux64_1.0.200.202406132123/tools/bin/../lib/gcc/arm-none-eabi/12.3.1/../../../../arm-none-eabi/lib/thumb/v7e-m+fp/hard/libc_nano.a(libc_a-findfp.o) (__sread)
/opt/st/stm32cubeide_1.16.0/plugins/com.st.stm32cube.ide.mcu.externaltools.gnu-tools-for-stm32.12.3.rel1.linux64_1.0.200.202406132123/tools/bin/../lib/gcc/arm-none-eabi/12.3.1/../../../../arm-none-eabi/lib/thumb/v7e-m+fp/hard/libc_nano.a(libc_a-memset.o)
                              /opt/st/stm32cubeide_1.16.0/plugins/com.st.stm32cube.ide.mcu.externaltools.gnu-tools-for-stm32.12.3.rel1.linux64_1.0.200.202406132123/tools/bin/../lib/gcc/arm-none-eabi/12.3.1/../../../../arm-none-eabi/lib/thumb/v7e-m+fp/hard/crt0.o (memset)
/opt/st/stm32cubeide_1.16.0/plugins/com.st.stm32cube.ide.mcu.externaltools.gnu-tools-for-stm32.12.3.rel1.linux64_1.0.200.202406132123/tools/bin/../lib/gcc/arm-none-eabi/12.3.1/../../../../arm-none-eabi/lib/thumb/v7e-m+fp/hard/libc_nano.a(libc_a-closer.o)
                              /opt/st/stm32cubeide_1.16.0/plugins/com.st.stm32cube.ide.mcu.externaltools.gnu-tools-for-stm32.12.3.rel1.linux64_1.0.200.202406132123/tools/bin/../lib/gcc/arm-none-eabi/12.3.1/../../../../arm-none-eabi/lib/thumb/v7e-m+fp/hard/libc_nano.a(libc_a-stdio.o) (_close_r)
/opt/st/stm32cubeide_1.16.0/plugins/com.st.stm32cube.ide.mcu.externaltools.gnu-tools-for-stm32.12.3.rel1.linux64_1.0.200.202406132123/tools/bin/../lib/gcc/arm-none-eabi/12.3.1/../../../../arm-none-eabi/lib/thumb/v7e-m+fp/hard/libc_nano.a(libc_a-reent.o)
                              /opt/st/stm32cubeide_1.16.0/plugins/com.st.stm32cube.ide.mcu.externaltools.gnu-tools-for-stm32.12.3.rel1.linux64_1.0.200.202406132123/tools/bin/../lib/gcc/arm-none-eabi/12.3.1/../../../../arm-none-eabi/lib/thumb/v7e-m+fp/hard/libc_nano.a(libc_a-closer.o) (errno)
/opt/st/stm32cubeide_1.16.0/plugins/com.st.stm32cube.ide.mcu.externaltools.gnu-tools-for-stm32.12.3.rel1.linux64_1.0.200.202406132123/tools/bin/../lib/gcc/arm-none-eabi/12.3.1/../../../../arm-none-eabi/lib/thumb/v7e-m+fp/hard/libc_nano.a(libc_a-impure.o)
                              /opt/st/stm32cubeide_1.16.0/plugins/com.st.stm32cube.ide.mcu.externaltools.gnu-tools-for-stm32.12.3.rel1.linux64_1.0.200.202406132123/tools/bin/../lib/gcc/arm-none-eabi/12.3.1/../../../../arm-none-eabi/lib/thumb/v7e-m+fp/hard/libc_nano.a(libc_a-reent.o) (_impure_ptr)
/opt/st/stm32cubeide_1.16.0/plugins/com.st.stm32cube.ide.mcu.externaltools.gnu-tools-for-stm32.12.3.rel1.linux64_1.0.200.202406132123/tools/bin/../lib/gcc/arm-none-eabi/12.3.1/../../../../arm-none-eabi/lib/thumb/v7e-m+fp/hard/libc_nano.a(libc_a-lseekr.o)
                              /opt/st/stm32cubeide_1.16.0/plugins/com.st.stm32cube.ide.mcu.externaltools.gnu-tools-for-stm32.12.3.rel1.linux64_1.0.200.202406132123/tools/bin/../lib/gcc/arm-none-eabi/12.3.1/../../../../arm-none-eabi/lib/thumb/v7e-m+fp/hard/libc_nano.a(libc_a-stdio.o) (_lseek_r)
[...]
Memory Configuration

Name             Origin             Length             Attributes
RAM              0x20000000         0x00020000         xrw
FLASH            0x08000000         0x00080000         xr
*default*        0x00000000         0xffffffff

Linker script and memory map

LOAD /opt/st/stm32cubeide_1.16.0/plugins/com.st.stm32cube.ide.mcu.externaltools.gnu-tools-for-stm32.12.3.rel1.linux64_1.0.200.202406132123/tools/bin/../lib/gcc/arm-none-eabi/12.3.1/thumb/v7e-m+fp/hard/crti.o
LOAD /opt/st/stm32cubeide_1.16.0/plugins/com.st.stm32cube.ide.mcu.externaltools.gnu-tools-for-stm32.12.3.rel1.linux64_1.0.200.202406132123/tools/bin/../lib/gcc/arm-none-eabi/12.3.1/thumb/v7e-m+fp/hard/crtbegin.o
LOAD /opt/st/stm32cubeide_1.16.0/plugins/com.st.stm32cube.ide.mcu.externaltools.gnu-tools-for-stm32.12.3.rel1.linux64_1.0.200.202406132123/tools/bin/../lib/gcc/arm-none-eabi/12.3.1/../../../../arm-none-eabi/lib/thumb/v7e-m+fp/hard/crt0.o
LOAD ./Core/Src/ACT.o
LOAD ./Core/Src/COM.o
LOAD ./Core/Src/POLL.o
LOAD ./Core/Src/TF02.o
LOAD ./Core/Src/WRAPPER.o
LOAD ./Core/Src/main.o
LOAD ./Core/Src/stm32f4xx_hal_msp.o
LOAD ./Core/Src/stm32f4xx_it.o
LOAD ./Core/Src/syscalls.o
LOAD ./Core/Src/sysmem.o
LOAD ./Core/Src/system_stm32f4xx.o
LOAD ./Core/Startup/startup_stm32f446retx.o
LOAD ./Drivers/STM32F4xx_HAL_Driver/Src/stm32f4xx_hal.o
LOAD ./Drivers/STM32F4xx_HAL_Driver/Src/stm32f4xx_hal_cortex.o
LOAD ./Drivers/STM32F4xx_HAL_Driver/Src/stm32f4xx_hal_dma.o
LOAD ./Drivers/STM32F4xx_HAL_Driver/Src/stm32f4xx_hal_dma_ex.o
LOAD ./Drivers/STM32F4xx_HAL_Driver/Src/stm32f4xx_hal_exti.o
LOAD ./Drivers/STM32F4xx_HAL_Driver/Src/stm32f4xx_hal_flash.o
LOAD ./Drivers/STM32F4xx_HAL_Driver/Src/stm32f4xx_hal_flash_ex.o
LOAD ./Drivers/STM32F4xx_HAL_Driver/Src/stm32f4xx_hal_flash_ramfunc.o
LOAD ./Drivers/STM32F4xx_HAL_Driver/Src/stm32f4xx_hal_gpio.o
LOAD ./Drivers/STM32F4xx_HAL_Driver/Src/stm32f4xx_hal_pcd.o
LOAD ./Drivers/STM32F4xx_HAL_Driver/Src/stm32f4xx_hal_pcd_ex.o
LOAD ./Drivers/STM32F4xx_HAL_Driver/Src/stm32f4xx_hal_pwr.o
LOAD ./Drivers/STM32F4xx_HAL_Driver/Src/stm32f4xx_hal_pwr_ex.o
LOAD ./Drivers/STM32F4xx_HAL_Driver/Src/stm32f4xx_hal_rcc.o
LOAD ./Drivers/STM32F4xx_HAL_Driver/Src/stm32f4xx_hal_rcc_ex.o
LOAD ./Drivers/STM32F4xx_HAL_Driver/Src/stm32f4xx_hal_tim.o
LOAD ./Drivers/STM32F4xx_HAL_Driver/Src/stm32f4xx_hal_tim_ex.o
LOAD ./Drivers/STM32F4xx_HAL_Driver/Src/stm32f4xx_hal_uart.o
LOAD ./Drivers/STM32F4xx_HAL_Driver/Src/stm32f4xx_ll_usb.o
LOAD ./Middlewares/ST/STM32_USB_Device_Library/Class/CDC/Src/usbd_cdc.o
LOAD ./Middlewares/ST/STM32_USB_Device_Library/Core/Src/usbd_core.o
LOAD ./Middlewares/ST/STM32_USB_Device_Library/Core/Src/usbd_ctlreq.o
LOAD ./Middlewares/ST/STM32_USB_Device_Library/Core/Src/usbd_ioreq.o
LOAD ./USB_DEVICE/App/usb_device.o
LOAD ./USB_DEVICE/App/usbd_cdc_if.o
LOAD ./USB_DEVICE/App/usbd_desc.o
LOAD ./USB_DEVICE/Target/usbd_conf.o
START GROUP
LOAD /opt/st/stm32cubeide_1.16.0/plugins/com.st.stm32cube.ide.mcu.externaltools.gnu-tools-for-stm32.12.3.rel1.linux64_1.0.200.202406132123/tools/bin/../lib/gcc/arm-none-eabi/12.3.1/../../../../arm-none-eabi/lib/thumb/v7e-m+fp/hard/libc_nano.a
LOAD /opt/st/stm32cubeide_1.16.0/plugins/com.st.stm32cube.ide.mcu.externaltools.gnu-tools-for-stm32.12.3.rel1.linux64_1.0.200.202406132123/tools/bin/../lib/gcc/arm-none-eabi/12.3.1/../../../../arm-none-eabi/lib/thumb/v7e-m+fp/hard/libm.a
END GROUP
START GROUP
LOAD /opt/st/stm32cubeide_1.16.0/plugins/com.st.stm32cube.ide.mcu.externaltools.gnu-tools-for-stm32.12.3.rel1.linux64_1.0.200.202406132123/tools/bin/../lib/gcc/arm-none-eabi/12.3.1/thumb/v7e-m+fp/hard/libgcc.a
LOAD /opt/st/stm32cubeide_1.16.0/plugins/com.st.stm32cube.ide.mcu.externaltools.gnu-tools-for-stm32.12.3.rel1.linux64_1.0.200.202406132123/tools/bin/../lib/gcc/arm-none-eabi/12.3.1/../../../../arm-none-eabi/lib/thumb/v7e-m+fp/hard/libc_nano.a
END GROUP
START GROUP
LOAD /opt/st/stm32cubeide_1.16.0/plugins/com.st.stm32cube.ide.mcu.externaltools.gnu-tools-for-stm32.12.3.rel1.linux64_1.0.200.202406132123/tools/bin/../lib/gcc/arm-none-eabi/12.3.1/thumb/v7e-m+fp/hard/libgcc.a
LOAD /opt/st/stm32cubeide_1.16.0/plugins/com.st.stm32cube.ide.mcu.externaltools.gnu-tools-for-stm32.12.3.rel1.linux64_1.0.200.202406132123/tools/bin/../lib/gcc/arm-none-eabi/12.3.1/../../../../arm-none-eabi/lib/thumb/v7e-m+fp/hard/libc_nano.a
LOAD /opt/st/stm32cubeide_1.16.0/plugins/com.st.stm32cube.ide.mcu.externaltools.gnu-tools-for-stm32.12.3.rel1.linux64_1.0.200.202406132123/tools/bin/../lib/gcc/arm-none-eabi/12.3.1/../../../../arm-none-eabi/lib/thumb/v7e-m+fp/hard/libnosys.a
END GROUP
START GROUP
LOAD /opt/st/stm32cubeide_1.16.0/plugins/com.st.stm32cube.ide.mcu.externaltools.gnu-tools-for-stm32.12.3.rel1.linux64_1.0.200.202406132123/tools/bin/../lib/gcc/arm-none-eabi/12.3.1/thumb/v7e-m+fp/hard/libgcc.a
LOAD /opt/st/stm32cubeide_1.16.0/plugins/com.st.stm32cube.ide.mcu.externaltools.gnu-tools-for-stm32.12.3.rel1.linux64_1.0.200.202406132123/tools/bin/../lib/gcc/arm-none-eabi/12.3.1/../../../../arm-none-eabi/lib/thumb/v7e-m+fp/hard/libc_nano.a
LOAD /opt/st/stm32cubeide_1.16.0/plugins/com.st.stm32cube.ide.mcu.externaltools.gnu-tools-for-stm32.12.3.rel1.linux64_1.0.200.202406132123/tools/bin/../lib/gcc/arm-none-eabi/12.3.1/../../../../arm-none-eabi/lib/thumb/v7e-m+fp/hard/libnosys.a
END GROUP
LOAD /opt/st/stm32cubeide_1.16.0/plugins/com.st.stm32cube.ide.mcu.externaltools.gnu-tools-for-stm32.12.3.rel1.linux64_1.0.200.202406132123/tools/bin/../lib/gcc/arm-none-eabi/12.3.1/thumb/v7e-m+fp/hard/crtend.o
LOAD /opt/st/stm32cubeide_1.16.0/plugins/com.st.stm32cube.ide.mcu.externaltools.gnu-tools-for-stm32.12.3.rel1.linux64_1.0.200.202406132123/tools/bin/../lib/gcc/arm-none-eabi/12.3.1/thumb/v7e-m+fp/hard/crtn.o
                0x20020000                        _estack = (ORIGIN (RAM) + LENGTH (RAM))
                0x00000200                        _Min_Heap_Size = 0x200
                0x00000400                        _Min_Stack_Size = 0x400

.isr_vector     0x08000000      0x1c4
                0x08000000                        . = ALIGN (0x4)
 *(.isr_vector)
 .isr_vector    0x08000000      0x1c4 ./Core/Startup/startup_stm32f446retx.o
                0x08000000                g_pfnVectors
                0x080001c4                        . = ALIGN (0x4)

.text           0x080001c4     0x9340
                0x080001c4                        . = ALIGN (0x4)
 *(.text)
 .text          0x080001c4       0x40 /opt/st/stm32cubeide_1.16.0/plugins/com.st.stm32cube.ide.mcu.externaltools.gnu-tools-for-stm32.12.3.rel1.linux64_1.0.200.202406132123/tools/bin/../lib/gcc/arm-none-eabi/12.3.1/thumb/v7e-m+fp/hard/crtbegin.o
 .text          0x08000204       0x30 /opt/st/stm32cubeide_1.16.0/plugins/com.st.stm32cube.ide.mcu.externaltools.gnu-tools-for-stm32.12.3.rel1.linux64_1.0.200.202406132123/tools/bin/../lib/gcc/arm-none-eabi/12.3.1/thumb/v7e-m+fp/hard/libgcc.a(_aeabi_uldivmod.o)
                0x08000204                __aeabi_uldivmod
 .text          0x08000234      0x2bc /opt/st/stm32cubeide_1.16.0/plugins/com.st.stm32cube.ide.mcu.externaltools.gnu-tools-for-stm32.12.3.rel1.linux64_1.0.200.202406132123/tools/bin/../lib/gcc/arm-none-eabi/12.3.1/thumb/v7e-m+fp/hard/libgcc.a(_udivmoddi4.o)
                0x08000234                __udivmoddi4
 .text          0x080004f0        0x4 /opt/st/stm32cubeide_1.16.0/plugins/com.st.stm32cube.ide.mcu.externaltools.gnu-tools-for-stm32.12.3.rel1.linux64_1.0.200.202406132123/tools/bin/../lib/gcc/arm-none-eabi/12.3.1/thumb/v7e-m+fp/hard/libgcc.a(_dvmd_tls.o)
                0x080004f0                __aeabi_ldiv0
                0x080004f0                __aeabi_idiv0
 *(.text*)
 .text.Lever_Lock
                0x080004f4       0x40 ./Core/Src/ACT.o
                0x080004f4                Lever_Lock
 .text.Alarm_ON
                0x08000534       0x40 ./Core/Src/ACT.o
                0x08000534                Alarm_ON
 .text.Transmit_Msg
                0x08000574       0x6c ./Core/Src/COM.o
                0x08000574                Transmit_Msg
 .text.Receive_Msg
                0x080005e0       0x4c ./Core/Src/COM.o
                0x080005e0                Receive_Msg
 .text.Boom1_Status
                0x0800062c       0xb4 ./Core/Src/POLL.o
                0x0800062c                Boom1_Status
 .text.Boom2_Status
                0x080006e0       0xb8 ./Core/Src/POLL.o
                0x080006e0                Boom2_Status
 .text.UP_Train_Status
                0x08000798       0x80 ./Core/Src/POLL.o
                0x08000798                UP_Train_Status
 .text.DOWN_Train_Status
                0x08000818       0x80 ./Core/Src/POLL.o
                0x08000818                DOWN_Train_Status
 .text.TF02_Get_Dist
                0x08000898       0x54 ./Core/Src/TF02.o
                0x08000898                TF02_Get_Dist
 .text.Start_Polling
                0x080008ec       0x18 ./Core/Src/WRAPPER.o
                0x080008ec                Start_Polling
 .text.Send_If_Change
                0x08000904       0x74 ./Core/Src/WRAPPER.o
                0x08000904                Send_If_Change
 .text.Receive_Handler
                0x08000978       0x14 ./Core/Src/WRAPPER.o
                0x08000978                Receive_Handler
 .text.main     0x0800098c       0x44 ./Core/Src/main.o
                0x0800098c                main
 .text.SystemClock_Config
                0x080009d0       0xd8 ./Core/Src/main.o
                0x080009d0                SystemClock_Config
 .text.MX_TIM1_Init
                0x08000aa8       0xd0 ./Core/Src/main.o
 .text.MX_UART4_Init
                0x08000b78       0x54 ./Core/Src/main.o
 .text.MX_USART1_UART_Init
                0x08000bcc       0x54 ./Core/Src/main.o
 .text.MX_USART2_UART_Init
                0x08000c20       0x54 ./Core/Src/main.o
 .text.MX_USART3_UART_Init
                0x08000c74       0x54 ./Core/Src/main.o
 .text.MX_GPIO_Init
                0x08000cc8       0xf8 ./Core/Src/main.o
 .text.Error_Handler
                0x08000dc0        0xc ./Core/Src/main.o
                0x08000dc0                Error_Handler
 .text.HAL_MspInit
                0x08000dcc       0x50 ./Core/Src/stm32f4xx_hal_msp.o
                0x08000dcc                HAL_MspInit
 .text.HAL_TIM_Base_MspInit
                0x08000e1c       0x50 ./Core/Src/stm32f4xx_hal_msp.o
                0x08000e1c                HAL_TIM_Base_MspInit
 .text.HAL_UART_MspInit
                0x08000e6c      0x210 ./Core/Src/stm32f4xx_hal_msp.o
                0x08000e6c                HAL_UART_MspInit
 .text.NMI_Handler
                0x0800107c        0x8 ./Core/Src/stm32f4xx_it.o
                0x0800107c                NMI_Handler
 .text.HardFault_Handler
                0x08001084        0x8 ./Core/Src/stm32f4xx_it.o
                0x08001084                HardFault_Handler
 .text.MemManage_Handler
                0x0800108c        0x8 ./Core/Src/stm32f4xx_it.o
                0x0800108c                MemManage_Handler
 .text.BusFault_Handler
                0x08001094        0x8 ./Core/Src/stm32f4xx_it.o
                0x08001094                BusFault_Handler
 .text.UsageFault_Handler
                0x0800109c        0x8 ./Core/Src/stm32f4xx_it.o
                0x0800109c                UsageFault_Handler
 .text.SVC_Handler
                0x080010a4        0xe ./Core/Src/stm32f4xx_it.o
                0x080010a4                SVC_Handler
 .text.DebugMon_Handler
                0x080010b2        0xe ./Core/Src/stm32f4xx_it.o
                0x080010b2                DebugMon_Handler
 .text.PendSV_Handler
                0x080010c0        0xe ./Core/Src/stm32f4xx_it.o
                0x080010c0                PendSV_Handler
 .text.SysTick_Handler
                0x080010ce        0xc ./Core/Src/stm32f4xx_it.o
                0x080010ce                SysTick_Handler
 *fill*         0x080010da        0x2 
 .text.TIM1_UP_TIM10_IRQHandler
                0x080010dc       0x18 ./Core/Src/stm32f4xx_it.o
                0x080010dc                TIM1_UP_TIM10_IRQHandler
 .text.OTG_FS_IRQHandler
                0x080010f4       0x14 ./Core/Src/stm32f4xx_it.o
                0x080010f4                OTG_FS_IRQHandler
 .text.SystemInit
                0x08001108       0x24 ./Core/Src/system_stm32f4xx.o
                0x08001108                SystemInit
 .text.Reset_Handler
                0x0800112c       0x50 ./Core/Startup/startup_stm32f446retx.o
                0x0800112c                Reset_Handler
 .text.Default_Handler
                0x0800117c        0x2 ./Core/Startup/startup_stm32f446retx.o
                0x0800117c                RTC_Alarm_IRQHandler
                0x0800117c                EXTI2_IRQHandler
                0x0800117c                TIM8_CC_IRQHandler
                0x0800117c                FMPI2C1_EV_IRQHandler
                0x0800117c                SPI4_IRQHandler
                0x0800117c                TIM1_CC_IRQHandler
                0x0800117c                DMA2_Stream5_IRQHandler
                0x0800117c                DMA1_Stream5_IRQHandler
                0x0800117c                PVD_IRQHandler
                0x0800117c                SDIO_IRQHandler
                0x0800117c                TAMP_STAMP_IRQHandler
                0x0800117c                CAN2_RX1_IRQHandler
                0x0800117c                EXTI3_IRQHandler
                0x0800117c                TIM8_TRG_COM_TIM14_IRQHandler
                0x0800117c                TIM8_UP_TIM13_IRQHandler
                0x0800117c                I2C3_ER_IRQHandler
                0x0800117c                EXTI0_IRQHandler
                0x0800117c                I2C2_EV_IRQHandler
                0x0800117c                DMA1_Stream2_IRQHandler
                0x0800117c                CAN1_RX0_IRQHandler
                0x0800117c                FPU_IRQHandler
                0x0800117c                OTG_HS_WKUP_IRQHandler
                0x0800117c                CAN2_SCE_IRQHandler
                0x0800117c                DMA2_Stream2_IRQHandler
                0x0800117c                SPI1_IRQHandler
                0x0800117c                TIM6_DAC_IRQHandler
                0x0800117c                TIM1_BRK_TIM9_IRQHandler
                0x0800117c                DCMI_IRQHandler
                0x0800117c                CAN2_RX0_IRQHandler
                0x0800117c                DMA2_Stream3_IRQHandler
                0x0800117c                SAI2_IRQHandler
                0x0800117c                USART6_IRQHandler
                0x0800117c                USART3_IRQHandler
                0x0800117c                CAN1_RX1_IRQHandler
                0x0800117c                UART5_IRQHandler
                0x0800117c                DMA2_Stream0_IRQHandler
                0x0800117c                TIM4_IRQHandler
                0x0800117c                QUADSPI_IRQHandler
                0x0800117c                I2C1_EV_IRQHandler
                0x0800117c                DMA1_Stream6_IRQHandler
                0x0800117c                DMA1_Stream1_IRQHandler
                0x0800117c                UART4_IRQHandler
                0x0800117c                TIM3_IRQHandler
                0x0800117c                RCC_IRQHandler
                0x0800117c                TIM8_BRK_TIM12_IRQHandler
                0x0800117c                Default_Handler
                0x0800117c                CEC_IRQHandler
                0x0800117c                EXTI15_10_IRQHandler
                0x0800117c                ADC_IRQHandler
                0x0800117c                DMA1_Stream7_IRQHandler
                0x0800117c                TIM7_IRQHandler
                0x0800117c                CAN2_TX_IRQHandler
                0x0800117c                TIM5_IRQHandler
                0x0800117c                DMA2_Stream7_IRQHandler
                0x0800117c                I2C3_EV_IRQHandler
                0x0800117c                EXTI9_5_IRQHandler
                0x0800117c                RTC_WKUP_IRQHandler
                0x0800117c                SPDIF_RX_IRQHandler
                0x0800117c                SPI2_IRQHandler
                0x0800117c                OTG_HS_EP1_IN_IRQHandler
                0x0800117c                DMA1_Stream0_IRQHandler
                0x0800117c                CAN1_TX_IRQHandler
                0x0800117c                FMPI2C1_ER_IRQHandler
                0x0800117c                EXTI4_IRQHandler
                0x0800117c                OTG_HS_EP1_OUT_IRQHandler
                0x0800117c                WWDG_IRQHandler
                0x0800117c                TIM2_IRQHandler
                0x0800117c                OTG_FS_WKUP_IRQHandler
                0x0800117c                TIM1_TRG_COM_TIM11_IRQHandler
                0x0800117c                OTG_HS_IRQHandler
                0x0800117c                EXTI1_IRQHandler
                0x0800117c                USART2_IRQHandler
                0x0800117c                I2C2_ER_IRQHandler
                0x0800117c                DMA2_Stream1_IRQHandler
                0x0800117c                CAN1_SCE_IRQHandler
                0x0800117c                FLASH_IRQHandler
                0x0800117c                DMA2_Stream4_IRQHandler
                0x0800117c                USART1_IRQHandler
                0x0800117c                SPI3_IRQHandler
                0x0800117c                DMA1_Stream4_IRQHandler
                0x0800117c                I2C1_ER_IRQHandler
                0x0800117c                FMC_IRQHandler
                0x0800117c                DMA2_Stream6_IRQHandler
                0x0800117c                SAI1_IRQHandler
                0x0800117c                DMA1_Stream3_IRQHandler
 *fill*         0x0800117e        0x2 
 .text.HAL_Init
                0x08001180       0x44 ./Drivers/STM32F4xx_HAL_Driver/Src/stm32f4xx_hal.o
                0x08001180                HAL_Init
 .text.HAL_InitTick
                0x080011c4       0x60 ./Drivers/STM32F4xx_HAL_Driver/Src/stm32f4xx_hal.o
                0x080011c4                HAL_InitTick
 .text.HAL_IncTick
                0x08001224       0x28 ./Drivers/STM32F4xx_HAL_Driver/Src/stm32f4xx_hal.o
                0x08001224                HAL_IncTick
 .text.HAL_GetTick
                0x0800124c       0x18 ./Drivers/STM32F4xx_HAL_Driver/Src/stm32f4xx_hal.o
                0x0800124c                HAL_GetTick
 .text.HAL_Delay
                0x08001264       0x48 ./Drivers/STM32F4xx_HAL_Driver/Src/stm32f4xx_hal.o
                0x08001264                HAL_Delay
 .text.__NVIC_SetPriorityGrouping
                0x080012ac       0x48 ./Drivers/STM32F4xx_HAL_Driver/Src/stm32f4xx_hal_cortex.o
 .text.__NVIC_GetPriorityGrouping
                0x080012f4       0x1c ./Drivers/STM32F4xx_HAL_Driver/Src/stm32f4xx_hal_cortex.o
 .text.__NVIC_EnableIRQ
                0x08001310       0x3c ./Drivers/STM32F4xx_HAL_Driver/Src/stm32f4xx_hal_cortex.o
 .text.__NVIC_SetPriority
                0x0800134c       0x54 ./Drivers/STM32F4xx_HAL_Driver/Src/stm32f4xx_hal_cortex.o
 .text.NVIC_EncodePriority
                0x080013a0       0x66 ./Drivers/STM32F4xx_HAL_Driver/Src/stm32f4xx_hal_cortex.o
 *fill*         0x08001406        0x2 
 .text.SysTick_Config
                0x08001408       0x44 ./Drivers/STM32F4xx_HAL_Driver/Src/stm32f4xx_hal_cortex.o
 .text.HAL_NVIC_SetPriorityGrouping
                0x0800144c       0x16 ./Drivers/STM32F4xx_HAL_Driver/Src/stm32f4xx_hal_cortex.o
                0x0800144c                HAL_NVIC_SetPriorityGrouping
 .text.HAL_NVIC_SetPriority
                0x08001462       0x38 ./Drivers/STM32F4xx_HAL_Driver/Src/stm32f4xx_hal_cortex.o
                0x08001462                HAL_NVIC_SetPriority
 .text.HAL_NVIC_EnableIRQ
                0x0800149a       0x1c ./Drivers/STM32F4xx_HAL_Driver/Src/stm32f4xx_hal_cortex.o
                0x0800149a                HAL_NVIC_EnableIRQ
 .text.HAL_SYSTICK_Config
                0x080014b6       0x18 ./Drivers/STM32F4xx_HAL_Driver/Src/stm32f4xx_hal_cortex.o
                0x080014b6                HAL_SYSTICK_Config
 *fill*         0x080014ce        0x2 
 .text.HAL_GPIO_Init
                0x080014d0      0x328 ./Drivers/STM32F4xx_HAL_Driver/Src/stm32f4xx_hal_gpio.o
                0x080014d0                HAL_GPIO_Init
 .text.HAL_GPIO_ReadPin
                0x080017f8       0x30 ./Drivers/STM32F4xx_HAL_Driver/Src/stm32f4xx_hal_gpio.o
                0x080017f8                HAL_GPIO_ReadPin
 .text.HAL_GPIO_WritePin
                0x08001828       0x32 ./Drivers/STM32F4xx_HAL_Driver/Src/stm32f4xx_hal_gpio.o
                0x08001828                HAL_GPIO_WritePin
 .text.HAL_PCD_Init
                0x0800185a      0x22c ./Drivers/STM32F4xx_HAL_Driver/Src/stm32f4xx_hal_pcd.o
                0x0800185a                HAL_PCD_Init
 .text.HAL_PCD_Start
                0x08001a86       0x6a ./Drivers/STM32F4xx_HAL_Driver/Src/stm32f4xx_hal_pcd.o
                0x08001a86                HAL_PCD_Start
 .text.HAL_PCD_IRQHandler
                0x08001af0      0x99c ./Drivers/STM32F4xx_HAL_Driver/Src/stm32f4xx_hal_pcd.o
                0x08001af0                HAL_PCD_IRQHandler
 .text.HAL_PCD_SetAddress
                0x0800248c       0x48 ./Drivers/STM32F4xx_HAL_Driver/Src/stm32f4xx_hal_pcd.o
                0x0800248c                HAL_PCD_SetAddress
 .text.HAL_PCD_EP_Open
                0x080024d4       0xd4 ./Drivers/STM32F4xx_HAL_Driver/Src/stm32f4xx_hal_pcd.o
                0x080024d4                HAL_PCD_EP_Open
 .text.HAL_PCD_EP_Close
                0x080025a8       0x94 ./Drivers/STM32F4xx_HAL_Driver/Src/stm32f4xx_hal_pcd.o
                0x080025a8                HAL_PCD_EP_Close
 .text.HAL_PCD_EP_Receive
                0x0800263c       0x76 ./Drivers/STM32F4xx_HAL_Driver/Src/stm32f4xx_hal_pcd.o
                0x0800263c                HAL_PCD_EP_Receive
 .text.HAL_PCD_EP_GetRxCount
                0x080026b2       0x30 ./Drivers/STM32F4xx_HAL_Driver/Src/stm32f4xx_hal_pcd.o
                0x080026b2                HAL_PCD_EP_GetRxCount
 .text.HAL_PCD_EP_Transmit
                0x080026e2       0x74 ./Drivers/STM32F4xx_HAL_Driver/Src/stm32f4xx_hal_pcd.o
                0x080026e2                HAL_PCD_EP_Transmit
 .text.HAL_PCD_EP_SetStall
                0x08002756       0xc6 ./Drivers/STM32F4xx_HAL_Driver/Src/stm32f4xx_hal_pcd.o
                0x08002756                HAL_PCD_EP_SetStall
 .text.HAL_PCD_EP_ClrStall
                0x0800281c       0xac ./Drivers/STM32F4xx_HAL_Driver/Src/stm32f4xx_hal_pcd.o
                0x0800281c                HAL_PCD_EP_ClrStall
 .text.HAL_PCD_EP_Abort
                0x080028c8       0x62 ./Drivers/STM32F4xx_HAL_Driver/Src/stm32f4xx_hal_pcd.o
                0x080028c8                HAL_PCD_EP_Abort
 .text.PCD_WriteEmptyTxFifo
                0x0800292a      0x118 ./Drivers/STM32F4xx_HAL_Driver/Src/stm32f4xx_hal_pcd.o
 *fill*         0x08002a42        0x2 
 .text.PCD_EP_OutXfrComplete_int
                0x08002a44      0x1d0 ./Drivers/STM32F4xx_HAL_Driver/Src/stm32f4xx_hal_pcd.o
 .text.PCD_EP_OutSetupPacket_int
                0x08002c14       0x8c ./Drivers/STM32F4xx_HAL_Driver/Src/stm32f4xx_hal_pcd.o
 .text.HAL_PCDEx_SetTxFiFo
                0x08002ca0       0x8e ./Drivers/STM32F4xx_HAL_Driver/Src/stm32f4xx_hal_pcd_ex.o
                0x08002ca0                HAL_PCDEx_SetTxFiFo
 .text.HAL_PCDEx_SetRxFiFo
                0x08002d2e       0x22 ./Drivers/STM32F4xx_HAL_Driver/Src/stm32f4xx_hal_pcd_ex.o
                0x08002d2e                HAL_PCDEx_SetRxFiFo
 .text.HAL_PCDEx_ActivateLPM
                0x08002d50       0x48 ./Drivers/STM32F4xx_HAL_Driver/Src/stm32f4xx_hal_pcd_ex.o
                0x08002d50                HAL_PCDEx_ActivateLPM
 .text.HAL_RCC_ClockConfig
                0x08002d98      0x1cc ./Drivers/STM32F4xx_HAL_Driver/Src/stm32f4xx_hal_rcc.o
                0x08002d98                HAL_RCC_ClockConfig
 .text.HAL_RCC_GetHCLKFreq
                0x08002f64       0x18 ./Drivers/STM32F4xx_HAL_Driver/Src/stm32f4xx_hal_rcc.o
                0x08002f64                HAL_RCC_GetHCLKFreq
 .text.HAL_RCC_GetPCLK1Freq
                0x08002f7c       0x28 ./Drivers/STM32F4xx_HAL_Driver/Src/stm32f4xx_hal_rcc.o
                0x08002f7c                HAL_RCC_GetPCLK1Freq
 .text.HAL_RCC_GetPCLK2Freq
                0x08002fa4       0x28 ./Drivers/STM32F4xx_HAL_Driver/Src/stm32f4xx_hal_rcc.o
                0x08002fa4                HAL_RCC_GetPCLK2Freq
 .text.HAL_RCCEx_PeriphCLKConfig
                0x08002fcc      0x654 ./Drivers/STM32F4xx_HAL_Driver/Src/stm32f4xx_hal_rcc_ex.o
                0x08002fcc                HAL_RCCEx_PeriphCLKConfig
 .text.HAL_RCC_GetSysClockFreq
                0x08003620      0x460 ./Drivers/STM32F4xx_HAL_Driver/Src/stm32f4xx_hal_rcc_ex.o
                0x08003620                HAL_RCC_GetSysClockFreq
 .text.HAL_RCC_OscConfig
                0x08003a80      0x53c ./Drivers/STM32F4xx_HAL_Driver/Src/stm32f4xx_hal_rcc_ex.o
                0x08003a80                HAL_RCC_OscConfig
 .text.HAL_TIM_Base_Init
                0x08003fbc       0x9e ./Drivers/STM32F4xx_HAL_Driver/Src/stm32f4xx_hal_tim.o
                0x08003fbc                HAL_TIM_Base_Init
 *fill*         0x0800405a        0x2 
 .text.HAL_TIM_Base_Start_IT
                0x0800405c       0xe0 ./Drivers/STM32F4xx_HAL_Driver/Src/stm32f4xx_hal_tim.o
                0x0800405c                HAL_TIM_Base_Start_IT
 .text.HAL_TIM_IRQHandler
                0x0800413c      0x1e0 ./Drivers/STM32F4xx_HAL_Driver/Src/stm32f4xx_hal_tim.o
                0x0800413c                HAL_TIM_IRQHandler
 .text.HAL_TIM_ConfigClockSource
                0x0800431c      0x18e ./Drivers/STM32F4xx_HAL_Driver/Src/stm32f4xx_hal_tim.o
                0x0800431c                HAL_TIM_ConfigClockSource
 .text.HAL_TIM_SlaveConfigSynchro
                0x080044aa       0x84 ./Drivers/STM32F4xx_HAL_Driver/Src/stm32f4xx_hal_tim.o
                0x080044aa                HAL_TIM_SlaveConfigSynchro
 .text.HAL_TIM_PeriodElapsedCallback
                0x0800452e       0x14 ./Drivers/STM32F4xx_HAL_Driver/Src/stm32f4xx_hal_tim.o
                0x0800452e                HAL_TIM_PeriodElapsedCallback
 .text.HAL_TIM_OC_DelayElapsedCallback
                0x08004542       0x14 ./Drivers/STM32F4xx_HAL_Driver/Src/stm32f4xx_hal_tim.o
                0x08004542                HAL_TIM_OC_DelayElapsedCallback
 .text.HAL_TIM_IC_CaptureCallback
                0x08004556       0x14 ./Drivers/STM32F4xx_HAL_Driver/Src/stm32f4xx_hal_tim.o
                0x08004556                HAL_TIM_IC_CaptureCallback
 .text.HAL_TIM_PWM_PulseFinishedCallback
                0x0800456a       0x14 ./Drivers/STM32F4xx_HAL_Driver/Src/stm32f4xx_hal_tim.o
                0x0800456a                HAL_TIM_PWM_PulseFinishedCallback
 .text.HAL_TIM_TriggerCallback
                0x0800457e       0x14 ./Drivers/STM32F4xx_HAL_Driver/Src/stm32f4xx_hal_tim.o
                0x0800457e                HAL_TIM_TriggerCallback
 *fill*         0x08004592        0x2 
 .text.TIM_Base_SetConfig
                0x08004594      0x14c ./Drivers/STM32F4xx_HAL_Driver/Src/stm32f4xx_hal_tim.o
                0x08004594                TIM_Base_SetConfig
 .text.TIM_SlaveTimer_SetConfig
                0x080046e0      0x122 ./Drivers/STM32F4xx_HAL_Driver/Src/stm32f4xx_hal_tim.o
 .text.TIM_TI1_ConfigInputStage
                0x08004802       0x5e ./Drivers/STM32F4xx_HAL_Driver/Src/stm32f4xx_hal_tim.o
 .text.TIM_TI2_ConfigInputStage
                0x08004860       0x60 ./Drivers/STM32F4xx_HAL_Driver/Src/stm32f4xx_hal_tim.o
 .text.TIM_ITRx_SetConfig
                0x080048c0       0x36 ./Drivers/STM32F4xx_HAL_Driver/Src/stm32f4xx_hal_tim.o
 .text.TIM_ETR_SetConfig
                0x080048f6       0x40 ./Drivers/STM32F4xx_HAL_Driver/Src/stm32f4xx_hal_tim.o
                0x080048f6                TIM_ETR_SetConfig
 *fill*         0x08004936        0x2 
 .text.HAL_TIMEx_MasterConfigSynchronization
                0x08004938       0xf8 ./Drivers/STM32F4xx_HAL_Driver/Src/stm32f4xx_hal_tim_ex.o
                0x08004938                HAL_TIMEx_MasterConfigSynchronization
 .text.HAL_TIMEx_CommutCallback
                0x08004a30       0x14 ./Drivers/STM32F4xx_HAL_Driver/Src/stm32f4xx_hal_tim_ex.o
                0x08004a30                HAL_TIMEx_CommutCallback
 .text.HAL_TIMEx_BreakCallback
                0x08004a44       0x14 ./Drivers/STM32F4xx_HAL_Driver/Src/stm32f4xx_hal_tim_ex.o
                0x08004a44                HAL_TIMEx_BreakCallback
 .text.HAL_UART_Init
                0x08004a58       0xa0 ./Drivers/STM32F4xx_HAL_Driver/Src/stm32f4xx_hal_uart.o
                0x08004a58                HAL_UART_Init
 .text.HAL_UART_Receive
                0x08004af8      0x12e ./Drivers/STM32F4xx_HAL_Driver/Src/stm32f4xx_hal_uart.o
                0x08004af8                HAL_UART_Receive
 .text.UART_WaitOnFlagUntilTimeout
                0x08004c26       0xb2 ./Drivers/STM32F4xx_HAL_Driver/Src/stm32f4xx_hal_uart.o
 .text.UART_EndRxTransfer
                0x08004cd8       0xc6 ./Drivers/STM32F4xx_HAL_Driver/Src/stm32f4xx_hal_uart.o
 *fill*         0x08004d9e        0x2 
 .text.UART_SetConfig
                0x08004da0      0x4e8 ./Drivers/STM32F4xx_HAL_Driver/Src/stm32f4xx_hal_uart.o
 .text.USB_CoreInit
                0x08005288       0xc8 ./Drivers/STM32F4xx_HAL_Driver/Src/stm32f4xx_ll_usb.o
                0x08005288                USB_CoreInit
 .text.USB_SetTurnaroundTime
                0x08005350      0x144 ./Drivers/STM32F4xx_HAL_Driver/Src/stm32f4xx_ll_usb.o
                0x08005350                USB_SetTurnaroundTime
 .text.USB_EnableGlobalInt
                0x08005494       0x22 ./Drivers/STM32F4xx_HAL_Driver/Src/stm32f4xx_ll_usb.o
                0x08005494                USB_EnableGlobalInt
 .text.USB_DisableGlobalInt
                0x080054b6       0x22 ./Drivers/STM32F4xx_HAL_Driver/Src/stm32f4xx_ll_usb.o
                0x080054b6                USB_DisableGlobalInt
 .text.USB_SetCurrentMode
                0x080054d8       0x98 ./Drivers/STM32F4xx_HAL_Driver/Src/stm32f4xx_ll_usb.o
                0x080054d8                USB_SetCurrentMode
 .text.USB_DevInit
                0x08005570      0x2bc ./Drivers/STM32F4xx_HAL_Driver/Src/stm32f4xx_ll_usb.o
                0x08005570                USB_DevInit
 .text.USB_FlushTxFifo
                0x0800582c       0x64 ./Drivers/STM32F4xx_HAL_Driver/Src/stm32f4xx_ll_usb.o
                0x0800582c                USB_FlushTxFifo
 .text.USB_FlushRxFifo
                0x08005890       0x5c ./Drivers/STM32F4xx_HAL_Driver/Src/stm32f4xx_ll_usb.o
                0x08005890                USB_FlushRxFifo
 .text.USB_SetDevSpeed
                0x080058ec       0x32 ./Drivers/STM32F4xx_HAL_Driver/Src/stm32f4xx_ll_usb.o
                0x080058ec                USB_SetDevSpeed
 .text.USB_GetDevSpeed
                0x0800591e       0x4a ./Drivers/STM32F4xx_HAL_Driver/Src/stm32f4xx_ll_usb.o
                0x0800591e                USB_GetDevSpeed
 .text.USB_ActivateEndpoint
                0x08005968      0x10e ./Drivers/STM32F4xx_HAL_Driver/Src/stm32f4xx_ll_usb.o
                0x08005968                USB_ActivateEndpoint
 *fill*         0x08005a76        0x2 
 .text.USB_DeactivateEndpoint
                0x08005a78      0x1b8 ./Drivers/STM32F4xx_HAL_Driver/Src/stm32f4xx_ll_usb.o
                0x08005a78                USB_DeactivateEndpoint
 .text.USB_EPStartXfer
                0x08005c30      0x53c ./Drivers/STM32F4xx_HAL_Driver/Src/stm32f4xx_ll_usb.o
                0x08005c30                USB_EPStartXfer
 .text.USB_EPStopXfer
                0x0800616c      0x154 ./Drivers/STM32F4xx_HAL_Driver/Src/stm32f4xx_ll_usb.o
                0x0800616c                USB_EPStopXfer
 .text.USB_WritePacket
                0x080062c0       0x7c ./Drivers/STM32F4xx_HAL_Driver/Src/stm32f4xx_ll_usb.o
                0x080062c0                USB_WritePacket
 .text.USB_ReadPacket
                0x0800633c       0xb0 ./Drivers/STM32F4xx_HAL_Driver/Src/stm32f4xx_ll_usb.o
                0x0800633c                USB_ReadPacket
 .text.USB_EPSetStall
                0x080063ec       0xdc ./Drivers/STM32F4xx_HAL_Driver/Src/stm32f4xx_ll_usb.o
                0x080063ec                USB_EPSetStall
 .text.USB_EPClearStall
                0x080064c8       0xcc ./Drivers/STM32F4xx_HAL_Driver/Src/stm32f4xx_ll_usb.o
                0x080064c8                USB_EPClearStall
 .text.USB_SetDevAddress
                0x08006594       0x4c ./Drivers/STM32F4xx_HAL_Driver/Src/stm32f4xx_ll_usb.o
                0x08006594                USB_SetDevAddress
 .text.USB_DevConnect
                0x080065e0       0x42 ./Drivers/STM32F4xx_HAL_Driver/Src/stm32f4xx_ll_usb.o
                0x080065e0                USB_DevConnect
 .text.USB_DevDisconnect
                0x08006622       0x42 ./Drivers/STM32F4xx_HAL_Driver/Src/stm32f4xx_ll_usb.o
                0x08006622                USB_DevDisconnect
 .text.USB_ReadInterrupts
                0x08006664       0x26 ./Drivers/STM32F4xx_HAL_Driver/Src/stm32f4xx_ll_usb.o
                0x08006664                USB_ReadInterrupts
 .text.USB_ReadDevAllOutEpInterrupt
                0x0800668a       0x34 ./Drivers/STM32F4xx_HAL_Driver/Src/stm32f4xx_ll_usb.o
                0x0800668a                USB_ReadDevAllOutEpInterrupt
 .text.USB_ReadDevAllInEpInterrupt
                0x080066be       0x34 ./Drivers/STM32F4xx_HAL_Driver/Src/stm32f4xx_ll_usb.o
                0x080066be                USB_ReadDevAllInEpInterrupt
 .text.USB_ReadDevOutEPInterrupt
                0x080066f2       0x3c ./Drivers/STM32F4xx_HAL_Driver/Src/stm32f4xx_ll_usb.o
                0x080066f2                USB_ReadDevOutEPInterrupt
 .text.USB_ReadDevInEPInterrupt
                0x0800672e       0x5c ./Drivers/STM32F4xx_HAL_Driver/Src/stm32f4xx_ll_usb.o
                0x0800672e                USB_ReadDevInEPInterrupt
 .text.USB_GetMode
                0x0800678a       0x1c ./Drivers/STM32F4xx_HAL_Driver/Src/stm32f4xx_ll_usb.o
                0x0800678a                USB_GetMode
 .text.USB_ActivateSetup
                0x080067a6       0x46 ./Drivers/STM32F4xx_HAL_Driver/Src/stm32f4xx_ll_usb.o
                0x080067a6                USB_ActivateSetup
 .text.USB_EP0_OutStart
                0x080067ec       0xbc ./Drivers/STM32F4xx_HAL_Driver/Src/stm32f4xx_ll_usb.o
                0x080067ec                USB_EP0_OutStart
 .text.USB_CoreReset
                0x080068a8       0x70 ./Drivers/STM32F4xx_HAL_Driver/Src/stm32f4xx_ll_usb.o
 .text.USBD_CDC_Init
                0x08006918      0x1f0 ./Middlewares/ST/STM32_USB_Device_Library/Class/CDC/Src/usbd_cdc.o
 .text.USBD_CDC_DeInit
                0x08006b08      0x104 ./Middlewares/ST/STM32_USB_Device_Library/Class/CDC/Src/usbd_cdc.o
 .text.USBD_CDC_Setup
                0x08006c0c      0x1b8 ./Middlewares/ST/STM32_USB_Device_Library/Class/CDC/Src/usbd_cdc.o
 .text.USBD_CDC_DataIn
                0x08006dc4       0xfe ./Middlewares/ST/STM32_USB_Device_Library/Class/CDC/Src/usbd_cdc.o
 .text.USBD_CDC_DataOut
                0x08006ec2       0x70 ./Middlewares/ST/STM32_USB_Device_Library/Class/CDC/Src/usbd_cdc.o
 .text.USBD_CDC_EP0_RxReady
                0x08006f32       0x74 ./Middlewares/ST/STM32_USB_Device_Library/Class/CDC/Src/usbd_cdc.o
 *fill*         0x08006fa6        0x2 
 .text.USBD_CDC_GetFSCfgDesc
                0x08006fa8       0x70 ./Middlewares/ST/STM32_USB_Device_Library/Class/CDC/Src/usbd_cdc.o
 .text.USBD_CDC_GetHSCfgDesc
                0x08007018       0x70 ./Middlewares/ST/STM32_USB_Device_Library/Class/CDC/Src/usbd_cdc.o
 .text.USBD_CDC_GetOtherSpeedCfgDesc
                0x08007088       0x70 ./Middlewares/ST/STM32_USB_Device_Library/Class/CDC/Src/usbd_cdc.o
 .text.USBD_CDC_GetDeviceQualifierDescriptor
                0x080070f8       0x20 ./Middlewares/ST/STM32_USB_Device_Library/Class/CDC/Src/usbd_cdc.o
                0x080070f8                USBD_CDC_GetDeviceQualifierDescriptor
 .text.USBD_CDC_RegisterInterface
                0x08007118       0x34 ./Middlewares/ST/STM32_USB_Device_Library/Class/CDC/Src/usbd_cdc.o
                0x08007118                USBD_CDC_RegisterInterface
 .text.USBD_CDC_SetTxBuffer
                0x0800714c       0x44 ./Middlewares/ST/STM32_USB_Device_Library/Class/CDC/Src/usbd_cdc.o
                0x0800714c                USBD_CDC_SetTxBuffer
 .text.USBD_CDC_SetRxBuffer
                0x08007190       0x3a ./Middlewares/ST/STM32_USB_Device_Library/Class/CDC/Src/usbd_cdc.o
                0x08007190                USBD_CDC_SetRxBuffer
 *fill*         0x080071ca        0x2 
 .text.USBD_CDC_TransmitPacket
                0x080071cc       0x80 ./Middlewares/ST/STM32_USB_Device_Library/Class/CDC/Src/usbd_cdc.o
                0x080071cc                USBD_CDC_TransmitPacket
 .text.USBD_CDC_ReceivePacket
                0x0800724c       0x6c ./Middlewares/ST/STM32_USB_Device_Library/Class/CDC/Src/usbd_cdc.o
                0x0800724c                USBD_CDC_ReceivePacket
 .text.USBD_Init
                0x080072b8       0x60 ./Middlewares/ST/STM32_USB_Device_Library/Core/Src/usbd_core.o
                0x080072b8                USBD_Init
 .text.USBD_RegisterClass
                0x08007318       0x6c ./Middlewares/ST/STM32_USB_Device_Library/Core/Src/usbd_core.o
                0x08007318                USBD_RegisterClass
 .text.USBD_Start
                0x08007384       0x18 ./Middlewares/ST/STM32_USB_Device_Library/Core/Src/usbd_core.o
                0x08007384                USBD_Start
 .text.USBD_RunTestMode
                0x0800739c       0x16 ./Middlewares/ST/STM32_USB_Device_Library/Core/Src/usbd_core.o
                0x0800739c                USBD_RunTestMode
 .text.USBD_SetClassConfig
                0x080073b2       0x38 ./Middlewares/ST/STM32_USB_Device_Library/Core/Src/usbd_core.o
                0x080073b2                USBD_SetClassConfig
 .text.USBD_ClrClassConfig
                0x080073ea       0x34 ./Middlewares/ST/STM32_USB_Device_Library/Core/Src/usbd_core.o
                0x080073ea                USBD_ClrClassConfig
 .text.USBD_LL_SetupStage
                0x0800741e       0xaa ./Middlewares/ST/STM32_USB_Device_Library/Core/Src/usbd_core.o
                0x0800741e                USBD_LL_SetupStage
 .text.USBD_LL_DataOutStage
                0x080074c8      0x178 ./Middlewares/ST/STM32_USB_Device_Library/Core/Src/usbd_core.o
                0x080074c8                USBD_LL_DataOutStage
 .text.USBD_LL_DataInStage
                0x08007640      0x176 ./Middlewares/ST/STM32_USB_Device_Library/Core/Src/usbd_core.o
                0x08007640                USBD_LL_DataInStage
 .text.USBD_LL_Reset
                0x080077b6       0xa6 ./Middlewares/ST/STM32_USB_Device_Library/Core/Src/usbd_core.o
                0x080077b6                USBD_LL_Reset
 .text.USBD_LL_SetSpeed
                0x0800785c       0x20 ./Middlewares/ST/STM32_USB_Device_Library/Core/Src/usbd_core.o
                0x0800785c                USBD_LL_SetSpeed
 .text.USBD_LL_Suspend
                0x0800787c       0x38 ./Middlewares/ST/STM32_USB_Device_Library/Core/Src/usbd_core.o
                0x0800787c                USBD_LL_Suspend
 .text.USBD_LL_Resume
                0x080078b4       0x30 ./Middlewares/ST/STM32_USB_Device_Library/Core/Src/usbd_core.o
                0x080078b4                USBD_LL_Resume
 .text.USBD_LL_SOF
                0x080078e4       0x40 ./Middlewares/ST/STM32_USB_Device_Library/Core/Src/usbd_core.o
                0x080078e4                USBD_LL_SOF
 .text.USBD_LL_IsoINIncomplete
                0x08007924       0x64 ./Middlewares/ST/STM32_USB_Device_Library/Core/Src/usbd_core.o
                0x08007924                USBD_LL_IsoINIncomplete
 .text.USBD_LL_IsoOUTIncomplete
                0x08007988       0x64 ./Middlewares/ST/STM32_USB_Device_Library/Core/Src/usbd_core.o
                0x08007988                USBD_LL_IsoOUTIncomplete
 .text.USBD_LL_DevConnected
                0x080079ec       0x16 ./Middlewares/ST/STM32_USB_Device_Library/Core/Src/usbd_core.o
                0x080079ec                USBD_LL_DevConnected
 .text.USBD_LL_DevDisconnected
                0x08007a02       0x46 ./Middlewares/ST/STM32_USB_Device_Library/Core/Src/usbd_core.o
                0x08007a02                USBD_LL_DevDisconnected
 .text.USBD_CoreFindIF
                0x08007a48       0x1a ./Middlewares/ST/STM32_USB_Device_Library/Core/Src/usbd_core.o
                0x08007a48                USBD_CoreFindIF
 .text.USBD_CoreFindEP
                0x08007a62       0x1a ./Middlewares/ST/STM32_USB_Device_Library/Core/Src/usbd_core.o
                0x08007a62                USBD_CoreFindEP
 .text.USBD_GetEpDesc
                0x08007a7c       0x70 ./Middlewares/ST/STM32_USB_Device_Library/Core/Src/usbd_core.o
                0x08007a7c                USBD_GetEpDesc
 .text.USBD_GetNextDesc
                0x08007aec       0x38 ./Middlewares/ST/STM32_USB_Device_Library/Core/Src/usbd_core.o
                0x08007aec                USBD_GetNextDesc
 .text.SWAPBYTE
                0x08007b24       0x3c ./Middlewares/ST/STM32_USB_Device_Library/Core/Src/usbd_ctlreq.o
 .text.USBD_StdDevReq
                0x08007b60       0xe4 ./Middlewares/ST/STM32_USB_Device_Library/Core/Src/usbd_ctlreq.o
                0x08007b60                USBD_StdDevReq
 .text.USBD_StdItfReq
                0x08007c44       0xd8 ./Middlewares/ST/STM32_USB_Device_Library/Core/Src/usbd_ctlreq.o
                0x08007c44                USBD_StdItfReq
 .text.USBD_StdEPReq
                0x08007d1c      0x33e ./Middlewares/ST/STM32_USB_Device_Library/Core/Src/usbd_ctlreq.o
                0x08007d1c                USBD_StdEPReq
 *fill*         0x0800805a        0x2 
 .text.USBD_GetDescriptor
                0x0800805c      0x328 ./Middlewares/ST/STM32_USB_Device_Library/Core/Src/usbd_ctlreq.o
 .text.USBD_SetAddress
                0x08008384       0x88 ./Middlewares/ST/STM32_USB_Device_Library/Core/Src/usbd_ctlreq.o
 .text.USBD_SetConfig
                0x0800840c      0x154 ./Middlewares/ST/STM32_USB_Device_Library/Core/Src/usbd_ctlreq.o
 .text.USBD_GetConfig
                0x08008560       0x6c ./Middlewares/ST/STM32_USB_Device_Library/Core/Src/usbd_ctlreq.o
 .text.USBD_GetStatus
                0x080085cc       0x68 ./Middlewares/ST/STM32_USB_Device_Library/Core/Src/usbd_ctlreq.o
 .text.USBD_SetFeature
                0x08008634       0x52 ./Middlewares/ST/STM32_USB_Device_Library/Core/Src/usbd_ctlreq.o
 .text.USBD_ClrFeature
                0x08008686       0x44 ./Middlewares/ST/STM32_USB_Device_Library/Core/Src/usbd_ctlreq.o
 .text.USBD_ParseSetupRequest
                0x080086ca       0x74 ./Middlewares/ST/STM32_USB_Device_Library/Core/Src/usbd_ctlreq.o
                0x080086ca                USBD_ParseSetupRequest
 .text.USBD_CtlError
                0x0800873e       0x22 ./Middlewares/ST/STM32_USB_Device_Library/Core/Src/usbd_ctlreq.o
                0x0800873e                USBD_CtlError
 .text.USBD_GetString
                0x08008760       0xa4 ./Middlewares/ST/STM32_USB_Device_Library/Core/Src/usbd_ctlreq.o
                0x08008760                USBD_GetString
 .text.USBD_GetLen
                0x08008804       0x34 ./Middlewares/ST/STM32_USB_Device_Library/Core/Src/usbd_ctlreq.o
 .text.USBD_CtlSendData
                0x08008838       0x3c ./Middlewares/ST/STM32_USB_Device_Library/Core/Src/usbd_ioreq.o
                0x08008838                USBD_CtlSendData
 .text.USBD_CtlContinueSendData
                0x08008874       0x22 ./Middlewares/ST/STM32_USB_Device_Library/Core/Src/usbd_ioreq.o
                0x08008874                USBD_CtlContinueSendData
 .text.USBD_CtlPrepareRx
                0x08008896       0x42 ./Middlewares/ST/STM32_USB_Device_Library/Core/Src/usbd_ioreq.o
                0x08008896                USBD_CtlPrepareRx
 .text.USBD_CtlContinueRx
                0x080088d8       0x22 ./Middlewares/ST/STM32_USB_Device_Library/Core/Src/usbd_ioreq.o
                0x080088d8                USBD_CtlContinueRx
 .text.USBD_CtlSendStatus
                0x080088fa       0x26 ./Middlewares/ST/STM32_USB_Device_Library/Core/Src/usbd_ioreq.o
                0x080088fa                USBD_CtlSendStatus
 .text.USBD_CtlReceiveStatus
                0x08008920       0x26 ./Middlewares/ST/STM32_USB_Device_Library/Core/Src/usbd_ioreq.o
                0x08008920                USBD_CtlReceiveStatus
 *fill*         0x08008946        0x2 
 .text.MX_USB_DEVICE_Init
                0x08008948       0x60 ./USB_DEVICE/App/usb_device.o
                0x08008948                MX_USB_DEVICE_Init
 .text.CDC_Init_FS
                0x080089a8       0x28 ./USB_DEVICE/App/usbd_cdc_if.o
 .text.CDC_DeInit_FS
                0x080089d0       0x10 ./USB_DEVICE/App/usbd_cdc_if.o
 .text.CDC_Control_FS
                0x080089e0       0xbc ./USB_DEVICE/App/usbd_cdc_if.o
 .text.CDC_Receive_FS
                0x08008a9c       0x54 ./USB_DEVICE/App/usbd_cdc_if.o
 .text.CDC_Transmit_FS
                0x08008af0       0x4c ./USB_DEVICE/App/usbd_cdc_if.o
                0x08008af0                CDC_Transmit_FS
 .text.CDC_TransmitCplt_FS
                0x08008b3c       0x22 ./USB_DEVICE/App/usbd_cdc_if.o
 *fill*         0x08008b5e        0x2 
 .text.USBD_FS_DeviceDescriptor
                0x08008b60       0x24 ./USB_DEVICE/App/usbd_desc.o
                0x08008b60                USBD_FS_DeviceDescriptor
 .text.USBD_FS_LangIDStrDescriptor
                0x08008b84       0x24 ./USB_DEVICE/App/usbd_desc.o
                0x08008b84                USBD_FS_LangIDStrDescriptor
 .text.USBD_FS_ProductStrDescriptor
                0x08008ba8       0x3c ./USB_DEVICE/App/usbd_desc.o
                0x08008ba8                USBD_FS_ProductStrDescriptor
 .text.USBD_FS_ManufacturerStrDescriptor
                0x08008be4       0x28 ./USB_DEVICE/App/usbd_desc.o
                0x08008be4                USBD_FS_ManufacturerStrDescriptor
 .text.USBD_FS_SerialStrDescriptor
                0x08008c0c       0x24 ./USB_DEVICE/App/usbd_desc.o
                0x08008c0c                USBD_FS_SerialStrDescriptor
 .text.USBD_FS_ConfigStrDescriptor
                0x08008c30       0x3c ./USB_DEVICE/App/usbd_desc.o
                0x08008c30                USBD_FS_ConfigStrDescriptor
 .text.USBD_FS_InterfaceStrDescriptor
                0x08008c6c       0x3c ./USB_DEVICE/App/usbd_desc.o
                0x08008c6c                USBD_FS_InterfaceStrDescriptor
 .text.USBD_FS_USR_BOSDescriptor
                0x08008ca8       0x24 ./USB_DEVICE/App/usbd_desc.o
                0x08008ca8                USBD_FS_USR_BOSDescriptor
 .text.Get_SerialNum
                0x08008ccc       0x58 ./USB_DEVICE/App/usbd_desc.o
 .text.IntToUnicode
                0x08008d24       0x7e ./USB_DEVICE/App/usbd_desc.o
 *fill*         0x08008da2        0x2 
 .text.HAL_PCD_MspInit
                0x08008da4       0xd4 ./USB_DEVICE/Target/usbd_conf.o
                0x08008da4                HAL_PCD_MspInit
 .text.HAL_PCD_SetupStageCallback
                0x08008e78       0x24 ./USB_DEVICE/Target/usbd_conf.o
                0x08008e78                HAL_PCD_SetupStageCallback
 .text.HAL_PCD_DataOutStageCallback
                0x08008e9c       0x36 ./USB_DEVICE/Target/usbd_conf.o
                0x08008e9c                HAL_PCD_DataOutStageCallback
 .text.HAL_PCD_DataInStageCallback
                0x08008ed2       0x34 ./USB_DEVICE/Target/usbd_conf.o
                0x08008ed2                HAL_PCD_DataInStageCallback
 .text.HAL_PCD_SOFCallback
                0x08008f06       0x1c ./USB_DEVICE/Target/usbd_conf.o
                0x08008f06                HAL_PCD_SOFCallback
 .text.HAL_PCD_ResetCallback
                0x08008f22       0x50 ./USB_DEVICE/Target/usbd_conf.o
                0x08008f22                HAL_PCD_ResetCallback
 *fill*         0x08008f72        0x2 
 .text.HAL_PCD_SuspendCallback
                0x08008f74       0x4c ./USB_DEVICE/Target/usbd_conf.o
                0x08008f74                HAL_PCD_SuspendCallback
 .text.HAL_PCD_ResumeCallback
                0x08008fc0       0x1c ./USB_DEVICE/Target/usbd_conf.o
                0x08008fc0                HAL_PCD_ResumeCallback
 .text.HAL_PCD_ISOOUTIncompleteCallback
                0x08008fdc       0x24 ./USB_DEVICE/Target/usbd_conf.o
                0x08008fdc                HAL_PCD_ISOOUTIncompleteCallback
 .text.HAL_PCD_ISOINIncompleteCallback
                0x08009000       0x24 ./USB_DEVICE/Target/usbd_conf.o
                0x08009000                HAL_PCD_ISOINIncompleteCallback
 .text.HAL_PCD_ConnectCallback
                0x08009024       0x1c ./USB_DEVICE/Target/usbd_conf.o
                0x08009024                HAL_PCD_ConnectCallback
 .text.HAL_PCD_DisconnectCallback
                0x08009040       0x1c ./USB_DEVICE/Target/usbd_conf.o
                0x08009040                HAL_PCD_DisconnectCallback
 .text.USBD_LL_Init
                0x0800905c       0x98 ./USB_DEVICE/Target/usbd_conf.o
                0x0800905c                USBD_LL_Init
 .text.USBD_LL_Start
                0x080090f4       0x36 ./USB_DEVICE/Target/usbd_conf.o
                0x080090f4                USBD_LL_Start
 .text.USBD_LL_OpenEP
                0x0800912a       0x4c ./USB_DEVICE/Target/usbd_conf.o
                0x0800912a                USBD_LL_OpenEP
 .text.USBD_LL_CloseEP
                0x08009176       0x3e ./USB_DEVICE/Target/usbd_conf.o
                0x08009176                USBD_LL_CloseEP
 .text.USBD_LL_StallEP
                0x080091b4       0x3e ./USB_DEVICE/Target/usbd_conf.o
                0x080091b4                USBD_LL_StallEP
 .text.USBD_LL_ClearStallEP
                0x080091f2       0x3e ./USB_DEVICE/Target/usbd_conf.o
                0x080091f2                USBD_LL_ClearStallEP
 .text.USBD_LL_IsStallEP
                0x08009230       0x58 ./USB_DEVICE/Target/usbd_conf.o
                0x08009230                USBD_LL_IsStallEP
 .text.USBD_LL_SetUSBAddress
                0x08009288       0x3e ./USB_DEVICE/Target/usbd_conf.o
                0x08009288                USBD_LL_SetUSBAddress
 .text.USBD_LL_Transmit
                0x080092c6       0x42 ./USB_DEVICE/Target/usbd_conf.o
                0x080092c6                USBD_LL_Transmit
 .text.USBD_LL_PrepareReceive
                0x08009308       0x42 ./USB_DEVICE/Target/usbd_conf.o
                0x08009308                USBD_LL_PrepareReceive
 .text.USBD_LL_GetRxDataSize
                0x0800934a       0x26 ./USB_DEVICE/Target/usbd_conf.o
                0x0800934a                USBD_LL_GetRxDataSize
 .text.HAL_PCDEx_LPM_Callback
                0x08009370       0x9c ./USB_DEVICE/Target/usbd_conf.o
                0x08009370                HAL_PCDEx_LPM_Callback
 .text.USBD_static_malloc
                0x0800940c       0x1c ./USB_DEVICE/Target/usbd_conf.o
                0x0800940c                USBD_static_malloc
 .text.USBD_static_free
                0x08009428       0x14 ./USB_DEVICE/Target/usbd_conf.o
                0x08009428                USBD_static_free
 .text.USBD_Get_USB_Status
                0x0800943c       0x58 ./USB_DEVICE/Target/usbd_conf.o
                0x0800943c                USBD_Get_USB_Status
 .text.memset   0x08009494       0x10 /opt/st/stm32cubeide_1.16.0/plugins/com.st.stm32cube.ide.mcu.externaltools.gnu-tools-for-stm32.12.3.rel1.linux64_1.0.200.202406132123/tools/bin/../lib/gcc/arm-none-eabi/12.3.1/../../../../arm-none-eabi/lib/thumb/v7e-m+fp/hard/libc_nano.a(libc_a-memset.o)
                0x08009494                memset
 .text.__libc_init_array
                0x080094a4       0x48 /opt/st/stm32cubeide_1.16.0/plugins/com.st.stm32cube.ide.mcu.externaltools.gnu-tools-for-stm32.12.3.rel1.linux64_1.0.200.202406132123/tools/bin/../lib/gcc/arm-none-eabi/12.3.1/../../../../arm-none-eabi/lib/thumb/v7e-m+fp/hard/libc_nano.a(libc_a-init.o)
                0x080094a4                __libc_init_array
 *(.glue_7)
 .glue_7        0x080094ec        0x0 linker stubs
 *(.glue_7t)
 .glue_7t       0x080094ec        0x0 linker stubs
 *(.eh_frame)
 .eh_frame      0x080094ec        0x0 /opt/st/stm32cubeide_1.16.0/plugins/com.st.stm32cube.ide.mcu.externaltools.gnu-tools-for-stm32.12.3.rel1.linux64_1.0.200.202406132123/tools/bin/../lib/gcc/arm-none-eabi/12.3.1/thumb/v7e-m+fp/hard/crtbegin.o
 *(.init)
 .init          0x080094ec        0x4 /opt/st/stm32cubeide_1.16.0/plugins/com.st.stm32cube.ide.mcu.externaltools.gnu-tools-for-stm32.12.3.rel1.linux64_1.0.200.202406132123/tools/bin/../lib/gcc/arm-none-eabi/12.3.1/thumb/v7e-m+fp/hard/crti.o
                0x080094ec                _init
 .init          0x080094f0        0x8 /opt/st/stm32cubeide_1.16.0/plugins/com.st.stm32cube.ide.mcu.externaltools.gnu-tools-for-stm32.12.3.rel1.linux64_1.0.200.202406132123/tools/bin/../lib/gcc/arm-none-eabi/12.3.1/thumb/v7e-m+fp/hard/crtn.o
 *(.fini)
 .fini          0x080094f8        0x4 /opt/st/stm32cubeide_1.16.0/plugins/com.st.stm32cube.ide.mcu.externaltools.gnu-tools-for-stm32.12.3.rel1.linux64_1.0.200.202406132123/tools/bin/../lib/gcc/arm-none-eabi/12.3.1/thumb/v7e-m+fp/hard/crti.o
                0x080094f8                _fini
 .fini          0x080094fc        0x8 /opt/st/stm32cubeide_1.16.0/plugins/com.st.stm32cube.ide.mcu.externaltools.gnu-tools-for-stm32.12.3.rel1.linux64_1.0.200.202406132123/tools/bin/../lib/gcc/arm-none-eabi/12.3.1/thumb/v7e-m+fp/hard/crtn.o
                0x08009504                        . = ALIGN (0x4)
                0x08009504                        _etext = .

.vfp11_veneer   0x08009504        0x0
 .vfp11_veneer  0x08009504        0x0 linker stubs

.v4_bx          0x08009504        0x0
 .v4_bx         0x08009504        0x0 linker stubs

.iplt           0x08009504        0x0
 .iplt          0x08009504        0x0 /opt/st/stm32cubeide_1.16.0/plugins/com.st.stm32cube.ide.mcu.externaltools.gnu-tools-for-stm32.12.3.rel1.linux64_1.0.200.202406132123/tools/bin/../lib/gcc/arm-none-eabi/12.3.1/thumb/v7e-m+fp/hard/crtbegin.o

.rodata         0x08009504       0x60
                0x08009504                        . = ALIGN (0x4)
 *(.rodata)
 .rodata        0x08009504       0x46 ./USB_DEVICE/App/usbd_desc.o
 *(.rodata*)
 *fill*         0x0800954a        0x2 
 .rodata.AHBPrescTable
                0x0800954c       0x10 ./Core/Src/system_stm32f4xx.o
                0x0800954c                AHBPrescTable
 .rodata.APBPrescTable
                0x0800955c        0x8 ./Core/Src/system_stm32f4xx.o
                0x0800955c                APBPrescTable
                0x08009564                        . = ALIGN (0x4)

.ARM.extab      0x08009564        0x0
                0x08009564                        . = ALIGN (0x4)
 *(.ARM.extab* .gnu.linkonce.armextab.*)
                0x08009564                        . = ALIGN (0x4)

.ARM            0x08009564        0x8
                0x08009564                        . = ALIGN (0x4)
                0x08009564                        __exidx_start = .
 *(.ARM.exidx*)
 .ARM.exidx     0x08009564        0x8 /opt/st/stm32cubeide_1.16.0/plugins/com.st.stm32cube.ide.mcu.externaltools.gnu-tools-for-stm32.12.3.rel1.linux64_1.0.200.202406132123/tools/bin/../lib/gcc/arm-none-eabi/12.3.1/thumb/v7e-m+fp/hard/libgcc.a(_udivmoddi4.o)
                0x0800956c                        __exidx_end = .
                0x0800956c                        . = ALIGN (0x4)

.preinit_array  0x0800956c        0x0
                0x0800956c                        . = ALIGN (0x4)
                0x0800956c                        PROVIDE (__preinit_array_start = .)
 *(.preinit_array*)
                0x0800956c                        PROVIDE (__preinit_array_end = .)
                0x0800956c                        . = ALIGN (0x4)

.init_array     0x0800956c        0x4
                0x0800956c                        . = ALIGN (0x4)
                0x0800956c                        PROVIDE (__init_array_start = .)
 *(SORT_BY_NAME(.init_array.*))
 *(.init_array*)
 .init_array    0x0800956c        0x4 /opt/st/stm32cubeide_1.16.0/plugins/com.st.stm32cube.ide.mcu.externaltools.gnu-tools-for-stm32.12.3.rel1.linux64_1.0.200.202406132123/tools/bin/../lib/gcc/arm-none-eabi/12.3.1/thumb/v7e-m+fp/hard/crtbegin.o
                0x08009570                        PROVIDE (__init_array_end = .)
                0x08009570                        . = ALIGN (0x4)

.fini_array     0x08009570        0x4
                0x08009570                        . = ALIGN (0x4)
                [!provide]                        PROVIDE (__fini_array_start = .)
 *(SORT_BY_NAME(.fini_array.*))
 *(.fini_array*)
 .fini_array    0x08009570        0x4 /opt/st/stm32cubeide_1.16.0/plugins/com.st.stm32cube.ide.mcu.externaltools.gnu-tools-for-stm32.12.3.rel1.linux64_1.0.200.202406132123/tools/bin/../lib/gcc/arm-none-eabi/12.3.1/thumb/v7e-m+fp/hard/crtbegin.o
                [!provide]                        PROVIDE (__fini_array_end = .)
                0x08009574                        . = ALIGN (0x4)
                0x08009574                        _sidata = LOADADDR (.data)

.rel.dyn        0x08009574        0x0
 .rel.iplt      0x08009574        0x0 /opt/st/stm32cubeide_1.16.0/plugins/com.st.stm32cube.ide.mcu.externaltools.gnu-tools-for-stm32.12.3.rel1.linux64_1.0.200.202406132123/tools/bin/../lib/gcc/arm-none-eabi/12.3.1/thumb/v7e-m+fp/hard/crtbegin.o

.data           0x20000000      0x11c load address 0x08009574
                0x20000000                        . = ALIGN (0x4)
                0x20000000                        _sdata = .
 *(.data)
 *(.data*)
 .data.temp_rx_buff
                0x20000000        0x2 ./Core/Src/COM.o
                0x20000000                temp_rx_buff
 *fill*         0x20000002        0x2 
 .data.temp_tx_buff
                0x20000004        0xa ./Core/Src/COM.o
                0x20000004                temp_tx_buff
 *fill*         0x2000000e        0x2 
 .data.SystemCoreClock
                0x20000010        0x4 ./Core/Src/system_stm32f4xx.o
                0x20000010                SystemCoreClock
 .data.uwTickPrio
                0x20000014        0x4 ./Drivers/STM32F4xx_HAL_Driver/Src/stm32f4xx_hal.o
                0x20000014                uwTickPrio
 .data.uwTickFreq
                0x20000018        0x1 ./Drivers/STM32F4xx_HAL_Driver/Src/stm32f4xx_hal.o
                0x20000018                uwTickFreq
 *fill*         0x20000019        0x3 
 .data.USBD_CDC_DeviceQualifierDesc
                0x2000001c        0xa ./Middlewares/ST/STM32_USB_Device_Library/Class/CDC/Src/usbd_cdc.o
 *fill*         0x20000026        0x2 
 .data.USBD_CDC
                0x20000028       0x38 ./Middlewares/ST/STM32_USB_Device_Library/Class/CDC/Src/usbd_cdc.o
                0x20000028                USBD_CDC
 .data.USBD_CDC_CfgDesc
                0x20000060       0x43 ./Middlewares/ST/STM32_USB_Device_Library/Class/CDC/Src/usbd_cdc.o
 .data.CDCInEpAdd
                0x200000a3        0x1 ./Middlewares/ST/STM32_USB_Device_Library/Class/CDC/Src/usbd_cdc.o
 .data.CDCOutEpAdd
                0x200000a4        0x1 ./Middlewares/ST/STM32_USB_Device_Library/Class/CDC/Src/usbd_cdc.o
 .data.CDCCmdEpAdd
                0x200000a5        0x1 ./Middlewares/ST/STM32_USB_Device_Library/Class/CDC/Src/usbd_cdc.o
 *fill*         0x200000a6        0x2 
 .data.USBD_Interface_fops_FS
                0x200000a8       0x14 ./USB_DEVICE/App/usbd_cdc_if.o
                0x200000a8                USBD_Interface_fops_FS
 .data.FS_Desc  0x200000bc       0x20 ./USB_DEVICE/App/usbd_desc.o
                0x200000bc                FS_Desc
 .data.USBD_FS_DeviceDesc
                0x200000dc       0x12 ./USB_DEVICE/App/usbd_desc.o
                0x200000dc                USBD_FS_DeviceDesc
 *fill*         0x200000ee        0x2 
 .data.USBD_FS_BOSDesc
                0x200000f0        0xc ./USB_DEVICE/App/usbd_desc.o
                0x200000f0                USBD_FS_BOSDesc
 .data.USBD_LangIDDesc
                0x200000fc        0x4 ./USB_DEVICE/App/usbd_desc.o
                0x200000fc                USBD_LangIDDesc
 .data.USBD_StringSerial
                0x20000100       0x1a ./USB_DEVICE/App/usbd_desc.o
                0x20000100                USBD_StringSerial
 *(.RamFunc)
 *(.RamFunc*)
                0x2000011c                        . = ALIGN (0x4)
 *fill*         0x2000011a        0x2 
                0x2000011c                        _edata = .

.igot.plt       0x2000011c        0x0 load address 0x08009690
 .igot.plt      0x2000011c        0x0 /opt/st/stm32cubeide_1.16.0/plugins/com.st.stm32cube.ide.mcu.externaltools.gnu-tools-for-stm32.12.3.rel1.linux64_1.0.200.202406132123/tools/bin/../lib/gcc/arm-none-eabi/12.3.1/thumb/v7e-m+fp/hard/crtbegin.o
                0x2000011c                        . = ALIGN (0x4)

.bss            0x2000011c     0x1d80 load address 0x08009690
                0x2000011c                        _sbss = .
                0x2000011c                        __bss_start__ = _sbss
 *(.bss)
 .bss           0x2000011c       0x1c /opt/st/stm32cubeide_1.16.0/plugins/com.st.stm32cube.ide.mcu.externaltools.gnu-tools-for-stm32.12.3.rel1.linux64_1.0.200.202406132123/tools/bin/../lib/gcc/arm-none-eabi/12.3.1/thumb/v7e-m+fp/hard/crtbegin.o
 *(.bss*)
 .bss.rx_buff   0x20000138        0x5 ./Core/Src/COM.o
                0x20000138                rx_buff
 *fill*         0x2000013d        0x3 
 .bss.tx_buff   0x20000140        0xa ./Core/Src/COM.o
                0x20000140                tx_buff
 *fill*         0x2000014a        0x2 
 .bss.htim1     0x2000014c       0x48 ./Core/Src/main.o
                0x2000014c                htim1
 .bss.huart4    0x20000194       0x48 ./Core/Src/main.o
                0x20000194                huart4
 .bss.huart1    0x200001dc       0x48 ./Core/Src/main.o
                0x200001dc                huart1
 .bss.huart2    0x20000224       0x48 ./Core/Src/main.o
                0x20000224                huart2
 .bss.huart3    0x2000026c       0x48 ./Core/Src/main.o
                0x2000026c                huart3
 .bss.uwTick    0x200002b4        0x4 ./Drivers/STM32F4xx_HAL_Driver/Src/stm32f4xx_hal.o
                0x200002b4                uwTick
 .bss.cfgidx.0  0x200002b8        0x1 ./Middlewares/ST/STM32_USB_Device_Library/Core/Src/usbd_ctlreq.o
 *fill*         0x200002b9        0x3 
 .bss.hUsbDeviceFS
                0x200002bc      0x2dc ./USB_DEVICE/App/usb_device.o
                0x200002bc                hUsbDeviceFS
 .bss.UserRxBufferFS
                0x20000598      0x800 ./USB_DEVICE/App/usbd_cdc_if.o
                0x20000598                UserRxBufferFS
 .bss.UserTxBufferFS
                0x20000d98      0x800 ./USB_DEVICE/App/usbd_cdc_if.o
                0x20000d98                UserTxBufferFS
 .bss.USBD_StrDesc
                0x20001598      0x200 ./USB_DEVICE/App/usbd_desc.o
                0x20001598                USBD_StrDesc
 .bss.hpcd_USB_OTG_FS
                0x20001798      0x4e4 ./USB_DEVICE/Target/usbd_conf.o
                0x20001798                hpcd_USB_OTG_FS
 .bss.mem.0     0x20001c7c      0x220 ./USB_DEVICE/Target/usbd_conf.o
 *(COMMON)
                0x20001e9c                        . = ALIGN (0x4)
                0x20001e9c                        _ebss = .
                0x20001e9c                        __bss_end__ = _ebss

._user_heap_stack
                0x20001e9c      0x604 load address 0x08009690
                0x20001ea0                        . = ALIGN (0x8)
 *fill*         0x20001e9c        0x4 
                [!provide]                        PROVIDE (end = .)
                0x20001ea0                        PROVIDE (_end = .)
                0x200020a0                        . = (. + _Min_Heap_Size)
 *fill*         0x20001ea0      0x200 
                0x200024a0                        . = (. + _Min_Stack_Size)
 *fill*         0x200020a0      0x400 
                0x200024a0                        . = ALIGN (0x8)

/DISCARD/
 libc.a(*)
 libm.a(*)
 libgcc.a(*)

.ARM.attributes
                0x00000000       0x30
 *(.ARM.attributes)
 .ARM.attributes
                0x00000000       0x22 /opt/st/stm32cubeide_1.16.0/plugins/com.st.stm32cube.ide.mcu.externaltools.gnu-tools-for-stm32.12.3.rel1.linux64_1.0.200.202406132123/tools/bin/../lib/gcc/arm-none-eabi/12.3.1/thumb/v7e-m+fp/hard/crti.o
 .ARM.attributes
                0x00000022       0x34 /opt/st/stm32cubeide_1.16.0/plugins/com.st.stm32cube.ide.mcu.externaltools.gnu-tools-for-stm32.12.3.rel1.linux64_1.0.200.202406132123/tools/bin/../lib/gcc/arm-none-eabi/12.3.1/thumb/v7e-m+fp/hard/crtbegin.o
 .ARM.attributes
                0x00000056       0x34 ./Core/Src/ACT.o
 .ARM.attributes
                0x0000008a       0x34 ./Core/Src/COM.o
 .ARM.attributes
                0x000000be       0x34 ./Core/Src/POLL.o
 .ARM.attributes
                0x000000f2       0x34 ./Core/Src/TF02.o
 .ARM.attributes
                0x00000126       0x34 ./Core/Src/WRAPPER.o
 .ARM.attributes
                0x0000015a       0x34 ./Core/Src/main.o
 .ARM.attributes
                0x0000018e       0x34 ./Core/Src/stm32f4xx_hal_msp.o
 .ARM.attributes
                0x000001c2       0x34 ./Core/Src/stm32f4xx_it.o
 .ARM.attributes
                0x000001f6       0x34 ./Core/Src/system_stm32f4xx.o
 .ARM.attributes
                0x0000022a       0x21 ./Core/Startup/startup_stm32f446retx.o
 .ARM.attributes
                0x0000024b       0x34 ./Drivers/STM32F4xx_HAL_Driver/Src/stm32f4xx_hal.o
 .ARM.attributes
                0x0000027f       0x34 ./Drivers/STM32F4xx_HAL_Driver/Src/stm32f4xx_hal_cortex.o
 .ARM.attributes
                0x000002b3       0x34 ./Drivers/STM32F4xx_HAL_Driver/Src/stm32f4xx_hal_gpio.o
 .ARM.attributes
                0x000002e7       0x34 ./Drivers/STM32F4xx_HAL_Driver/Src/stm32f4xx_hal_pcd.o
 .ARM.attributes
                0x0000031b       0x34 ./Drivers/STM32F4xx_HAL_Driver/Src/stm32f4xx_hal_pcd_ex.o
 .ARM.attributes
                0x0000034f       0x34 ./Drivers/STM32F4xx_HAL_Driver/Src/stm32f4xx_hal_rcc.o
 .ARM.attributes
                0x00000383       0x34 ./Drivers/STM32F4xx_HAL_Driver/Src/stm32f4xx_hal_rcc_ex.o
 .ARM.attributes
                0x000003b7       0x34 ./Drivers/STM32F4xx_HAL_Driver/Src/stm32f4xx_hal_tim.o
 .ARM.attributes
                0x000003eb       0x34 ./Drivers/STM32F4xx_HAL_Driver/Src/stm32f4xx_hal_tim_ex.o
 .ARM.attributes
                0x0000041f       0x34 ./Drivers/STM32F4xx_HAL_Driver/Src/stm32f4xx_hal_uart.o
 .ARM.attributes
                0x00000453       0x34 ./Drivers/STM32F4xx_HAL_Driver/Src/stm32f4xx_ll_usb.o
 .ARM.attributes
                0x00000487       0x34 ./Middlewares/ST/STM32_USB_Device_Library/Class/CDC/Src/usbd_cdc.o
 .ARM.attributes
                0x000004bb       0x34 ./Middlewares/ST/STM32_USB_Device_Library/Core/Src/usbd_core.o
 .ARM.attributes
                0x000004ef       0x34 ./Middlewares/ST/STM32_USB_Device_Library/Core/Src/usbd_ctlreq.o
 .ARM.attributes
                0x00000523       0x34 ./Middlewares/ST/STM32_USB_Device_Library/Core/Src/usbd_ioreq.o
 .ARM.attributes
                0x00000557       0x34 ./USB_DEVICE/App/usb_device.o
 .ARM.attributes
                0x0000058b       0x34 ./USB_DEVICE/App/usbd_cdc_if.o
 .ARM.attributes
                0x000005bf       0x34 ./USB_DEVICE/App/usbd_desc.o
 .ARM.attributes
                0x000005f3       0x34 ./USB_DEVICE/Target/usbd_conf.o
 .ARM.attributes
                0x00000627       0x34 /opt/st/stm32cubeide_1.16.0/plugins/com.st.stm32cube.ide.mcu.externaltools.gnu-tools-for-stm32.12.3.rel1.linux64_1.0.200.202406132123/tools/bin/../lib/gcc/arm-none-eabi/12.3.1/../../../../arm-none-eabi/lib/thumb/v7e-m+fp/hard/libc_nano.a(libc_a-memset.o)
 .ARM.attributes
                0x0000065b       0x34 /opt/st/stm32cubeide_1.16.0/plugins/com.st.stm32cube.ide.mcu.externaltools.gnu-tools-for-stm32.12.3.rel1.linux64_1.0.200.202406132123/tools/bin/../lib/gcc/arm-none-eabi/12.3.1/../../../../arm-none-eabi/lib/thumb/v7e-m+fp/hard/libc_nano.a(libc_a-init.o)
 .ARM.attributes
                0x0000068f       0x22 /opt/st/stm32cubeide_1.16.0/plugins/com.st.stm32cube.ide.mcu.externaltools.gnu-tools-for-stm32.12.3.rel1.linux64_1.0.200.202406132123/tools/bin/../lib/gcc/arm-none-eabi/12.3.1/thumb/v7e-m+fp/hard/libgcc.a(_aeabi_uldivmod.o)
 .ARM.attributes
                0x000006b1       0x34 /opt/st/stm32cubeide_1.16.0/plugins/com.st.stm32cube.ide.mcu.externaltools.gnu-tools-for-stm32.12.3.rel1.linux64_1.0.200.202406132123/tools/bin/../lib/gcc/arm-none-eabi/12.3.1/thumb/v7e-m+fp/hard/libgcc.a(_udivmoddi4.o)
 .ARM.attributes
                0x000006e5       0x22 /opt/st/stm32cubeide_1.16.0/plugins/com.st.stm32cube.ide.mcu.externaltools.gnu-tools-for-stm32.12.3.rel1.linux64_1.0.200.202406132123/tools/bin/../lib/gcc/arm-none-eabi/12.3.1/thumb/v7e-m+fp/hard/libgcc.a(_dvmd_tls.o)
 .ARM.attributes
                0x00000707       0x22 /opt/st/stm32cubeide_1.16.0/plugins/com.st.stm32cube.ide.mcu.externaltools.gnu-tools-for-stm32.12.3.rel1.linux64_1.0.200.202406132123/tools/bin/../lib/gcc/arm-none-eabi/12.3.1/thumb/v7e-m+fp/hard/crtn.o
OUTPUT(RAILWAY_GATE_FINAL.elf elf32-littlearm)
LOAD linker stubs
LOAD /opt/st/stm32cubeide_1.16.0/plugins/com.st.stm32cube.ide.mcu.externaltools.gnu-tools-for-stm32.12.3.rel1.linux64_1.0.200.202406132123/tools/bin/../lib/gcc/arm-none-eabi/12.3.1/../../../../arm-none-eabi/lib/thumb/v7e-m+fp/hard/libc.a
LOAD /opt/st/stm32cubeide_1.16.0/plugins/com.st.stm32cube.ide.mcu.externaltools.gnu-tools-for-stm32.12.3.rel1.linux64_1.0.200.202406132123/tools/bin/../lib/gcc/arm-none-eabi/12.3.1/../../../../arm-none-eabi/lib/thumb/v7e-m+fp/hard/libm.a
LOAD /opt/st/stm32cubeide_1.16.0/plugins/com.st.stm32cube.ide.mcu.externaltools.gnu-tools-for-stm32.12.3.rel1.linux64_1.0.200.202406132123/tools/bin/../lib/gcc/arm-none-eabi/12.3.1/thumb/v7e-m+fp/hard/libgcc.a

.debug_info     0x00000000    0x183d9
 .debug_info    0x00000000      0x1eb ./Core/Src/ACT.o
 .debug_info    0x000001eb      0x174 ./Core/Src/COM.o
 .debug_info    0x0000035f      0x737 ./Core/Src/POLL.o
 .debug_info    0x00000a96      0x61b ./Core/Src/TF02.o
 .debug_info    0x000010b1      0x161 ./Core/Src/WRAPPER.o
 .debug_info    0x00001212     0x11bd ./Core/Src/main.o
 .debug_info    0x000023cf     0x1056 ./Core/Src/stm32f4xx_hal_msp.o
 .debug_info    0x00003425      0xc36 ./Core/Src/stm32f4xx_it.o
 .debug_info    0x0000405b      0x54a ./Core/Src/system_stm32f4xx.o
 .debug_info    0x000045a5       0x30 ./Core/Startup/startup_stm32f446retx.o
 .debug_info    0x000045d5      0x99a ./Drivers/STM32F4xx_HAL_Driver/Src/stm32f4xx_hal.o
 .debug_info    0x00004f6f      0xdaa ./Drivers/STM32F4xx_HAL_Driver/Src/stm32f4xx_hal_cortex.o
 .debug_info    0x00005d19      0x70b ./Drivers/STM32F4xx_HAL_Driver/Src/stm32f4xx_hal_gpio.o
 .debug_info    0x00006424     0x15e3 ./Drivers/STM32F4xx_HAL_Driver/Src/stm32f4xx_hal_pcd.o
 .debug_info    0x00007a07      0x7b4 ./Drivers/STM32F4xx_HAL_Driver/Src/stm32f4xx_hal_pcd_ex.o
 .debug_info    0x000081bb      0x8ff ./Drivers/STM32F4xx_HAL_Driver/Src/stm32f4xx_hal_rcc.o
 .debug_info    0x00008aba      0x960 ./Drivers/STM32F4xx_HAL_Driver/Src/stm32f4xx_hal_rcc_ex.o
 .debug_info    0x0000941a     0x299d ./Drivers/STM32F4xx_HAL_Driver/Src/stm32f4xx_hal_tim.o
 .debug_info    0x0000bdb7     0x14db ./Drivers/STM32F4xx_HAL_Driver/Src/stm32f4xx_hal_tim_ex.o
 .debug_info    0x0000d292     0x2f4f ./Drivers/STM32F4xx_HAL_Driver/Src/stm32f4xx_hal_uart.o
 .debug_info    0x000101e1     0x19f1 ./Drivers/STM32F4xx_HAL_Driver/Src/stm32f4xx_ll_usb.o
 .debug_info    0x00011bd2     0x1323 ./Middlewares/ST/STM32_USB_Device_Library/Class/CDC/Src/usbd_cdc.o
 .debug_info    0x00012ef5      0xe1f ./Middlewares/ST/STM32_USB_Device_Library/Core/Src/usbd_core.o
 .debug_info    0x00013d14      0xaf8 ./Middlewares/ST/STM32_USB_Device_Library/Core/Src/usbd_ctlreq.o
 .debug_info    0x0001480c      0x76f ./Middlewares/ST/STM32_USB_Device_Library/Core/Src/usbd_ioreq.o
 .debug_info    0x00014f7b      0x71b ./USB_DEVICE/App/usb_device.o
 .debug_info    0x00015696      0x930 ./USB_DEVICE/App/usbd_cdc_if.o
 .debug_info    0x00015fc6      0x4ba ./USB_DEVICE/App/usbd_desc.o
 .debug_info    0x00016480     0x1f59 ./USB_DEVICE/Target/usbd_conf.o

.debug_abbrev   0x00000000     0x3b58
 .debug_abbrev  0x00000000      0x106 ./Core/Src/ACT.o
 .debug_abbrev  0x00000106       0xa9 ./Core/Src/COM.o
 .debug_abbrev  0x000001af      0x188 ./Core/Src/POLL.o
 .debug_abbrev  0x00000337      0x16c ./Core/Src/TF02.o
 .debug_abbrev  0x000004a3       0x99 ./Core/Src/WRAPPER.o
 .debug_abbrev  0x0000053c      0x2f0 ./Core/Src/main.o
 .debug_abbrev  0x0000082c      0x20a ./Core/Src/stm32f4xx_hal_msp.o
 .debug_abbrev  0x00000a36      0x201 ./Core/Src/stm32f4xx_it.o
 .debug_abbrev  0x00000c37      0x11a ./Core/Src/system_stm32f4xx.o
 .debug_abbrev  0x00000d51       0x24 ./Core/Startup/startup_stm32f446retx.o
 .debug_abbrev  0x00000d75      0x214 ./Drivers/STM32F4xx_HAL_Driver/Src/stm32f4xx_hal.o
 .debug_abbrev  0x00000f89      0x31d ./Drivers/STM32F4xx_HAL_Driver/Src/stm32f4xx_hal_cortex.o
 .debug_abbrev  0x000012a6      0x1d4 ./Drivers/STM32F4xx_HAL_Driver/Src/stm32f4xx_hal_gpio.o
 .debug_abbrev  0x0000147a      0x2d0 ./Drivers/STM32F4xx_HAL_Driver/Src/stm32f4xx_hal_pcd.o
 .debug_abbrev  0x0000174a      0x1dd ./Drivers/STM32F4xx_HAL_Driver/Src/stm32f4xx_hal_pcd_ex.o
 .debug_abbrev  0x00001927      0x2b7 ./Drivers/STM32F4xx_HAL_Driver/Src/stm32f4xx_hal_rcc.o
 .debug_abbrev  0x00001bde      0x211 ./Drivers/STM32F4xx_HAL_Driver/Src/stm32f4xx_hal_rcc_ex.o
 .debug_abbrev  0x00001def      0x278 ./Drivers/STM32F4xx_HAL_Driver/Src/stm32f4xx_hal_tim.o
 .debug_abbrev  0x00002067      0x283 ./Drivers/STM32F4xx_HAL_Driver/Src/stm32f4xx_hal_tim_ex.o
 .debug_abbrev  0x000022ea      0x30e ./Drivers/STM32F4xx_HAL_Driver/Src/stm32f4xx_hal_uart.o
 .debug_abbrev  0x000025f8      0x2b3 ./Drivers/STM32F4xx_HAL_Driver/Src/stm32f4xx_ll_usb.o
 .debug_abbrev  0x000028ab      0x2d2 ./Middlewares/ST/STM32_USB_Device_Library/Class/CDC/Src/usbd_cdc.o
 .debug_abbrev  0x00002b7d      0x27c ./Middlewares/ST/STM32_USB_Device_Library/Core/Src/usbd_core.o
 .debug_abbrev  0x00002df9      0x26f ./Middlewares/ST/STM32_USB_Device_Library/Core/Src/usbd_ctlreq.o
 .debug_abbrev  0x00003068      0x19a ./Middlewares/ST/STM32_USB_Device_Library/Core/Src/usbd_ioreq.o
 .debug_abbrev  0x00003202      0x195 ./USB_DEVICE/App/usb_device.o
 .debug_abbrev  0x00003397      0x29d ./USB_DEVICE/App/usbd_cdc_if.o
 .debug_abbrev  0x00003634      0x1e3 ./USB_DEVICE/App/usbd_desc.o
 .debug_abbrev  0x00003817      0x341 ./USB_DEVICE/Target/usbd_conf.o

.debug_aranges  0x00000000     0x1450
 .debug_aranges
                0x00000000       0x28 ./Core/Src/ACT.o
 .debug_aranges
                0x00000028       0x28 ./Core/Src/COM.o
 .debug_aranges
                0x00000050       0x38 ./Core/Src/POLL.o
 .debug_aranges
                0x00000088       0x20 ./Core/Src/TF02.o
 .debug_aranges
                0x000000a8       0x30 ./Core/Src/WRAPPER.o
 .debug_aranges
                0x000000d8       0x60 ./Core/Src/main.o
 .debug_aranges
                0x00000138       0x40 ./Core/Src/stm32f4xx_hal_msp.o
 .debug_aranges
                0x00000178       0x70 ./Core/Src/stm32f4xx_it.o
 .debug_aranges
                0x000001e8       0x28 ./Core/Src/system_stm32f4xx.o
 .debug_aranges
                0x00000210       0x28 ./Core/Startup/startup_stm32f446retx.o
 .debug_aranges
                0x00000238       0xf0 ./Drivers/STM32F4xx_HAL_Driver/Src/stm32f4xx_hal.o
 .debug_aranges
                0x00000328      0x130 ./Drivers/STM32F4xx_HAL_Driver/Src/stm32f4xx_hal_cortex.o
 .debug_aranges
                0x00000458       0x58 ./Drivers/STM32F4xx_HAL_Driver/Src/stm32f4xx_hal_gpio.o
 .debug_aranges
                0x000004b0      0x148 ./Drivers/STM32F4xx_HAL_Driver/Src/stm32f4xx_hal_pcd.o
 .debug_aranges
                0x000005f8       0x48 ./Drivers/STM32F4xx_HAL_Driver/Src/stm32f4xx_hal_pcd_ex.o
 .debug_aranges
                0x00000640       0x88 ./Drivers/STM32F4xx_HAL_Driver/Src/stm32f4xx_hal_rcc.o
 .debug_aranges
                0x000006c8       0x78 ./Drivers/STM32F4xx_HAL_Driver/Src/stm32f4xx_hal_rcc_ex.o
 .debug_aranges
                0x00000740      0x3d0 ./Drivers/STM32F4xx_HAL_Driver/Src/stm32f4xx_hal_tim.o
 .debug_aranges
                0x00000b10      0x168 ./Drivers/STM32F4xx_HAL_Driver/Src/stm32f4xx_hal_tim_ex.o
 .debug_aranges
                0x00000c78      0x208 ./Drivers/STM32F4xx_HAL_Driver/Src/stm32f4xx_hal_uart.o
 .debug_aranges
                0x00000e80      0x1a0 ./Drivers/STM32F4xx_HAL_Driver/Src/stm32f4xx_ll_usb.o
 .debug_aranges
                0x00001020       0x90 ./Middlewares/ST/STM32_USB_Device_Library/Class/CDC/Src/usbd_cdc.o
 .debug_aranges
                0x000010b0       0xd8 ./Middlewares/ST/STM32_USB_Device_Library/Core/Src/usbd_core.o
 .debug_aranges
                0x00001188       0x90 ./Middlewares/ST/STM32_USB_Device_Library/Core/Src/usbd_ctlreq.o
 .debug_aranges
                0x00001218       0x50 ./Middlewares/ST/STM32_USB_Device_Library/Core/Src/usbd_ioreq.o
 .debug_aranges
                0x00001268       0x20 ./USB_DEVICE/App/usb_device.o
 .debug_aranges
                0x00001288       0x48 ./USB_DEVICE/App/usbd_cdc_if.o
 .debug_aranges
                0x000012d0       0x68 ./USB_DEVICE/App/usbd_desc.o
 .debug_aranges
                0x00001338      0x118 ./USB_DEVICE/Target/usbd_conf.o

.debug_rnglists
                0x00000000      0xf92
 .debug_rnglists
                0x00000000       0x19 ./Core/Src/ACT.o
 .debug_rnglists
                0x00000019       0x19 ./Core/Src/COM.o
 .debug_rnglists
                0x00000032       0x29 ./Core/Src/POLL.o
 .debug_rnglists
                0x0000005b       0x13 ./Core/Src/TF02.o
 .debug_rnglists
                0x0000006e       0x1f ./Core/Src/WRAPPER.o
 .debug_rnglists
                0x0000008d       0x46 ./Core/Src/main.o
 .debug_rnglists
                0x000000d3       0x2d ./Core/Src/stm32f4xx_hal_msp.o
 .debug_rnglists
                0x00000100       0x4f ./Core/Src/stm32f4xx_it.o
 .debug_rnglists
                0x0000014f       0x1a ./Core/Src/system_stm32f4xx.o
 .debug_rnglists
                0x00000169       0x19 ./Core/Startup/startup_stm32f446retx.o
 .debug_rnglists
                0x00000182       0xaf ./Drivers/STM32F4xx_HAL_Driver/Src/stm32f4xx_hal.o
 .debug_rnglists
                0x00000231       0xe0 ./Drivers/STM32F4xx_HAL_Driver/Src/stm32f4xx_hal_cortex.o
 .debug_rnglists
                0x00000311       0x3f ./Drivers/STM32F4xx_HAL_Driver/Src/stm32f4xx_hal_gpio.o
 .debug_rnglists
                0x00000350       0xfa ./Drivers/STM32F4xx_HAL_Driver/Src/stm32f4xx_hal_pcd.o
 .debug_rnglists
                0x0000044a       0x32 ./Drivers/STM32F4xx_HAL_Driver/Src/stm32f4xx_hal_pcd_ex.o
 .debug_rnglists
                0x0000047c       0x66 ./Drivers/STM32F4xx_HAL_Driver/Src/stm32f4xx_hal_rcc.o
 .debug_rnglists
                0x000004e2       0x5e ./Drivers/STM32F4xx_HAL_Driver/Src/stm32f4xx_hal_rcc_ex.o
 .debug_rnglists
                0x00000540      0x31a ./Drivers/STM32F4xx_HAL_Driver/Src/stm32f4xx_hal_tim.o
 .debug_rnglists
                0x0000085a      0x125 ./Drivers/STM32F4xx_HAL_Driver/Src/stm32f4xx_hal_tim_ex.o
 .debug_rnglists
                0x0000097f      0x1bc ./Drivers/STM32F4xx_HAL_Driver/Src/stm32f4xx_hal_uart.o
 .debug_rnglists
                0x00000b3b      0x147 ./Drivers/STM32F4xx_HAL_Driver/Src/stm32f4xx_ll_usb.o
 .debug_rnglists
                0x00000c82       0x6c ./Middlewares/ST/STM32_USB_Device_Library/Class/CDC/Src/usbd_cdc.o
 .debug_rnglists
                0x00000cee       0xa1 ./Middlewares/ST/STM32_USB_Device_Library/Core/Src/usbd_core.o
 .debug_rnglists
                0x00000d8f       0x6e ./Middlewares/ST/STM32_USB_Device_Library/Core/Src/usbd_ctlreq.o
 .debug_rnglists
                0x00000dfd       0x37 ./Middlewares/ST/STM32_USB_Device_Library/Core/Src/usbd_ioreq.o
 .debug_rnglists
                0x00000e34       0x13 ./USB_DEVICE/App/usb_device.o
 .debug_rnglists
                0x00000e47       0x32 ./USB_DEVICE/App/usbd_cdc_if.o
 .debug_rnglists
                0x00000e79       0x49 ./USB_DEVICE/App/usbd_desc.o
 .debug_rnglists
                0x00000ec2       0xd0 ./USB_DEVICE/Target/usbd_conf.o

.debug_macro    0x00000000    0x25c7e
 .debug_macro   0x00000000      0x20b ./Core/Src/ACT.o
 .debug_macro   0x0000020b      0xab4 ./Core/Src/ACT.o
 .debug_macro   0x00000cbf      0x2a1 ./Core/Src/ACT.o
 .debug_macro   0x00000f60       0x2e ./Core/Src/ACT.o
 .debug_macro   0x00000f8e       0x28 ./Core/Src/ACT.o
 .debug_macro   0x00000fb6       0x22 ./Core/Src/ACT.o
 .debug_macro   0x00000fd8       0x8e ./Core/Src/ACT.o
 .debug_macro   0x00001066       0x51 ./Core/Src/ACT.o
 .debug_macro   0x000010b7      0x103 ./Core/Src/ACT.o
 .debug_macro   0x000011ba       0x6a ./Core/Src/ACT.o
 .debug_macro   0x00001224      0x1df ./Core/Src/ACT.o
 .debug_macro   0x00001403       0x1c ./Core/Src/ACT.o
 .debug_macro   0x0000141f       0x22 ./Core/Src/ACT.o
 .debug_macro   0x00001441       0xfb ./Core/Src/ACT.o
 .debug_macro   0x0000153c     0x1011 ./Core/Src/ACT.o
 .debug_macro   0x0000254d      0x11f ./Core/Src/ACT.o
 .debug_macro   0x0000266c    0x1675e ./Core/Src/ACT.o
 .debug_macro   0x00018dca       0x6d ./Core/Src/ACT.o
 .debug_macro   0x00018e37     0x3693 ./Core/Src/ACT.o
 .debug_macro   0x0001c4ca      0x189 ./Core/Src/ACT.o
 .debug_macro   0x0001c653       0x5c ./Core/Src/ACT.o
 .debug_macro   0x0001c6af      0xca5 ./Core/Src/ACT.o
 .debug_macro   0x0001d354      0x9e9 ./Core/Src/ACT.o
 .debug_macro   0x0001dd3d      0x115 ./Core/Src/ACT.o
 .debug_macro   0x0001de52      0x1a0 ./Core/Src/ACT.o
 .debug_macro   0x0001dff2       0xa5 ./Core/Src/ACT.o
 .debug_macro   0x0001e097      0x16d ./Core/Src/ACT.o
 .debug_macro   0x0001e204      0x287 ./Core/Src/ACT.o
 .debug_macro   0x0001e48b       0x5f ./Core/Src/ACT.o
 .debug_macro   0x0001e4ea      0x236 ./Core/Src/ACT.o
 .debug_macro   0x0001e720      0x132 ./Core/Src/ACT.o
 .debug_macro   0x0001e852      0x29c ./Core/Src/ACT.o
 .debug_macro   0x0001eaee       0x2e ./Core/Src/ACT.o
 .debug_macro   0x0001eb1c      0x127 ./Core/Src/ACT.o
 .debug_macro   0x0001ec43       0xe8 ./Core/Src/ACT.o
 .debug_macro   0x0001ed2b       0x89 ./Core/Src/ACT.o
 .debug_macro   0x0001edb4      0x8ed ./Core/Src/ACT.o
 .debug_macro   0x0001f6a1       0x53 ./Core/Src/ACT.o
 .debug_macro   0x0001f6f4      0x2aa ./Core/Src/ACT.o
 .debug_macro   0x0001f99e      0x293 ./Core/Src/ACT.o
 .debug_macro   0x0001fc31       0xba ./Core/Src/ACT.o
 .debug_macro   0x0001fceb      0x126 ./Core/Src/ACT.o
 .debug_macro   0x0001fe11       0xac ./Core/Src/ACT.o
 .debug_macro   0x0001febd      0x3af ./Core/Src/COM.o
 .debug_macro   0x0002026c       0x61 ./Core/Src/COM.o
 .debug_macro   0x000202cd       0x2a ./Core/Src/COM.o
 .debug_macro   0x000202f7       0x43 ./Core/Src/COM.o
 .debug_macro   0x0002033a       0x34 ./Core/Src/COM.o
 .debug_macro   0x0002036e       0x16 ./Core/Src/COM.o
 .debug_macro   0x00020384       0x35 ./Core/Src/COM.o
 .debug_macro   0x000203b9      0x369 ./Core/Src/COM.o
 .debug_macro   0x00020722       0x10 ./Core/Src/COM.o
 .debug_macro   0x00020732       0x16 ./Core/Src/COM.o
 .debug_macro   0x00020748       0x43 ./Core/Src/COM.o
 .debug_macro   0x0002078b       0x34 ./Core/Src/COM.o
 .debug_macro   0x000207bf       0x10 ./Core/Src/COM.o
 .debug_macro   0x000207cf       0x58 ./Core/Src/COM.o
 .debug_macro   0x00020827       0x8e ./Core/Src/COM.o
 .debug_macro   0x000208b5       0x1c ./Core/Src/COM.o
 .debug_macro   0x000208d1      0x177 ./Core/Src/COM.o
 .debug_macro   0x00020a48       0x16 ./Core/Src/COM.o
 .debug_macro   0x00020a5e       0x16 ./Core/Src/COM.o
 .debug_macro   0x00020a74      0x146 ./Core/Src/COM.o
 .debug_macro   0x00020bba       0x16 ./Core/Src/COM.o
 .debug_macro   0x00020bd0       0x16 ./Core/Src/COM.o
 .debug_macro   0x00020be6       0x29 ./Core/Src/COM.o
 .debug_macro   0x00020c0f       0x16 ./Core/Src/COM.o
 .debug_macro   0x00020c25       0x20 ./Core/Src/COM.o
 .debug_macro   0x00020c45       0x65 ./Core/Src/COM.o
 .debug_macro   0x00020caa      0x20f ./Core/Src/COM.o
 .debug_macro   0x00020eb9       0x95 ./Core/Src/COM.o
 .debug_macro   0x00020f4e       0x10 ./Core/Src/COM.o
 .debug_macro   0x00020f5e      0x3c9 ./Core/Src/POLL.o
 .debug_macro   0x00021327      0x20b ./Core/Src/TF02.o
 .debug_macro   0x00021532      0x3e1 ./Core/Src/WRAPPER.o
 .debug_macro   0x00021913      0x409 ./Core/Src/main.o
 .debug_macro   0x00021d1c      0x201 ./Core/Src/stm32f4xx_hal_msp.o
 .debug_macro   0x00021f1d      0x3b9 ./Core/Src/stm32f4xx_it.o
 .debug_macro   0x000222d6      0x1f2 ./Core/Src/system_stm32f4xx.o
 .debug_macro   0x000224c8      0x252 ./Drivers/STM32F4xx_HAL_Driver/Src/stm32f4xx_hal.o
 .debug_macro   0x0002271a      0x1f2 ./Drivers/STM32F4xx_HAL_Driver/Src/stm32f4xx_hal_cortex.o
 .debug_macro   0x0002290c      0x1f8 ./Drivers/STM32F4xx_HAL_Driver/Src/stm32f4xx_hal_gpio.o
 .debug_macro   0x00022b04      0x1fe ./Drivers/STM32F4xx_HAL_Driver/Src/stm32f4xx_hal_pcd.o
 .debug_macro   0x00022d02      0x1f2 ./Drivers/STM32F4xx_HAL_Driver/Src/stm32f4xx_hal_pcd_ex.o
 .debug_macro   0x00022ef4      0x216 ./Drivers/STM32F4xx_HAL_Driver/Src/stm32f4xx_hal_rcc.o
 .debug_macro   0x0002310a      0x1f2 ./Drivers/STM32F4xx_HAL_Driver/Src/stm32f4xx_hal_rcc_ex.o
 .debug_macro   0x000232fc      0x1f3 ./Drivers/STM32F4xx_HAL_Driver/Src/stm32f4xx_hal_tim.o
 .debug_macro   0x000234ef      0x1f2 ./Drivers/STM32F4xx_HAL_Driver/Src/stm32f4xx_hal_tim_ex.o
 .debug_macro   0x000236e1      0x1f3 ./Drivers/STM32F4xx_HAL_Driver/Src/stm32f4xx_hal_uart.o
 .debug_macro   0x000238d4      0x1f2 ./Drivers/STM32F4xx_HAL_Driver/Src/stm32f4xx_ll_usb.o
 .debug_macro   0x00023ac6      0x390 ./Middlewares/ST/STM32_USB_Device_Library/Class/CDC/Src/usbd_cdc.o
 .debug_macro   0x00023e56       0x9e ./Middlewares/ST/STM32_USB_Device_Library/Class/CDC/Src/usbd_cdc.o
 .debug_macro   0x00023ef4      0x10b ./Middlewares/ST/STM32_USB_Device_Library/Class/CDC/Src/usbd_cdc.o
 .debug_macro   0x00023fff       0x56 ./Middlewares/ST/STM32_USB_Device_Library/Class/CDC/Src/usbd_cdc.o
 .debug_macro   0x00024055      0x377 ./Middlewares/ST/STM32_USB_Device_Library/Core/Src/usbd_core.o
 .debug_macro   0x000243cc      0x215 ./Middlewares/ST/STM32_USB_Device_Library/Core/Src/usbd_core.o
 .debug_macro   0x000245e1      0x381 ./Middlewares/ST/STM32_USB_Device_Library/Core/Src/usbd_ctlreq.o
 .debug_macro   0x00024962      0x37d ./Middlewares/ST/STM32_USB_Device_Library/Core/Src/usbd_ioreq.o
 .debug_macro   0x00024cdf      0x3b0 ./USB_DEVICE/App/usb_device.o
 .debug_macro   0x0002508f       0xb2 ./USB_DEVICE/App/usb_device.o
 .debug_macro   0x00025141       0x22 ./USB_DEVICE/App/usb_device.o
 .debug_macro   0x00025163       0x16 ./USB_DEVICE/App/usb_device.o
 .debug_macro   0x00025179      0x39b ./USB_DEVICE/App/usbd_cdc_if.o
 .debug_macro   0x00025514      0x3ba ./USB_DEVICE/App/usbd_desc.o
 .debug_macro   0x000258ce       0x1c ./USB_DEVICE/App/usbd_desc.o
 .debug_macro   0x000258ea      0x394 ./USB_DEVICE/Target/usbd_conf.o

.debug_line     0x00000000    0x1ae61
 .debug_line    0x00000000      0x70f ./Core/Src/ACT.o
 .debug_line    0x0000070f      0x9d7 ./Core/Src/COM.o
 .debug_line    0x000010e6      0xad3 ./Core/Src/POLL.o
 .debug_line    0x00001bb9      0x702 ./Core/Src/TF02.o
 .debug_line    0x000022bb      0xa28 ./Core/Src/WRAPPER.o
 .debug_line    0x00002ce3      0xbc1 ./Core/Src/main.o
 .debug_line    0x000038a4      0x80e ./Core/Src/stm32f4xx_hal_msp.o
 .debug_line    0x000040b2      0xa70 ./Core/Src/stm32f4xx_it.o
 .debug_line    0x00004b22      0x750 ./Core/Src/system_stm32f4xx.o
 .debug_line    0x00005272       0x7a ./Core/Startup/startup_stm32f446retx.o
 .debug_line    0x000052ec      0x9c8 ./Drivers/STM32F4xx_HAL_Driver/Src/stm32f4xx_hal.o
 .debug_line    0x00005cb4      0xcba ./Drivers/STM32F4xx_HAL_Driver/Src/stm32f4xx_hal_cortex.o
 .debug_line    0x0000696e      0xb40 ./Drivers/STM32F4xx_HAL_Driver/Src/stm32f4xx_hal_gpio.o
 .debug_line    0x000074ae     0x14dc ./Drivers/STM32F4xx_HAL_Driver/Src/stm32f4xx_hal_pcd.o
 .debug_line    0x0000898a      0x7fc ./Drivers/STM32F4xx_HAL_Driver/Src/stm32f4xx_hal_pcd_ex.o
 .debug_line    0x00009186      0xd5f ./Drivers/STM32F4xx_HAL_Driver/Src/stm32f4xx_hal_rcc.o
 .debug_line    0x00009ee5     0x13cf ./Drivers/STM32F4xx_HAL_Driver/Src/stm32f4xx_hal_rcc_ex.o
 .debug_line    0x0000b2b4     0x3764 ./Drivers/STM32F4xx_HAL_Driver/Src/stm32f4xx_hal_tim.o
 .debug_line    0x0000ea18     0x19be ./Drivers/STM32F4xx_HAL_Driver/Src/stm32f4xx_hal_tim_ex.o
 .debug_line    0x000103d6     0x28cb ./Drivers/STM32F4xx_HAL_Driver/Src/stm32f4xx_hal_uart.o
 .debug_line    0x00012ca1     0x1d9e ./Drivers/STM32F4xx_HAL_Driver/Src/stm32f4xx_ll_usb.o
 .debug_line    0x00014a3f      0xe50 ./Middlewares/ST/STM32_USB_Device_Library/Class/CDC/Src/usbd_cdc.o
 .debug_line    0x0001588f      0xedf ./Middlewares/ST/STM32_USB_Device_Library/Core/Src/usbd_core.o
 .debug_line    0x0001676e     0x10ed ./Middlewares/ST/STM32_USB_Device_Library/Core/Src/usbd_ctlreq.o
 .debug_line    0x0001785b      0x9ea ./Middlewares/ST/STM32_USB_Device_Library/Core/Src/usbd_ioreq.o
 .debug_line    0x00018245      0x9a0 ./USB_DEVICE/App/usb_device.o
 .debug_line    0x00018be5      0xa0d ./USB_DEVICE/App/usbd_cdc_if.o
 .debug_line    0x000195f2      0xa84 ./USB_DEVICE/App/usbd_desc.o
 .debug_line    0x0001a076      0xdeb ./USB_DEVICE/Target/usbd_conf.o

.debug_str      0x00000000    0xd4f8f
 .debug_str     0x00000000    0xcaa78 ./Core/Src/ACT.o
                              0xcad0e (size before relaxing)
 .debug_str     0x000caa78     0x45f6 ./Core/Src/COM.o
                              0xcf2b8 (size before relaxing)
 .debug_str     0x000cf06e      0x4bd ./Core/Src/POLL.o
                              0xcf7e4 (size before relaxing)
 .debug_str     0x000cf52b       0x65 ./Core/Src/TF02.o
                              0xcb12f (size before relaxing)
 .debug_str     0x000cf590       0x54 ./Core/Src/WRAPPER.o
                              0xcf346 (size before relaxing)
 .debug_str     0x000cf5e4      0x75d ./Core/Src/main.o
                              0xcffef (size before relaxing)
 .debug_str     0x000cfd41      0x601 ./Core/Src/stm32f4xx_hal_msp.o
                              0xcbb4b (size before relaxing)
 .debug_str     0x000d0342      0x4c3 ./Core/Src/stm32f4xx_it.o
                              0xcfc75 (size before relaxing)
 .debug_str     0x000d0805       0xdb ./Core/Src/system_stm32f4xx.o
                              0xcab99 (size before relaxing)
 .debug_str     0x000d08e0       0x44 ./Core/Startup/startup_stm32f446retx.o
                                 0x7a (size before relaxing)
 .debug_str     0x000d0924      0x5f0 ./Drivers/STM32F4xx_HAL_Driver/Src/stm32f4xx_hal.o
                              0xcb75e (size before relaxing)
 .debug_str     0x000d0f14      0x36b ./Drivers/STM32F4xx_HAL_Driver/Src/stm32f4xx_hal_cortex.o
                              0xcb4b5 (size before relaxing)
 .debug_str     0x000d127f      0x110 ./Drivers/STM32F4xx_HAL_Driver/Src/stm32f4xx_hal_gpio.o
                              0xcad14 (size before relaxing)
 .debug_str     0x000d138f      0x852 ./Drivers/STM32F4xx_HAL_Driver/Src/stm32f4xx_hal_pcd.o
                              0xcb6aa (size before relaxing)
 .debug_str     0x000d1be1      0x12d ./Drivers/STM32F4xx_HAL_Driver/Src/stm32f4xx_hal_pcd_ex.o
                              0xcafac (size before relaxing)
 .debug_str     0x000d1d0e      0x21f ./Drivers/STM32F4xx_HAL_Driver/Src/stm32f4xx_hal_rcc.o
                              0xcafd2 (size before relaxing)
 .debug_str     0x000d1f2d      0x324 ./Drivers/STM32F4xx_HAL_Driver/Src/stm32f4xx_hal_rcc_ex.o
                              0xcb005 (size before relaxing)
 .debug_str     0x000d2251      0xd95 ./Drivers/STM32F4xx_HAL_Driver/Src/stm32f4xx_hal_tim.o
                              0xcbefe (size before relaxing)
 .debug_str     0x000d2fe6      0x493 ./Drivers/STM32F4xx_HAL_Driver/Src/stm32f4xx_hal_tim_ex.o
                              0xcb70a (size before relaxing)
 .debug_str     0x000d3479      0x620 ./Drivers/STM32F4xx_HAL_Driver/Src/stm32f4xx_hal_uart.o
                              0xcb589 (size before relaxing)
 .debug_str     0x000d3a99      0x4a7 ./Drivers/STM32F4xx_HAL_Driver/Src/stm32f4xx_ll_usb.o
                              0xcb566 (size before relaxing)
 .debug_str     0x000d3f40      0x6fa ./Middlewares/ST/STM32_USB_Device_Library/Class/CDC/Src/usbd_cdc.o
                              0xcfe3b (size before relaxing)
 .debug_str     0x000d463a      0x35c ./Middlewares/ST/STM32_USB_Device_Library/Core/Src/usbd_core.o
                              0xcf75d (size before relaxing)
 .debug_str     0x000d4996      0x139 ./Middlewares/ST/STM32_USB_Device_Library/Core/Src/usbd_ctlreq.o
                              0xcf588 (size before relaxing)
 .debug_str     0x000d4acf       0x51 ./Middlewares/ST/STM32_USB_Device_Library/Core/Src/usbd_ioreq.o
                              0xcf45d (size before relaxing)
 .debug_str     0x000d4b20       0xc6 ./USB_DEVICE/App/usb_device.o
                              0xcf810 (size before relaxing)
 .debug_str     0x000d4be6       0x8a ./USB_DEVICE/App/usbd_cdc_if.o
                              0xcf858 (size before relaxing)
 .debug_str     0x000d4c70      0x298 ./USB_DEVICE/App/usbd_desc.o
                              0xcf37f (size before relaxing)
 .debug_str     0x000d4f08       0x87 ./USB_DEVICE/Target/usbd_conf.o
                              0xd091c (size before relaxing)

.comment        0x00000000       0x43
 .comment       0x00000000       0x43 ./Core/Src/ACT.o
                                 0x44 (size before relaxing)
 .comment       0x00000043       0x44 ./Core/Src/COM.o
 .comment       0x00000043       0x44 ./Core/Src/POLL.o
 .comment       0x00000043       0x44 ./Core/Src/TF02.o
 .comment       0x00000043       0x44 ./Core/Src/WRAPPER.o
 .comment       0x00000043       0x44 ./Core/Src/main.o
 .comment       0x00000043       0x44 ./Core/Src/stm32f4xx_hal_msp.o
 .comment       0x00000043       0x44 ./Core/Src/stm32f4xx_it.o
 .comment       0x00000043       0x44 ./Core/Src/system_stm32f4xx.o
 .comment       0x00000043       0x44 ./Drivers/STM32F4xx_HAL_Driver/Src/stm32f4xx_hal.o
 .comment       0x00000043       0x44 ./Drivers/STM32F4xx_HAL_Driver/Src/stm32f4xx_hal_cortex.o
 .comment       0x00000043       0x44 ./Drivers/STM32F4xx_HAL_Driver/Src/stm32f4xx_hal_gpio.o