Archive member included to satisfy reference by file (symbol)

/opt/st/stm32cubeide_1.16.0/plugins/com.st.stm32cube.ide.mcu.externaltools.gnu-tools-for-stm32.12.3.rel1.linux64_1.0.200.202406132123/tools/bin/../lib/gcc/arm-none-eabi/12.3.1/../../../../arm-none-eabi/lib/thumb/v7e-m+fp/hard/libc_nano.a(libc_a-exit.o)
                              /opt/st/stm32cubeide_1.16.0/plugins/com.st.stm32cube.ide.mcu.externaltools.gnu-tools-for-stm32.12.3.rel1.linux64_1.0.200.202406132123/tools/bin/../lib/gcc/arm-none-eabi/12.3.1/../../../../arm-none-eabi/lib/thumb/v7e-m+fp/hard/crt0.o (exit)
/opt/st/stm32cubeide_1.16.0/plugins/com.st.stm32cube.ide.mcu.externaltools.gnu-tools-for-stm32.12.3.rel1.linux64_1.0.200.202406132123/tools/bin/../lib/gcc/arm-none-eabi/12.3.1/../../../../arm-none-eabi/lib/thumb/v7e-m+fp/hard/libc_nano.a(libc_a-findfp.o)
                              /opt/st/stm32cubeide_1.16.0/plugins/com.st.stm32cube.ide.mcu.externaltools.gnu-tools-for-stm32.12.3.rel1.linux64_1.0.200.202406132123/tools/bin/../lib/gcc/arm-none-eabi/12.3.1/../../../../arm-none-eabi/lib/thumb/v7e-m+fp/hard/libc_nano.a(libc_a-exit.o) (__stdio_exit_handler)
/opt/st/stm32cubeide_1.16.0/plugins/com.st.stm32cube.ide.mcu.externaltools.gnu-tools-for-stm32.12.3.rel1.linux64_1.0.200.202406132123/tools/bin/../lib/gcc/arm-none-eabi/12.3.1/../../../../arm-none-eabi/lib/thumb/v7e-m+fp/hard/libc_nano.a(libc_a-fwalk.o)
                              /opt/st/stm32cubeide_1.16.0/plugins/com.st.stm32cube.ide.mcu.externaltools.gnu-tools-for-stm32.12.3.rel1.linux64_1.0.200.202406132123/tools/bin/../lib/gcc/arm-none-eabi/12.3.1/../../../../arm-none-eabi/lib/thumb/v7e-m+fp/hard/libc_nano.a(libc_a-findfp.o) (_fwalk_sglue)
/opt/st/stm32cubeide_1.16.0/plugins/com.st.stm32cube.ide.mcu.externaltools.gnu-tools-for-stm32.12.3.rel1.linux64_1.0.200.202406132123/tools/bin/../lib/gcc/arm-none-eabi/12.3.1/../../../../arm-none-eabi/lib/thumb/v7e-m+fp/hard/libc_nano.a(libc_a-stdio.o)
                              /opt/st/stm32cubeide_1.16.0/plugins/com.st.stm32cube.ide.mcu.externaltools.gnu-tools-for-stm32.12.3.rel1.linux64_1.0.200.202406132123/tools/bin/../lib/gcc/arm-none-eabi/12.3.1/../../../../arm-none-eabi/lib/thumb/v7e-m+fp/hard/libc_nano.a(libc_a-findfp.o) (__sread)
/opt/st/stm32cubeide_1.16.0/plugins/com.st.stm32cube.ide.mcu.externaltools.gnu-tools-for-stm32.12.3.rel1.linux64_1.0.200.202406132123/tools/bin/../lib/gcc/arm-none-eabi/12.3.1/../../../../arm-none-eabi/lib/thumb/v7e-m+fp/hard/libc_nano.a(libc_a-memset.o)
                              /opt/st/stm32cubeide_1.16.0/plugins/com.st.stm32cube.ide.mcu.externaltools.gnu-tools-for-stm32.12.3.rel1.linux64_1.0.200.202406132123/tools/bin/../lib/gcc/arm-none-eabi/12.3.1/../../../../arm-none-eabi/lib/thumb/v7e-m+fp/hard/crt0.o (memset)
/opt/st/stm32cubeide_1.16.0/plugins/com.st.stm32cube.ide.mcu.externaltools.gnu-tools-for-stm32.12.3.rel1.linux64_1.0.200.202406132123/tools/bin/../lib/gcc/arm-none-eabi/12.3.1/../../../../arm-none-eabi/lib/thumb/v7e-m+fp/hard/libc_nano.a(libc_a-closer.o)
                              /opt/st/stm32cubeide_1.16.0/plugins/com.st.stm32cube.ide.mcu.externaltools.gnu-tools-for-stm32.12.3.rel1.linux64_1.0.200.202406132123/tools/bin/../lib/gcc/arm-none-eabi/12.3.1/../../../../arm-none-eabi/lib/thumb/v7e-m+fp/hard/libc_nano.a(libc_a-stdio.o) (_close_r)
/opt/st/stm32cubeide_1.16.0/plugins/com.st.stm32cube.ide.mcu.externaltools.gnu-tools-for-stm32.12.3.rel1.linux64_1.0.200.202406132123/tools/bin/../lib/gcc/arm-none-eabi/12.3.1/../../../../arm-none-eabi/lib/thumb/v7e-m+fp/hard/libc_nano.a(libc_a-reent.o)
                              /opt/st/stm32cubeide_1.16.0/plugins/com.st.stm32cube.ide.mcu.externaltools.gnu-tools-for-stm32.12.3.rel1.linux64_1.0.200.202406132123/tools/bin/../lib/gcc/arm-none-eabi/12.3.1/../../../../arm-none-eabi/lib/thumb/v7e-m+fp/hard/libc_nano.a(libc_a-closer.o) (errno)
/opt/st/stm32cubeide_1.16.0/plugins/com.st.stm32cube.ide.mcu.externaltools.gnu-tools-for-stm32.12.3.rel1.linux64_1.0.200.202406132123/tools/bin/../lib/gcc/arm-none-eabi/12.3.1/../../../../arm-none-eabi/lib/thumb/v7e-m+fp/hard/libc_nano.a(libc_a-impure.o)
                              /opt/st/stm32cubeide_1.16.0/plugins/com.st.stm32cube.ide.mcu.externaltools.gnu-tools-for-stm32.12.3.rel1.linux64_1.0.200.202406132123/tools/bin/../lib/gcc/arm-none-eabi/12.3.1/../../../../arm-none-eabi/lib/thumb/v7e-m+fp/hard/libc_nano.a(libc_a-reent.o) (_impure_ptr)
/opt/st/stm32cubeide_1.16.0/plugins/com.st.stm32cube.ide.mcu.externaltools.gnu-tools-for-stm32.12.3.rel1.linux64_1.0.200.202406132123/tools/bin/../lib/gcc/arm-none-eabi/12.3.1/../../../../arm-none-eabi/lib/thumb/v7e-m+fp/hard/libc_nano.a(libc_a-lseekr.o)
                              /opt/st/stm32cubeide_1.16.0/plugins/com.st.stm32cube.ide.mcu.externaltools.gnu-tools-for-stm32.12.3.rel1.linux64_1.0.200.202406132123/tools/bin/../lib/gcc/arm-none-eabi/12.3.1/../../../../arm-none-eabi/lib/thumb/v7e-m+fp/hard/libc_nano.a(libc_a-stdio.o) (_lseek_r)
[...]
Memory Configuration

Name             Origin             Length             Attributes
RAM              0x20000000         0x00020000         xrw
FLASH            0x08000000         0x00080000         xr
*default*        0x00000000         0xffffffff

Linker script and memory map

LOAD /opt/st/stm32cubeide_1.16.0/plugins/com.st.stm32cube.ide.mcu.externaltools.gnu-tools-for-stm32.12.3.rel1.linux64_1.0.200.202406132123/tools/bin/../lib/gcc/arm-none-eabi/12.3.1/thumb/v7e-m+fp/hard/crti.o
LOAD /opt/st/stm32cubeide_1.16.0/plugins/com.st.stm32cube.ide.mcu.externaltools.gnu-tools-for-stm32.12.3.rel1.linux64_1.0.200.202406132123/tools/bin/../lib/gcc/arm-none-eabi/12.3.1/thumb/v7e-m+fp/hard/crtbegin.o
LOAD /opt/st/stm32cubeide_1.16.0/plugins/com.st.stm32cube.ide.mcu.externaltools.gnu-tools-for-stm32.12.3.rel1.linux64_1.0.200.202406132123/tools/bin/../lib/gcc/arm-none-eabi/12.3.1/../../../../arm-none-eabi/lib/thumb/v7e-m+fp/hard/crt0.o
LOAD ./Core/Src/ACT.o
LOAD ./Core/Src/COM.o
LOAD ./Core/Src/POLL.o
LOAD ./Core/Src/TF02.o
LOAD ./Core/Src/WRAPPER.o
LOAD ./Core/Src/main.o
LOAD ./Core/Src/stm32f4xx_hal_msp.o
LOAD ./Core/Src/stm32f4xx_it.o
LOAD ./Core/Src/syscalls.o
LOAD ./Core/Src/sysmem.o
LOAD ./Core/Src/system_stm32f4xx.o
LOAD ./Core/Startup/startup_stm32f446retx.o
LOAD ./Drivers/STM32F4xx_HAL_Driver/Src/stm32f4xx_hal.o
LOAD ./Drivers/STM32F4xx_HAL_Driver/Src/stm32f4xx_hal_adc.o
LOAD ./Drivers/STM32F4xx_HAL_Driver/Src/stm32f4xx_hal_adc_ex.o
LOAD ./Drivers/STM32F4xx_HAL_Driver/Src/stm32f4xx_hal_cortex.o
LOAD ./Drivers/STM32F4xx_HAL_Driver/Src/stm32f4xx_hal_dma.o
LOAD ./Drivers/STM32F4xx_HAL_Driver/Src/stm32f4xx_hal_dma_ex.o
LOAD ./Drivers/STM32F4xx_HAL_Driver/Src/stm32f4xx_hal_exti.o
LOAD ./Drivers/STM32F4xx_HAL_Driver/Src/stm32f4xx_hal_flash.o
LOAD ./Drivers/STM32F4xx_HAL_Driver/Src/stm32f4xx_hal_flash_ex.o
LOAD ./Drivers/STM32F4xx_HAL_Driver/Src/stm32f4xx_hal_flash_ramfunc.o
LOAD ./Drivers/STM32F4xx_HAL_Driver/Src/stm32f4xx_hal_gpio.o
LOAD ./Drivers/STM32F4xx_HAL_Driver/Src/stm32f4xx_hal_pcd.o
LOAD ./Drivers/STM32F4xx_HAL_Driver/Src/stm32f4xx_hal_pcd_ex.o
LOAD ./Drivers/STM32F4xx_HAL_Driver/Src/stm32f4xx_hal_pwr.o
LOAD ./Drivers/STM32F4xx_HAL_Driver/Src/stm32f4xx_hal_pwr_ex.o
LOAD ./Drivers/STM32F4xx_HAL_Driver/Src/stm32f4xx_hal_rcc.o
LOAD ./Drivers/STM32F4xx_HAL_Driver/Src/stm32f4xx_hal_rcc_ex.o
LOAD ./Drivers/STM32F4xx_HAL_Driver/Src/stm32f4xx_hal_tim.o
LOAD ./Drivers/STM32F4xx_HAL_Driver/Src/stm32f4xx_hal_tim_ex.o
LOAD ./Drivers/STM32F4xx_HAL_Driver/Src/stm32f4xx_hal_uart.o
LOAD ./Drivers/STM32F4xx_HAL_Driver/Src/stm32f4xx_ll_adc.o
LOAD ./Drivers/STM32F4xx_HAL_Driver/Src/stm32f4xx_ll_usb.o
LOAD ./Middlewares/ST/STM32_USB_Device_Library/Class/CDC/Src/usbd_cdc.o
LOAD ./Middlewares/ST/STM32_USB_Device_Library/Core/Src/usbd_core.o
LOAD ./Middlewares/ST/STM32_USB_Device_Library/Core/Src/usbd_ctlreq.o
LOAD ./Middlewares/ST/STM32_USB_Device_Library/Core/Src/usbd_ioreq.o
LOAD ./USB_DEVICE/App/usb_device.o
LOAD ./USB_DEVICE/App/usbd_cdc_if.o
LOAD ./USB_DEVICE/App/usbd_desc.o
LOAD ./USB_DEVICE/Target/usbd_conf.o
START GROUP
LOAD /opt/st/stm32cubeide_1.16.0/plugins/com.st.stm32cube.ide.mcu.externaltools.gnu-tools-for-stm32.12.3.rel1.linux64_1.0.200.202406132123/tools/bin/../lib/gcc/arm-none-eabi/12.3.1/../../../../arm-none-eabi/lib/thumb/v7e-m+fp/hard/libc_nano.a
LOAD /opt/st/stm32cubeide_1.16.0/plugins/com.st.stm32cube.ide.mcu.externaltools.gnu-tools-for-stm32.12.3.rel1.linux64_1.0.200.202406132123/tools/bin/../lib/gcc/arm-none-eabi/12.3.1/../../../../arm-none-eabi/lib/thumb/v7e-m+fp/hard/libm.a
END GROUP
START GROUP
LOAD /opt/st/stm32cubeide_1.16.0/plugins/com.st.stm32cube.ide.mcu.externaltools.gnu-tools-for-stm32.12.3.rel1.linux64_1.0.200.202406132123/tools/bin/../lib/gcc/arm-none-eabi/12.3.1/thumb/v7e-m+fp/hard/libgcc.a
LOAD /opt/st/stm32cubeide_1.16.0/plugins/com.st.stm32cube.ide.mcu.externaltools.gnu-tools-for-stm32.12.3.rel1.linux64_1.0.200.202406132123/tools/bin/../lib/gcc/arm-none-eabi/12.3.1/../../../../arm-none-eabi/lib/thumb/v7e-m+fp/hard/libc_nano.a
END GROUP
START GROUP
LOAD /opt/st/stm32cubeide_1.16.0/plugins/com.st.stm32cube.ide.mcu.externaltools.gnu-tools-for-stm32.12.3.rel1.linux64_1.0.200.202406132123/tools/bin/../lib/gcc/arm-none-eabi/12.3.1/thumb/v7e-m+fp/hard/libgcc.a
LOAD /opt/st/stm32cubeide_1.16.0/plugins/com.st.stm32cube.ide.mcu.externaltools.gnu-tools-for-stm32.12.3.rel1.linux64_1.0.200.202406132123/tools/bin/../lib/gcc/arm-none-eabi/12.3.1/../../../../arm-none-eabi/lib/thumb/v7e-m+fp/hard/libc_nano.a
LOAD /opt/st/stm32cubeide_1.16.0/plugins/com.st.stm32cube.ide.mcu.externaltools.gnu-tools-for-stm32.12.3.rel1.linux64_1.0.200.202406132123/tools/bin/../lib/gcc/arm-none-eabi/12.3.1/../../../../arm-none-eabi/lib/thumb/v7e-m+fp/hard/libnosys.a
END GROUP
START GROUP
LOAD /opt/st/stm32cubeide_1.16.0/plugins/com.st.stm32cube.ide.mcu.externaltools.gnu-tools-for-stm32.12.3.rel1.linux64_1.0.200.202406132123/tools/bin/../lib/gcc/arm-none-eabi/12.3.1/thumb/v7e-m+fp/hard/libgcc.a
LOAD /opt/st/stm32cubeide_1.16.0/plugins/com.st.stm32cube.ide.mcu.externaltools.gnu-tools-for-stm32.12.3.rel1.linux64_1.0.200.202406132123/tools/bin/../lib/gcc/arm-none-eabi/12.3.1/../../../../arm-none-eabi/lib/thumb/v7e-m+fp/hard/libc_nano.a
LOAD /opt/st/stm32cubeide_1.16.0/plugins/com.st.stm32cube.ide.mcu.externaltools.gnu-tools-for-stm32.12.3.rel1.linux64_1.0.200.202406132123/tools/bin/../lib/gcc/arm-none-eabi/12.3.1/../../../../arm-none-eabi/lib/thumb/v7e-m+fp/hard/libnosys.a
END GROUP
LOAD /opt/st/stm32cubeide_1.16.0/plugins/com.st.stm32cube.ide.mcu.externaltools.gnu-tools-for-stm32.12.3.rel1.linux64_1.0.200.202406132123/tools/bin/../lib/gcc/arm-none-eabi/12.3.1/thumb/v7e-m+fp/hard/crtend.o
LOAD /opt/st/stm32cubeide_1.16.0/plugins/com.st.stm32cube.ide.mcu.externaltools.gnu-tools-for-stm32.12.3.rel1.linux64_1.0.200.202406132123/tools/bin/../lib/gcc/arm-none-eabi/12.3.1/thumb/v7e-m+fp/hard/crtn.o
                0x20020000                        _estack = (ORIGIN (RAM) + LENGTH (RAM))
                0x00000200                        _Min_Heap_Size = 0x200
                0x00000400                        _Min_Stack_Size = 0x400

.isr_vector     0x08000000      0x1c4
                0x08000000                        . = ALIGN (0x4)
 *(.isr_vector)
 .isr_vector    0x08000000      0x1c4 ./Core/Startup/startup_stm32f446retx.o
                0x08000000                g_pfnVectors
                0x080001c4                        . = ALIGN (0x4)

.text           0x080001c4     0xa0c8
                0x080001c4                        . = ALIGN (0x4)
 *(.text)
 .text          0x080001c4       0x40 /opt/st/stm32cubeide_1.16.0/plugins/com.st.stm32cube.ide.mcu.externaltools.gnu-tools-for-stm32.12.3.rel1.linux64_1.0.200.202406132123/tools/bin/../lib/gcc/arm-none-eabi/12.3.1/thumb/v7e-m+fp/hard/crtbegin.o
 .text          0x08000204       0x30 /opt/st/stm32cubeide_1.16.0/plugins/com.st.stm32cube.ide.mcu.externaltools.gnu-tools-for-stm32.12.3.rel1.linux64_1.0.200.202406132123/tools/bin/../lib/gcc/arm-none-eabi/12.3.1/thumb/v7e-m+fp/hard/libgcc.a(_aeabi_uldivmod.o)
                0x08000204                __aeabi_uldivmod
 .text          0x08000234      0x2bc /opt/st/stm32cubeide_1.16.0/plugins/com.st.stm32cube.ide.mcu.externaltools.gnu-tools-for-stm32.12.3.rel1.linux64_1.0.200.202406132123/tools/bin/../lib/gcc/arm-none-eabi/12.3.1/thumb/v7e-m+fp/hard/libgcc.a(_udivmoddi4.o)
                0x08000234                __udivmoddi4
 .text          0x080004f0        0x4 /opt/st/stm32cubeide_1.16.0/plugins/com.st.stm32cube.ide.mcu.externaltools.gnu-tools-for-stm32.12.3.rel1.linux64_1.0.200.202406132123/tools/bin/../lib/gcc/arm-none-eabi/12.3.1/thumb/v7e-m+fp/hard/libgcc.a(_dvmd_tls.o)
                0x080004f0                __aeabi_ldiv0
                0x080004f0                __aeabi_idiv0
 *(.text*)
 .text.Lever_Lock
                0x080004f4      0x100 ./Core/Src/ACT.o
                0x080004f4                Lever_Lock
 .text.Alarm_ON
                0x080005f4       0x54 ./Core/Src/ACT.o
                0x080005f4                Alarm_ON
 .text.Transmit_Msg
                0x08000648       0x94 ./Core/Src/COM.o
                0x08000648                Transmit_Msg
 .text.Receive_Msg
                0x080006dc       0x88 ./Core/Src/COM.o
                0x080006dc                Receive_Msg
 .text.UP_Train_Status
                0x08000764      0x100 ./Core/Src/POLL.o
                0x08000764                UP_Train_Status
 .text.DOWN_Train_Status
                0x08000864      0x100 ./Core/Src/POLL.o
                0x08000864                DOWN_Train_Status
 .text.Boom1_Status
                0x08000964       0xbc ./Core/Src/POLL.o
                0x08000964                Boom1_Status
 .text.Boom2_Status
                0x08000a20       0xb4 ./Core/Src/POLL.o
                0x08000a20                Boom2_Status
 .text.Lever_Status
                0x08000ad4       0x64 ./Core/Src/POLL.o
                0x08000ad4                Lever_Status
 .text.LeverLock_Status
                0x08000b38       0xfc ./Core/Src/POLL.o
                0x08000b38                LeverLock_Status
 .text.TF02_Get_Dist
                0x08000c34       0x72 ./Core/Src/TF02.o
                0x08000c34                TF02_Get_Dist
 .text.Start_Polling
                0x08000ca6       0x20 ./Core/Src/WRAPPER.o
                0x08000ca6                Start_Polling
 *fill*         0x08000cc6        0x2 
 .text.Send_If_Change
                0x08000cc8       0xdc ./Core/Src/WRAPPER.o
                0x08000cc8                Send_If_Change
 .text.Receive_Handler
                0x08000da4       0x14 ./Core/Src/WRAPPER.o
                0x08000da4                Receive_Handler
 .text.main     0x08000db8       0x48 ./Core/Src/main.o
                0x08000db8                main
 .text.SystemClock_Config
                0x08000e00       0xd8 ./Core/Src/main.o
                0x08000e00                SystemClock_Config
 .text.MX_ADC1_Init
                0x08000ed8       0xa4 ./Core/Src/main.o
 .text.MX_TIM1_Init
                0x08000f7c       0xd0 ./Core/Src/main.o
 .text.MX_UART4_Init
                0x0800104c       0x54 ./Core/Src/main.o
 .text.MX_UART5_Init
                0x080010a0       0x54 ./Core/Src/main.o
 .text.MX_USART1_UART_Init
                0x080010f4       0x54 ./Core/Src/main.o
 .text.MX_USART3_UART_Init
                0x08001148       0x54 ./Core/Src/main.o
 .text.MX_GPIO_Init
                0x0800119c      0x184 ./Core/Src/main.o
 .text.Error_Handler
                0x08001320        0xc ./Core/Src/main.o
                0x08001320                Error_Handler
 .text.HAL_MspInit
                0x0800132c       0x50 ./Core/Src/stm32f4xx_hal_msp.o
                0x0800132c                HAL_MspInit
 .text.HAL_ADC_MspInit
                0x0800137c       0x88 ./Core/Src/stm32f4xx_hal_msp.o
                0x0800137c                HAL_ADC_MspInit
 .text.HAL_TIM_Base_MspInit
                0x08001404       0x50 ./Core/Src/stm32f4xx_hal_msp.o
                0x08001404                HAL_TIM_Base_MspInit
 .text.HAL_UART_MspInit
                0x08001454      0x254 ./Core/Src/stm32f4xx_hal_msp.o
                0x08001454                HAL_UART_MspInit
 .text.NMI_Handler
                0x080016a8        0x8 ./Core/Src/stm32f4xx_it.o
                0x080016a8                NMI_Handler
 .text.HardFault_Handler
                0x080016b0        0x8 ./Core/Src/stm32f4xx_it.o
                0x080016b0                HardFault_Handler
 .text.MemManage_Handler
                0x080016b8        0x8 ./Core/Src/stm32f4xx_it.o
                0x080016b8                MemManage_Handler
 .text.BusFault_Handler
                0x080016c0        0x8 ./Core/Src/stm32f4xx_it.o
                0x080016c0                BusFault_Handler
 .text.UsageFault_Handler
                0x080016c8        0x8 ./Core/Src/stm32f4xx_it.o
                0x080016c8                UsageFault_Handler
 .text.SVC_Handler
                0x080016d0        0xe ./Core/Src/stm32f4xx_it.o
                0x080016d0                SVC_Handler
 .text.DebugMon_Handler
                0x080016de        0xe ./Core/Src/stm32f4xx_it.o
                0x080016de                DebugMon_Handler
 .text.PendSV_Handler
                0x080016ec        0xe ./Core/Src/stm32f4xx_it.o
                0x080016ec                PendSV_Handler
 .text.SysTick_Handler
                0x080016fa        0xc ./Core/Src/stm32f4xx_it.o
                0x080016fa                SysTick_Handler
 .text.EXTI3_IRQHandler
                0x08001706       0x12 ./Core/Src/stm32f4xx_it.o
                0x08001706                EXTI3_IRQHandler
 .text.EXTI4_IRQHandler
                0x08001718       0x12 ./Core/Src/stm32f4xx_it.o
                0x08001718                EXTI4_IRQHandler
 *fill*         0x0800172a        0x2 
 .text.EXTI9_5_IRQHandler
                0x0800172c       0xcc ./Core/Src/stm32f4xx_it.o
                0x0800172c                EXTI9_5_IRQHandler
 .text.TIM1_UP_TIM10_IRQHandler
                0x080017f8       0x18 ./Core/Src/stm32f4xx_it.o
                0x080017f8                TIM1_UP_TIM10_IRQHandler
 .text.EXTI15_10_IRQHandler
                0x08001810       0xd8 ./Core/Src/stm32f4xx_it.o
                0x08001810                EXTI15_10_IRQHandler
 .text.OTG_FS_IRQHandler
                0x080018e8       0x14 ./Core/Src/stm32f4xx_it.o
                0x080018e8                OTG_FS_IRQHandler
 .text.SystemInit
                0x080018fc       0x24 ./Core/Src/system_stm32f4xx.o
                0x080018fc                SystemInit
 .text.Reset_Handler
                0x08001920       0x50 ./Core/Startup/startup_stm32f446retx.o
                0x08001920                Reset_Handler
 .text.Default_Handler
                0x08001970        0x2 ./Core/Startup/startup_stm32f446retx.o
                0x08001970                RTC_Alarm_IRQHandler
                0x08001970                EXTI2_IRQHandler
                0x08001970                TIM8_CC_IRQHandler
                0x08001970                FMPI2C1_EV_IRQHandler
                0x08001970                SPI4_IRQHandler
                0x08001970                TIM1_CC_IRQHandler
                0x08001970                DMA2_Stream5_IRQHandler
                0x08001970                DMA1_Stream5_IRQHandler
                0x08001970                PVD_IRQHandler
                0x08001970                SDIO_IRQHandler
                0x08001970                TAMP_STAMP_IRQHandler
                0x08001970                CAN2_RX1_IRQHandler
                0x08001970                TIM8_TRG_COM_TIM14_IRQHandler
                0x08001970                TIM8_UP_TIM13_IRQHandler
                0x08001970                I2C3_ER_IRQHandler
                0x08001970                EXTI0_IRQHandler
                0x08001970                I2C2_EV_IRQHandler
                0x08001970                DMA1_Stream2_IRQHandler
                0x08001970                CAN1_RX0_IRQHandler
                0x08001970                FPU_IRQHandler
                0x08001970                OTG_HS_WKUP_IRQHandler
                0x08001970                CAN2_SCE_IRQHandler
                0x08001970                DMA2_Stream2_IRQHandler
                0x08001970                SPI1_IRQHandler
                0x08001970                TIM6_DAC_IRQHandler
                0x08001970                TIM1_BRK_TIM9_IRQHandler
                0x08001970                DCMI_IRQHandler
                0x08001970                CAN2_RX0_IRQHandler
                0x08001970                DMA2_Stream3_IRQHandler
                0x08001970                SAI2_IRQHandler
                0x08001970                USART6_IRQHandler
                0x08001970                USART3_IRQHandler
                0x08001970                CAN1_RX1_IRQHandler
                0x08001970                UART5_IRQHandler
                0x08001970                DMA2_Stream0_IRQHandler
                0x08001970                TIM4_IRQHandler
                0x08001970                QUADSPI_IRQHandler
                0x08001970                I2C1_EV_IRQHandler
                0x08001970                DMA1_Stream6_IRQHandler
                0x08001970                DMA1_Stream1_IRQHandler
                0x08001970                UART4_IRQHandler
                0x08001970                TIM3_IRQHandler
                0x08001970                RCC_IRQHandler
                0x08001970                TIM8_BRK_TIM12_IRQHandler
                0x08001970                Default_Handler
                0x08001970                CEC_IRQHandler
                0x08001970                ADC_IRQHandler
                0x08001970                DMA1_Stream7_IRQHandler
                0x08001970                TIM7_IRQHandler
                0x08001970                CAN2_TX_IRQHandler
                0x08001970                TIM5_IRQHandler
                0x08001970                DMA2_Stream7_IRQHandler
                0x08001970                I2C3_EV_IRQHandler
                0x08001970                RTC_WKUP_IRQHandler
                0x08001970                SPDIF_RX_IRQHandler
                0x08001970                SPI2_IRQHandler
                0x08001970                OTG_HS_EP1_IN_IRQHandler
                0x08001970                DMA1_Stream0_IRQHandler
                0x08001970                CAN1_TX_IRQHandler
                0x08001970                FMPI2C1_ER_IRQHandler
                0x08001970                OTG_HS_EP1_OUT_IRQHandler
                0x08001970                WWDG_IRQHandler
                0x08001970                TIM2_IRQHandler
                0x08001970                OTG_FS_WKUP_IRQHandler
                0x08001970                TIM1_TRG_COM_TIM11_IRQHandler
                0x08001970                OTG_HS_IRQHandler
                0x08001970                EXTI1_IRQHandler
                0x08001970                USART2_IRQHandler
                0x08001970                I2C2_ER_IRQHandler
                0x08001970                DMA2_Stream1_IRQHandler
                0x08001970                CAN1_SCE_IRQHandler
                0x08001970                FLASH_IRQHandler
                0x08001970                DMA2_Stream4_IRQHandler
                0x08001970                USART1_IRQHandler
                0x08001970                SPI3_IRQHandler
                0x08001970                DMA1_Stream4_IRQHandler
                0x08001970                I2C1_ER_IRQHandler
                0x08001970                FMC_IRQHandler
                0x08001970                DMA2_Stream6_IRQHandler
                0x08001970                SAI1_IRQHandler
                0x08001970                DMA1_Stream3_IRQHandler
 *fill*         0x08001972        0x2 
 .text.HAL_Init
                0x08001974       0x44 ./Drivers/STM32F4xx_HAL_Driver/Src/stm32f4xx_hal.o
                0x08001974                HAL_Init
 .text.HAL_InitTick
                0x080019b8       0x60 ./Drivers/STM32F4xx_HAL_Driver/Src/stm32f4xx_hal.o
                0x080019b8                HAL_InitTick
 .text.HAL_IncTick
                0x08001a18       0x28 ./Drivers/STM32F4xx_HAL_Driver/Src/stm32f4xx_hal.o
                0x08001a18                HAL_IncTick
 .text.HAL_GetTick
                0x08001a40       0x18 ./Drivers/STM32F4xx_HAL_Driver/Src/stm32f4xx_hal.o
                0x08001a40                HAL_GetTick
 .text.HAL_Delay
                0x08001a58       0x48 ./Drivers/STM32F4xx_HAL_Driver/Src/stm32f4xx_hal.o
                0x08001a58                HAL_Delay
 .text.HAL_ADC_Init
                0x08001aa0       0x86 ./Drivers/STM32F4xx_HAL_Driver/Src/stm32f4xx_hal_adc.o
                0x08001aa0                HAL_ADC_Init
 *fill*         0x08001b26        0x2 
 .text.HAL_ADC_ConfigChannel
                0x08001b28      0x264 ./Drivers/STM32F4xx_HAL_Driver/Src/stm32f4xx_hal_adc.o
                0x08001b28                HAL_ADC_ConfigChannel
 .text.ADC_Init
                0x08001d8c      0x1f8 ./Drivers/STM32F4xx_HAL_Driver/Src/stm32f4xx_hal_adc.o
 .text.__NVIC_SetPriorityGrouping
                0x08001f84       0x48 ./Drivers/STM32F4xx_HAL_Driver/Src/stm32f4xx_hal_cortex.o
 .text.__NVIC_GetPriorityGrouping
                0x08001fcc       0x1c ./Drivers/STM32F4xx_HAL_Driver/Src/stm32f4xx_hal_cortex.o
 .text.__NVIC_EnableIRQ
                0x08001fe8       0x3c ./Drivers/STM32F4xx_HAL_Driver/Src/stm32f4xx_hal_cortex.o
 .text.__NVIC_SetPriority
                0x08002024       0x54 ./Drivers/STM32F4xx_HAL_Driver/Src/stm32f4xx_hal_cortex.o
 .text.NVIC_EncodePriority
                0x08002078       0x66 ./Drivers/STM32F4xx_HAL_Driver/Src/stm32f4xx_hal_cortex.o
 *fill*         0x080020de        0x2 
 .text.SysTick_Config
                0x080020e0       0x44 ./Drivers/STM32F4xx_HAL_Driver/Src/stm32f4xx_hal_cortex.o
 .text.HAL_NVIC_SetPriorityGrouping
                0x08002124       0x16 ./Drivers/STM32F4xx_HAL_Driver/Src/stm32f4xx_hal_cortex.o
                0x08002124                HAL_NVIC_SetPriorityGrouping
 .text.HAL_NVIC_SetPriority
                0x0800213a       0x38 ./Drivers/STM32F4xx_HAL_Driver/Src/stm32f4xx_hal_cortex.o
                0x0800213a                HAL_NVIC_SetPriority
 .text.HAL_NVIC_EnableIRQ
                0x08002172       0x1c ./Drivers/STM32F4xx_HAL_Driver/Src/stm32f4xx_hal_cortex.o
                0x08002172                HAL_NVIC_EnableIRQ
 .text.HAL_SYSTICK_Config
                0x0800218e       0x18 ./Drivers/STM32F4xx_HAL_Driver/Src/stm32f4xx_hal_cortex.o
                0x0800218e                HAL_SYSTICK_Config
 *fill*         0x080021a6        0x2 
 .text.HAL_GPIO_Init
                0x080021a8      0x328 ./Drivers/STM32F4xx_HAL_Driver/Src/stm32f4xx_hal_gpio.o
                0x080021a8                HAL_GPIO_Init
 .text.HAL_GPIO_ReadPin
                0x080024d0       0x30 ./Drivers/STM32F4xx_HAL_Driver/Src/stm32f4xx_hal_gpio.o
                0x080024d0                HAL_GPIO_ReadPin
 .text.HAL_GPIO_WritePin
                0x08002500       0x32 ./Drivers/STM32F4xx_HAL_Driver/Src/stm32f4xx_hal_gpio.o
                0x08002500                HAL_GPIO_WritePin
 *fill*         0x08002532        0x2 
 .text.HAL_GPIO_EXTI_IRQHandler
                0x08002534       0x30 ./Drivers/STM32F4xx_HAL_Driver/Src/stm32f4xx_hal_gpio.o
                0x08002534                HAL_GPIO_EXTI_IRQHandler
 .text.HAL_GPIO_EXTI_Callback
                0x08002564       0x16 ./Drivers/STM32F4xx_HAL_Driver/Src/stm32f4xx_hal_gpio.o
                0x08002564                HAL_GPIO_EXTI_Callback
 .text.HAL_PCD_Init
                0x0800257a      0x22c ./Drivers/STM32F4xx_HAL_Driver/Src/stm32f4xx_hal_pcd.o
                0x0800257a                HAL_PCD_Init
 .text.HAL_PCD_Start
                0x080027a6       0x6a ./Drivers/STM32F4xx_HAL_Driver/Src/stm32f4xx_hal_pcd.o
                0x080027a6                HAL_PCD_Start
 .text.HAL_PCD_IRQHandler
                0x08002810      0x99c ./Drivers/STM32F4xx_HAL_Driver/Src/stm32f4xx_hal_pcd.o
                0x08002810                HAL_PCD_IRQHandler
 .text.HAL_PCD_SetAddress
                0x080031ac       0x48 ./Drivers/STM32F4xx_HAL_Driver/Src/stm32f4xx_hal_pcd.o
                0x080031ac                HAL_PCD_SetAddress
 .text.HAL_PCD_EP_Open
                0x080031f4       0xd4 ./Drivers/STM32F4xx_HAL_Driver/Src/stm32f4xx_hal_pcd.o
                0x080031f4                HAL_PCD_EP_Open
 .text.HAL_PCD_EP_Close
                0x080032c8       0x94 ./Drivers/STM32F4xx_HAL_Driver/Src/stm32f4xx_hal_pcd.o
                0x080032c8                HAL_PCD_EP_Close
 .text.HAL_PCD_EP_Receive
                0x0800335c       0x76 ./Drivers/STM32F4xx_HAL_Driver/Src/stm32f4xx_hal_pcd.o
                0x0800335c                HAL_PCD_EP_Receive
 .text.HAL_PCD_EP_GetRxCount
                0x080033d2       0x30 ./Drivers/STM32F4xx_HAL_Driver/Src/stm32f4xx_hal_pcd.o
                0x080033d2                HAL_PCD_EP_GetRxCount
 .text.HAL_PCD_EP_Transmit
                0x08003402       0x74 ./Drivers/STM32F4xx_HAL_Driver/Src/stm32f4xx_hal_pcd.o
                0x08003402                HAL_PCD_EP_Transmit
 .text.HAL_PCD_EP_SetStall
                0x08003476       0xc6 ./Drivers/STM32F4xx_HAL_Driver/Src/stm32f4xx_hal_pcd.o
                0x08003476                HAL_PCD_EP_SetStall
 .text.HAL_PCD_EP_ClrStall
                0x0800353c       0xac ./Drivers/STM32F4xx_HAL_Driver/Src/stm32f4xx_hal_pcd.o
                0x0800353c                HAL_PCD_EP_ClrStall
 .text.HAL_PCD_EP_Abort
                0x080035e8       0x62 ./Drivers/STM32F4xx_HAL_Driver/Src/stm32f4xx_hal_pcd.o
                0x080035e8                HAL_PCD_EP_Abort
 .text.PCD_WriteEmptyTxFifo
                0x0800364a      0x118 ./Drivers/STM32F4xx_HAL_Driver/Src/stm32f4xx_hal_pcd.o
 *fill*         0x08003762        0x2 
 .text.PCD_EP_OutXfrComplete_int
                0x08003764      0x1d0 ./Drivers/STM32F4xx_HAL_Driver/Src/stm32f4xx_hal_pcd.o
 .text.PCD_EP_OutSetupPacket_int
                0x08003934       0x8c ./Drivers/STM32F4xx_HAL_Driver/Src/stm32f4xx_hal_pcd.o
 .text.HAL_PCDEx_SetTxFiFo
                0x080039c0       0x8e ./Drivers/STM32F4xx_HAL_Driver/Src/stm32f4xx_hal_pcd_ex.o
                0x080039c0                HAL_PCDEx_SetTxFiFo
 .text.HAL_PCDEx_SetRxFiFo
                0x08003a4e       0x22 ./Drivers/STM32F4xx_HAL_Driver/Src/stm32f4xx_hal_pcd_ex.o
                0x08003a4e                HAL_PCDEx_SetRxFiFo
 .text.HAL_PCDEx_ActivateLPM
                0x08003a70       0x48 ./Drivers/STM32F4xx_HAL_Driver/Src/stm32f4xx_hal_pcd_ex.o
                0x08003a70                HAL_PCDEx_ActivateLPM
 .text.HAL_RCC_ClockConfig
                0x08003ab8      0x1cc ./Drivers/STM32F4xx_HAL_Driver/Src/stm32f4xx_hal_rcc.o
                0x08003ab8                HAL_RCC_ClockConfig
 .text.HAL_RCC_GetHCLKFreq
                0x08003c84       0x18 ./Drivers/STM32F4xx_HAL_Driver/Src/stm32f4xx_hal_rcc.o
                0x08003c84                HAL_RCC_GetHCLKFreq
 .text.HAL_RCC_GetPCLK1Freq
                0x08003c9c       0x28 ./Drivers/STM32F4xx_HAL_Driver/Src/stm32f4xx_hal_rcc.o
                0x08003c9c                HAL_RCC_GetPCLK1Freq
 .text.HAL_RCC_GetPCLK2Freq
                0x08003cc4       0x28 ./Drivers/STM32F4xx_HAL_Driver/Src/stm32f4xx_hal_rcc.o
                0x08003cc4                HAL_RCC_GetPCLK2Freq
 .text.HAL_RCCEx_PeriphCLKConfig
                0x08003cec      0x654 ./Drivers/STM32F4xx_HAL_Driver/Src/stm32f4xx_hal_rcc_ex.o
                0x08003cec                HAL_RCCEx_PeriphCLKConfig
 .text.HAL_RCC_GetSysClockFreq
                0x08004340      0x460 ./Drivers/STM32F4xx_HAL_Driver/Src/stm32f4xx_hal_rcc_ex.o
                0x08004340                HAL_RCC_GetSysClockFreq
 .text.HAL_RCC_OscConfig
                0x080047a0      0x53c ./Drivers/STM32F4xx_HAL_Driver/Src/stm32f4xx_hal_rcc_ex.o
                0x080047a0                HAL_RCC_OscConfig
 .text.HAL_TIM_Base_Init
                0x08004cdc       0x9e ./Drivers/STM32F4xx_HAL_Driver/Src/stm32f4xx_hal_tim.o
                0x08004cdc                HAL_TIM_Base_Init
 *fill*         0x08004d7a        0x2 
 .text.HAL_TIM_Base_Start_IT
                0x08004d7c       0xe0 ./Drivers/STM32F4xx_HAL_Driver/Src/stm32f4xx_hal_tim.o
                0x08004d7c                HAL_TIM_Base_Start_IT
 .text.HAL_TIM_Base_Stop_IT
                0x08004e5c       0x5e ./Drivers/STM32F4xx_HAL_Driver/Src/stm32f4xx_hal_tim.o
                0x08004e5c                HAL_TIM_Base_Stop_IT
 .text.HAL_TIM_IRQHandler
                0x08004eba      0x1e0 ./Drivers/STM32F4xx_HAL_Driver/Src/stm32f4xx_hal_tim.o
                0x08004eba                HAL_TIM_IRQHandler
 .text.HAL_TIM_ConfigClockSource
                0x0800509a      0x18e ./Drivers/STM32F4xx_HAL_Driver/Src/stm32f4xx_hal_tim.o
                0x0800509a                HAL_TIM_ConfigClockSource
 .text.HAL_TIM_SlaveConfigSynchro
                0x08005228       0x84 ./Drivers/STM32F4xx_HAL_Driver/Src/stm32f4xx_hal_tim.o
                0x08005228                HAL_TIM_SlaveConfigSynchro
 .text.HAL_TIM_PeriodElapsedCallback
                0x080052ac       0x14 ./Drivers/STM32F4xx_HAL_Driver/Src/stm32f4xx_hal_tim.o
                0x080052ac                HAL_TIM_PeriodElapsedCallback
 .text.HAL_TIM_OC_DelayElapsedCallback
                0x080052c0       0x14 ./Drivers/STM32F4xx_HAL_Driver/Src/stm32f4xx_hal_tim.o
                0x080052c0                HAL_TIM_OC_DelayElapsedCallback
 .text.HAL_TIM_IC_CaptureCallback
                0x080052d4       0x14 ./Drivers/STM32F4xx_HAL_Driver/Src/stm32f4xx_hal_tim.o
                0x080052d4                HAL_TIM_IC_CaptureCallback
 .text.HAL_TIM_PWM_PulseFinishedCallback
                0x080052e8       0x14 ./Drivers/STM32F4xx_HAL_Driver/Src/stm32f4xx_hal_tim.o
                0x080052e8                HAL_TIM_PWM_PulseFinishedCallback
 .text.HAL_TIM_TriggerCallback
                0x080052fc       0x14 ./Drivers/STM32F4xx_HAL_Driver/Src/stm32f4xx_hal_tim.o
                0x080052fc                HAL_TIM_TriggerCallback
 .text.TIM_Base_SetConfig
                0x08005310      0x14c ./Drivers/STM32F4xx_HAL_Driver/Src/stm32f4xx_hal_tim.o
                0x08005310                TIM_Base_SetConfig
 .text.TIM_SlaveTimer_SetConfig
                0x0800545c      0x122 ./Drivers/STM32F4xx_HAL_Driver/Src/stm32f4xx_hal_tim.o
 .text.TIM_TI1_ConfigInputStage
                0x0800557e       0x5e ./Drivers/STM32F4xx_HAL_Driver/Src/stm32f4xx_hal_tim.o
 .text.TIM_TI2_ConfigInputStage
                0x080055dc       0x60 ./Drivers/STM32F4xx_HAL_Driver/Src/stm32f4xx_hal_tim.o
 .text.TIM_ITRx_SetConfig
                0x0800563c       0x36 ./Drivers/STM32F4xx_HAL_Driver/Src/stm32f4xx_hal_tim.o
 .text.TIM_ETR_SetConfig
                0x08005672       0x40 ./Drivers/STM32F4xx_HAL_Driver/Src/stm32f4xx_hal_tim.o
                0x08005672                TIM_ETR_SetConfig
 *fill*         0x080056b2        0x2 
 .text.HAL_TIMEx_MasterConfigSynchronization
                0x080056b4       0xf8 ./Drivers/STM32F4xx_HAL_Driver/Src/stm32f4xx_hal_tim_ex.o
                0x080056b4                HAL_TIMEx_MasterConfigSynchronization
 .text.HAL_TIMEx_CommutCallback
                0x080057ac       0x14 ./Drivers/STM32F4xx_HAL_Driver/Src/stm32f4xx_hal_tim_ex.o
                0x080057ac                HAL_TIMEx_CommutCallback
 .text.HAL_TIMEx_BreakCallback
                0x080057c0       0x14 ./Drivers/STM32F4xx_HAL_Driver/Src/stm32f4xx_hal_tim_ex.o
                0x080057c0                HAL_TIMEx_BreakCallback
 .text.HAL_UART_Init
                0x080057d4       0xa0 ./Drivers/STM32F4xx_HAL_Driver/Src/stm32f4xx_hal_uart.o
                0x080057d4                HAL_UART_Init
 .text.HAL_UART_Receive
                0x08005874      0x12e ./Drivers/STM32F4xx_HAL_Driver/Src/stm32f4xx_hal_uart.o
                0x08005874                HAL_UART_Receive
 .text.UART_WaitOnFlagUntilTimeout
                0x080059a2       0xb2 ./Drivers/STM32F4xx_HAL_Driver/Src/stm32f4xx_hal_uart.o
 .text.UART_EndRxTransfer
                0x08005a54       0xc6 ./Drivers/STM32F4xx_HAL_Driver/Src/stm32f4xx_hal_uart.o
 *fill*         0x08005b1a        0x2 
 .text.UART_SetConfig
                0x08005b1c      0x4e8 ./Drivers/STM32F4xx_HAL_Driver/Src/stm32f4xx_hal_uart.o
 .text.USB_CoreInit
                0x08006004       0xc8 ./Drivers/STM32F4xx_HAL_Driver/Src/stm32f4xx_ll_usb.o
                0x08006004                USB_CoreInit
 .text.USB_SetTurnaroundTime
                0x080060cc      0x144 ./Drivers/STM32F4xx_HAL_Driver/Src/stm32f4xx_ll_usb.o
                0x080060cc                USB_SetTurnaroundTime
 .text.USB_EnableGlobalInt
                0x08006210       0x22 ./Drivers/STM32F4xx_HAL_Driver/Src/stm32f4xx_ll_usb.o
                0x08006210                USB_EnableGlobalInt
 .text.USB_DisableGlobalInt
                0x08006232       0x22 ./Drivers/STM32F4xx_HAL_Driver/Src/stm32f4xx_ll_usb.o
                0x08006232                USB_DisableGlobalInt
 .text.USB_SetCurrentMode
                0x08006254       0x98 ./Drivers/STM32F4xx_HAL_Driver/Src/stm32f4xx_ll_usb.o
                0x08006254                USB_SetCurrentMode
 .text.USB_DevInit
                0x080062ec      0x2bc ./Drivers/STM32F4xx_HAL_Driver/Src/stm32f4xx_ll_usb.o
                0x080062ec                USB_DevInit
 .text.USB_FlushTxFifo
                0x080065a8       0x64 ./Drivers/STM32F4xx_HAL_Driver/Src/stm32f4xx_ll_usb.o
                0x080065a8                USB_FlushTxFifo
 .text.USB_FlushRxFifo
                0x0800660c       0x5c ./Drivers/STM32F4xx_HAL_Driver/Src/stm32f4xx_ll_usb.o
                0x0800660c                USB_FlushRxFifo
 .text.USB_SetDevSpeed
                0x08006668       0x32 ./Drivers/STM32F4xx_HAL_Driver/Src/stm32f4xx_ll_usb.o
                0x08006668                USB_SetDevSpeed
 .text.USB_GetDevSpeed
                0x0800669a       0x4a ./Drivers/STM32F4xx_HAL_Driver/Src/stm32f4xx_ll_usb.o
                0x0800669a                USB_GetDevSpeed
 .text.USB_ActivateEndpoint
                0x080066e4      0x10e ./Drivers/STM32F4xx_HAL_Driver/Src/stm32f4xx_ll_usb.o
                0x080066e4                USB_ActivateEndpoint
 *fill*         0x080067f2        0x2 
 .text.USB_DeactivateEndpoint
                0x080067f4      0x1b8 ./Drivers/STM32F4xx_HAL_Driver/Src/stm32f4xx_ll_usb.o
                0x080067f4                USB_DeactivateEndpoint
 .text.USB_EPStartXfer
                0x080069ac      0x53c ./Drivers/STM32F4xx_HAL_Driver/Src/stm32f4xx_ll_usb.o
                0x080069ac                USB_EPStartXfer
 .text.USB_EPStopXfer
                0x08006ee8      0x154 ./Drivers/STM32F4xx_HAL_Driver/Src/stm32f4xx_ll_usb.o
                0x08006ee8                USB_EPStopXfer
 .text.USB_WritePacket
                0x0800703c       0x7c ./Drivers/STM32F4xx_HAL_Driver/Src/stm32f4xx_ll_usb.o
                0x0800703c                USB_WritePacket
 .text.USB_ReadPacket
                0x080070b8       0xb0 ./Drivers/STM32F4xx_HAL_Driver/Src/stm32f4xx_ll_usb.o
                0x080070b8                USB_ReadPacket
 .text.USB_EPSetStall
                0x08007168       0xdc ./Drivers/STM32F4xx_HAL_Driver/Src/stm32f4xx_ll_usb.o
                0x08007168                USB_EPSetStall
 .text.USB_EPClearStall
                0x08007244       0xcc ./Drivers/STM32F4xx_HAL_Driver/Src/stm32f4xx_ll_usb.o
                0x08007244                USB_EPClearStall
 .text.USB_SetDevAddress
                0x08007310       0x4c ./Drivers/STM32F4xx_HAL_Driver/Src/stm32f4xx_ll_usb.o
                0x08007310                USB_SetDevAddress
 .text.USB_DevConnect
                0x0800735c       0x42 ./Drivers/STM32F4xx_HAL_Driver/Src/stm32f4xx_ll_usb.o
                0x0800735c                USB_DevConnect
 .text.USB_DevDisconnect
                0x0800739e       0x42 ./Drivers/STM32F4xx_HAL_Driver/Src/stm32f4xx_ll_usb.o
                0x0800739e                USB_DevDisconnect
 .text.USB_ReadInterrupts
                0x080073e0       0x26 ./Drivers/STM32F4xx_HAL_Driver/Src/stm32f4xx_ll_usb.o
                0x080073e0                USB_ReadInterrupts
 .text.USB_ReadDevAllOutEpInterrupt
                0x08007406       0x34 ./Drivers/STM32F4xx_HAL_Driver/Src/stm32f4xx_ll_usb.o
                0x08007406                USB_ReadDevAllOutEpInterrupt
 .text.USB_ReadDevAllInEpInterrupt
                0x0800743a       0x34 ./Drivers/STM32F4xx_HAL_Driver/Src/stm32f4xx_ll_usb.o
                0x0800743a                USB_ReadDevAllInEpInterrupt
 .text.USB_ReadDevOutEPInterrupt
                0x0800746e       0x3c ./Drivers/STM32F4xx_HAL_Driver/Src/stm32f4xx_ll_usb.o
                0x0800746e                USB_ReadDevOutEPInterrupt
 .text.USB_ReadDevInEPInterrupt
                0x080074aa       0x5c ./Drivers/STM32F4xx_HAL_Driver/Src/stm32f4xx_ll_usb.o
                0x080074aa                USB_ReadDevInEPInterrupt
 .text.USB_GetMode
                0x08007506       0x1c ./Drivers/STM32F4xx_HAL_Driver/Src/stm32f4xx_ll_usb.o
                0x08007506                USB_GetMode
 .text.USB_ActivateSetup
                0x08007522       0x46 ./Drivers/STM32F4xx_HAL_Driver/Src/stm32f4xx_ll_usb.o
                0x08007522                USB_ActivateSetup
 .text.USB_EP0_OutStart
                0x08007568       0xbc ./Drivers/STM32F4xx_HAL_Driver/Src/stm32f4xx_ll_usb.o
                0x08007568                USB_EP0_OutStart
 .text.USB_CoreReset
                0x08007624       0x70 ./Drivers/STM32F4xx_HAL_Driver/Src/stm32f4xx_ll_usb.o
 .text.USBD_CDC_Init
                0x08007694      0x1f0 ./Middlewares/ST/STM32_USB_Device_Library/Class/CDC/Src/usbd_cdc.o
 .text.USBD_CDC_DeInit
                0x08007884      0x104 ./Middlewares/ST/STM32_USB_Device_Library/Class/CDC/Src/usbd_cdc.o
 .text.USBD_CDC_Setup
                0x08007988      0x1b8 ./Middlewares/ST/STM32_USB_Device_Library/Class/CDC/Src/usbd_cdc.o
 .text.USBD_CDC_DataIn
                0x08007b40       0xfe ./Middlewares/ST/STM32_USB_Device_Library/Class/CDC/Src/usbd_cdc.o
 .text.USBD_CDC_DataOut
                0x08007c3e       0x70 ./Middlewares/ST/STM32_USB_Device_Library/Class/CDC/Src/usbd_cdc.o
 .text.USBD_CDC_EP0_RxReady
                0x08007cae       0x74 ./Middlewares/ST/STM32_USB_Device_Library/Class/CDC/Src/usbd_cdc.o
 *fill*         0x08007d22        0x2 
 .text.USBD_CDC_GetFSCfgDesc
                0x08007d24       0x70 ./Middlewares/ST/STM32_USB_Device_Library/Class/CDC/Src/usbd_cdc.o
 .text.USBD_CDC_GetHSCfgDesc
                0x08007d94       0x70 ./Middlewares/ST/STM32_USB_Device_Library/Class/CDC/Src/usbd_cdc.o
 .text.USBD_CDC_GetOtherSpeedCfgDesc
                0x08007e04       0x70 ./Middlewares/ST/STM32_USB_Device_Library/Class/CDC/Src/usbd_cdc.o
 .text.USBD_CDC_GetDeviceQualifierDescriptor
                0x08007e74       0x20 ./Middlewares/ST/STM32_USB_Device_Library/Class/CDC/Src/usbd_cdc.o
                0x08007e74                USBD_CDC_GetDeviceQualifierDescriptor
 .text.USBD_CDC_RegisterInterface
                0x08007e94       0x34 ./Middlewares/ST/STM32_USB_Device_Library/Class/CDC/Src/usbd_cdc.o
                0x08007e94                USBD_CDC_RegisterInterface
 .text.USBD_CDC_SetTxBuffer
                0x08007ec8       0x44 ./Middlewares/ST/STM32_USB_Device_Library/Class/CDC/Src/usbd_cdc.o
                0x08007ec8                USBD_CDC_SetTxBuffer
 .text.USBD_CDC_SetRxBuffer
                0x08007f0c       0x3a ./Middlewares/ST/STM32_USB_Device_Library/Class/CDC/Src/usbd_cdc.o
                0x08007f0c                USBD_CDC_SetRxBuffer
 *fill*         0x08007f46        0x2 
 .text.USBD_CDC_TransmitPacket
                0x08007f48       0x80 ./Middlewares/ST/STM32_USB_Device_Library/Class/CDC/Src/usbd_cdc.o
                0x08007f48                USBD_CDC_TransmitPacket
 .text.USBD_CDC_ReceivePacket
                0x08007fc8       0x6c ./Middlewares/ST/STM32_USB_Device_Library/Class/CDC/Src/usbd_cdc.o
                0x08007fc8                USBD_CDC_ReceivePacket
 .text.USBD_Init
                0x08008034       0x60 ./Middlewares/ST/STM32_USB_Device_Library/Core/Src/usbd_core.o
                0x08008034                USBD_Init
 .text.USBD_RegisterClass
                0x08008094       0x6c ./Middlewares/ST/STM32_USB_Device_Library/Core/Src/usbd_core.o
                0x08008094                USBD_RegisterClass
 .text.USBD_Start
                0x08008100       0x18 ./Middlewares/ST/STM32_USB_Device_Library/Core/Src/usbd_core.o
                0x08008100                USBD_Start
 .text.USBD_RunTestMode
                0x08008118       0x16 ./Middlewares/ST/STM32_USB_Device_Library/Core/Src/usbd_core.o
                0x08008118                USBD_RunTestMode
 .text.USBD_SetClassConfig
                0x0800812e       0x38 ./Middlewares/ST/STM32_USB_Device_Library/Core/Src/usbd_core.o
                0x0800812e                USBD_SetClassConfig
 .text.USBD_ClrClassConfig
                0x08008166       0x34 ./Middlewares/ST/STM32_USB_Device_Library/Core/Src/usbd_core.o
                0x08008166                USBD_ClrClassConfig
 .text.USBD_LL_SetupStage
                0x0800819a       0xaa ./Middlewares/ST/STM32_USB_Device_Library/Core/Src/usbd_core.o
                0x0800819a                USBD_LL_SetupStage
 .text.USBD_LL_DataOutStage
                0x08008244      0x178 ./Middlewares/ST/STM32_USB_Device_Library/Core/Src/usbd_core.o
                0x08008244                USBD_LL_DataOutStage
 .text.USBD_LL_DataInStage
                0x080083bc      0x176 ./Middlewares/ST/STM32_USB_Device_Library/Core/Src/usbd_core.o
                0x080083bc                USBD_LL_DataInStage
 .text.USBD_LL_Reset
                0x08008532       0xa6 ./Middlewares/ST/STM32_USB_Device_Library/Core/Src/usbd_core.o
                0x08008532                USBD_LL_Reset
 .text.USBD_LL_SetSpeed
                0x080085d8       0x20 ./Middlewares/ST/STM32_USB_Device_Library/Core/Src/usbd_core.o
                0x080085d8                USBD_LL_SetSpeed
 .text.USBD_LL_Suspend
                0x080085f8       0x38 ./Middlewares/ST/STM32_USB_Device_Library/Core/Src/usbd_core.o
                0x080085f8                USBD_LL_Suspend
 .text.USBD_LL_Resume
                0x08008630       0x30 ./Middlewares/ST/STM32_USB_Device_Library/Core/Src/usbd_core.o
                0x08008630                USBD_LL_Resume
 .text.USBD_LL_SOF
                0x08008660       0x40 ./Middlewares/ST/STM32_USB_Device_Library/Core/Src/usbd_core.o
                0x08008660                USBD_LL_SOF
 .text.USBD_LL_IsoINIncomplete
                0x080086a0       0x64 ./Middlewares/ST/STM32_USB_Device_Library/Core/Src/usbd_core.o
                0x080086a0                USBD_LL_IsoINIncomplete
 .text.USBD_LL_IsoOUTIncomplete
                0x08008704       0x64 ./Middlewares/ST/STM32_USB_Device_Library/Core/Src/usbd_core.o
                0x08008704                USBD_LL_IsoOUTIncomplete
 .text.USBD_LL_DevConnected
                0x08008768       0x16 ./Middlewares/ST/STM32_USB_Device_Library/Core/Src/usbd_core.o
                0x08008768                USBD_LL_DevConnected
 .text.USBD_LL_DevDisconnected
                0x0800877e       0x46 ./Middlewares/ST/STM32_USB_Device_Library/Core/Src/usbd_core.o
                0x0800877e                USBD_LL_DevDisconnected
 .text.USBD_CoreFindIF
                0x080087c4       0x1a ./Middlewares/ST/STM32_USB_Device_Library/Core/Src/usbd_core.o
                0x080087c4                USBD_CoreFindIF
 .text.USBD_CoreFindEP
                0x080087de       0x1a ./Middlewares/ST/STM32_USB_Device_Library/Core/Src/usbd_core.o
                0x080087de                USBD_CoreFindEP
 .text.USBD_GetEpDesc
                0x080087f8       0x70 ./Middlewares/ST/STM32_USB_Device_Library/Core/Src/usbd_core.o
                0x080087f8                USBD_GetEpDesc
 .text.USBD_GetNextDesc
                0x08008868       0x38 ./Middlewares/ST/STM32_USB_Device_Library/Core/Src/usbd_core.o
                0x08008868                USBD_GetNextDesc
 .text.SWAPBYTE
                0x080088a0       0x3c ./Middlewares/ST/STM32_USB_Device_Library/Core/Src/usbd_ctlreq.o
 .text.USBD_StdDevReq
                0x080088dc       0xe4 ./Middlewares/ST/STM32_USB_Device_Library/Core/Src/usbd_ctlreq.o
                0x080088dc                USBD_StdDevReq
 .text.USBD_StdItfReq
                0x080089c0       0xd8 ./Middlewares/ST/STM32_USB_Device_Library/Core/Src/usbd_ctlreq.o
                0x080089c0                USBD_StdItfReq
 .text.USBD_StdEPReq
                0x08008a98      0x33e ./Middlewares/ST/STM32_USB_Device_Library/Core/Src/usbd_ctlreq.o
                0x08008a98                USBD_StdEPReq
 *fill*         0x08008dd6        0x2 
 .text.USBD_GetDescriptor
                0x08008dd8      0x328 ./Middlewares/ST/STM32_USB_Device_Library/Core/Src/usbd_ctlreq.o
 .text.USBD_SetAddress
                0x08009100       0x88 ./Middlewares/ST/STM32_USB_Device_Library/Core/Src/usbd_ctlreq.o
 .text.USBD_SetConfig
                0x08009188      0x154 ./Middlewares/ST/STM32_USB_Device_Library/Core/Src/usbd_ctlreq.o
 .text.USBD_GetConfig
                0x080092dc       0x6c ./Middlewares/ST/STM32_USB_Device_Library/Core/Src/usbd_ctlreq.o
 .text.USBD_GetStatus
                0x08009348       0x68 ./Middlewares/ST/STM32_USB_Device_Library/Core/Src/usbd_ctlreq.o
 .text.USBD_SetFeature
                0x080093b0       0x52 ./Middlewares/ST/STM32_USB_Device_Library/Core/Src/usbd_ctlreq.o
 .text.USBD_ClrFeature
                0x08009402       0x44 ./Middlewares/ST/STM32_USB_Device_Library/Core/Src/usbd_ctlreq.o
 .text.USBD_ParseSetupRequest
                0x08009446       0x74 ./Middlewares/ST/STM32_USB_Device_Library/Core/Src/usbd_ctlreq.o
                0x08009446                USBD_ParseSetupRequest
 .text.USBD_CtlError
                0x080094ba       0x22 ./Middlewares/ST/STM32_USB_Device_Library/Core/Src/usbd_ctlreq.o
                0x080094ba                USBD_CtlError
 .text.USBD_GetString
                0x080094dc       0xa4 ./Middlewares/ST/STM32_USB_Device_Library/Core/Src/usbd_ctlreq.o
                0x080094dc                USBD_GetString
 .text.USBD_GetLen
                0x08009580       0x34 ./Middlewares/ST/STM32_USB_Device_Library/Core/Src/usbd_ctlreq.o
 .text.USBD_CtlSendData
                0x080095b4       0x3c ./Middlewares/ST/STM32_USB_Device_Library/Core/Src/usbd_ioreq.o
                0x080095b4                USBD_CtlSendData
 .text.USBD_CtlContinueSendData
                0x080095f0       0x22 ./Middlewares/ST/STM32_USB_Device_Library/Core/Src/usbd_ioreq.o
                0x080095f0                USBD_CtlContinueSendData
 .text.USBD_CtlPrepareRx
                0x08009612       0x42 ./Middlewares/ST/STM32_USB_Device_Library/Core/Src/usbd_ioreq.o
                0x08009612                USBD_CtlPrepareRx
 .text.USBD_CtlContinueRx
                0x08009654       0x22 ./Middlewares/ST/STM32_USB_Device_Library/Core/Src/usbd_ioreq.o
                0x08009654                USBD_CtlContinueRx
 .text.USBD_CtlSendStatus
                0x08009676       0x26 ./Middlewares/ST/STM32_USB_Device_Library/Core/Src/usbd_ioreq.o
                0x08009676                USBD_CtlSendStatus
 .text.USBD_CtlReceiveStatus
                0x0800969c       0x26 ./Middlewares/ST/STM32_USB_Device_Library/Core/Src/usbd_ioreq.o
                0x0800969c                USBD_CtlReceiveStatus
 *fill*         0x080096c2        0x2 
 .text.MX_USB_DEVICE_Init
                0x080096c4       0x60 ./USB_DEVICE/App/usb_device.o
                0x080096c4                MX_USB_DEVICE_Init
 .text.CDC_Init_FS
                0x08009724       0x28 ./USB_DEVICE/App/usbd_cdc_if.o
 .text.CDC_DeInit_FS
                0x0800974c       0x10 ./USB_DEVICE/App/usbd_cdc_if.o
 .text.CDC_Control_FS
                0x0800975c       0xbc ./USB_DEVICE/App/usbd_cdc_if.o
 .text.CDC_Receive_FS
                0x08009818       0x60 ./USB_DEVICE/App/usbd_cdc_if.o
 .text.CDC_Transmit_FS
                0x08009878       0x4c ./USB_DEVICE/App/usbd_cdc_if.o
                0x08009878                CDC_Transmit_FS
 .text.CDC_TransmitCplt_FS
                0x080098c4       0x22 ./USB_DEVICE/App/usbd_cdc_if.o
 *fill*         0x080098e6        0x2 
 .text.USBD_FS_DeviceDescriptor
                0x080098e8       0x24 ./USB_DEVICE/App/usbd_desc.o
                0x080098e8                USBD_FS_DeviceDescriptor
 .text.USBD_FS_LangIDStrDescriptor
                0x0800990c       0x24 ./USB_DEVICE/App/usbd_desc.o
                0x0800990c                USBD_FS_LangIDStrDescriptor
 .text.USBD_FS_ProductStrDescriptor
                0x08009930       0x3c ./USB_DEVICE/App/usbd_desc.o
                0x08009930                USBD_FS_ProductStrDescriptor
 .text.USBD_FS_ManufacturerStrDescriptor
                0x0800996c       0x28 ./USB_DEVICE/App/usbd_desc.o
                0x0800996c                USBD_FS_ManufacturerStrDescriptor
 .text.USBD_FS_SerialStrDescriptor
                0x08009994       0x24 ./USB_DEVICE/App/usbd_desc.o
                0x08009994                USBD_FS_SerialStrDescriptor
 .text.USBD_FS_ConfigStrDescriptor
                0x080099b8       0x3c ./USB_DEVICE/App/usbd_desc.o
                0x080099b8                USBD_FS_ConfigStrDescriptor
 .text.USBD_FS_InterfaceStrDescriptor
                0x080099f4       0x3c ./USB_DEVICE/App/usbd_desc.o
                0x080099f4                USBD_FS_InterfaceStrDescriptor
 .text.USBD_FS_USR_BOSDescriptor
                0x08009a30       0x24 ./USB_DEVICE/App/usbd_desc.o
                0x08009a30                USBD_FS_USR_BOSDescriptor
 .text.Get_SerialNum
                0x08009a54       0x58 ./USB_DEVICE/App/usbd_desc.o
 .text.IntToUnicode
                0x08009aac       0x7e ./USB_DEVICE/App/usbd_desc.o
 *fill*         0x08009b2a        0x2 
 .text.HAL_PCD_MspInit
                0x08009b2c       0xd4 ./USB_DEVICE/Target/usbd_conf.o
                0x08009b2c                HAL_PCD_MspInit
 .text.HAL_PCD_SetupStageCallback
                0x08009c00       0x24 ./USB_DEVICE/Target/usbd_conf.o
                0x08009c00                HAL_PCD_SetupStageCallback
 .text.HAL_PCD_DataOutStageCallback
                0x08009c24       0x36 ./USB_DEVICE/Target/usbd_conf.o
                0x08009c24                HAL_PCD_DataOutStageCallback
 .text.HAL_PCD_DataInStageCallback
                0x08009c5a       0x34 ./USB_DEVICE/Target/usbd_conf.o
                0x08009c5a                HAL_PCD_DataInStageCallback
 .text.HAL_PCD_SOFCallback
                0x08009c8e       0x1c ./USB_DEVICE/Target/usbd_conf.o
                0x08009c8e                HAL_PCD_SOFCallback
 .text.HAL_PCD_ResetCallback
                0x08009caa       0x50 ./USB_DEVICE/Target/usbd_conf.o
                0x08009caa                HAL_PCD_ResetCallback
 *fill*         0x08009cfa        0x2 
 .text.HAL_PCD_SuspendCallback
                0x08009cfc       0x4c ./USB_DEVICE/Target/usbd_conf.o
                0x08009cfc                HAL_PCD_SuspendCallback
 .text.HAL_PCD_ResumeCallback
                0x08009d48       0x1c ./USB_DEVICE/Target/usbd_conf.o
                0x08009d48                HAL_PCD_ResumeCallback
 .text.HAL_PCD_ISOOUTIncompleteCallback
                0x08009d64       0x24 ./USB_DEVICE/Target/usbd_conf.o
                0x08009d64                HAL_PCD_ISOOUTIncompleteCallback
 .text.HAL_PCD_ISOINIncompleteCallback
                0x08009d88       0x24 ./USB_DEVICE/Target/usbd_conf.o
                0x08009d88                HAL_PCD_ISOINIncompleteCallback
 .text.HAL_PCD_ConnectCallback
                0x08009dac       0x1c ./USB_DEVICE/Target/usbd_conf.o
                0x08009dac                HAL_PCD_ConnectCallback
 .text.HAL_PCD_DisconnectCallback
                0x08009dc8       0x1c ./USB_DEVICE/Target/usbd_conf.o
                0x08009dc8                HAL_PCD_DisconnectCallback
 .text.USBD_LL_Init
                0x08009de4       0x98 ./USB_DEVICE/Target/usbd_conf.o
                0x08009de4                USBD_LL_Init
 .text.USBD_LL_Start
                0x08009e7c       0x36 ./USB_DEVICE/Target/usbd_conf.o
                0x08009e7c                USBD_LL_Start
 .text.USBD_LL_OpenEP
                0x08009eb2       0x4c ./USB_DEVICE/Target/usbd_conf.o
                0x08009eb2                USBD_LL_OpenEP
 .text.USBD_LL_CloseEP
                0x08009efe       0x3e ./USB_DEVICE/Target/usbd_conf.o
                0x08009efe                USBD_LL_CloseEP
 .text.USBD_LL_StallEP
                0x08009f3c       0x3e ./USB_DEVICE/Target/usbd_conf.o
                0x08009f3c                USBD_LL_StallEP
 .text.USBD_LL_ClearStallEP
                0x08009f7a       0x3e ./USB_DEVICE/Target/usbd_conf.o
                0x08009f7a                USBD_LL_ClearStallEP
 .text.USBD_LL_IsStallEP
                0x08009fb8       0x58 ./USB_DEVICE/Target/usbd_conf.o
                0x08009fb8                USBD_LL_IsStallEP
 .text.USBD_LL_SetUSBAddress
                0x0800a010       0x3e ./USB_DEVICE/Target/usbd_conf.o
                0x0800a010                USBD_LL_SetUSBAddress
 .text.USBD_LL_Transmit
                0x0800a04e       0x42 ./USB_DEVICE/Target/usbd_conf.o
                0x0800a04e                USBD_LL_Transmit
 .text.USBD_LL_PrepareReceive
                0x0800a090       0x42 ./USB_DEVICE/Target/usbd_conf.o
                0x0800a090                USBD_LL_PrepareReceive
 .text.USBD_LL_GetRxDataSize
                0x0800a0d2       0x26 ./USB_DEVICE/Target/usbd_conf.o
                0x0800a0d2                USBD_LL_GetRxDataSize
 .text.HAL_PCDEx_LPM_Callback
                0x0800a0f8       0x9c ./USB_DEVICE/Target/usbd_conf.o
                0x0800a0f8                HAL_PCDEx_LPM_Callback
 .text.USBD_static_malloc
                0x0800a194       0x1c ./USB_DEVICE/Target/usbd_conf.o
                0x0800a194                USBD_static_malloc
 .text.USBD_static_free
                0x0800a1b0       0x14 ./USB_DEVICE/Target/usbd_conf.o
                0x0800a1b0                USBD_static_free
 .text.USBD_Get_USB_Status
                0x0800a1c4       0x58 ./USB_DEVICE/Target/usbd_conf.o
                0x0800a1c4                USBD_Get_USB_Status
 .text.memset   0x0800a21c       0x10 /opt/st/stm32cubeide_1.16.0/plugins/com.st.stm32cube.ide.mcu.externaltools.gnu-tools-for-stm32.12.3.rel1.linux64_1.0.200.202406132123/tools/bin/../lib/gcc/arm-none-eabi/12.3.1/../../../../arm-none-eabi/lib/thumb/v7e-m+fp/hard/libc_nano.a(libc_a-memset.o)
                0x0800a21c                memset
 .text.__libc_init_array
                0x0800a22c       0x48 /opt/st/stm32cubeide_1.16.0/plugins/com.st.stm32cube.ide.mcu.externaltools.gnu-tools-for-stm32.12.3.rel1.linux64_1.0.200.202406132123/tools/bin/../lib/gcc/arm-none-eabi/12.3.1/../../../../arm-none-eabi/lib/thumb/v7e-m+fp/hard/libc_nano.a(libc_a-init.o)
                0x0800a22c                __libc_init_array
 *(.glue_7)
 .glue_7        0x0800a274        0x0 linker stubs
 *(.glue_7t)
 .glue_7t       0x0800a274        0x0 linker stubs
 *(.eh_frame)
 .eh_frame      0x0800a274        0x0 /opt/st/stm32cubeide_1.16.0/plugins/com.st.stm32cube.ide.mcu.externaltools.gnu-tools-for-stm32.12.3.rel1.linux64_1.0.200.202406132123/tools/bin/../lib/gcc/arm-none-eabi/12.3.1/thumb/v7e-m+fp/hard/crtbegin.o
 *(.init)
 .init          0x0800a274        0x4 /opt/st/stm32cubeide_1.16.0/plugins/com.st.stm32cube.ide.mcu.externaltools.gnu-tools-for-stm32.12.3.rel1.linux64_1.0.200.202406132123/tools/bin/../lib/gcc/arm-none-eabi/12.3.1/thumb/v7e-m+fp/hard/crti.o
                0x0800a274                _init
 .init          0x0800a278        0x8 /opt/st/stm32cubeide_1.16.0/plugins/com.st.stm32cube.ide.mcu.externaltools.gnu-tools-for-stm32.12.3.rel1.linux64_1.0.200.202406132123/tools/bin/../lib/gcc/arm-none-eabi/12.3.1/thumb/v7e-m+fp/hard/crtn.o
 *(.fini)
 .fini          0x0800a280        0x4 /opt/st/stm32cubeide_1.16.0/plugins/com.st.stm32cube.ide.mcu.externaltools.gnu-tools-for-stm32.12.3.rel1.linux64_1.0.200.202406132123/tools/bin/../lib/gcc/arm-none-eabi/12.3.1/thumb/v7e-m+fp/hard/crti.o
                0x0800a280                _fini
 .fini          0x0800a284        0x8 /opt/st/stm32cubeide_1.16.0/plugins/com.st.stm32cube.ide.mcu.externaltools.gnu-tools-for-stm32.12.3.rel1.linux64_1.0.200.202406132123/tools/bin/../lib/gcc/arm-none-eabi/12.3.1/thumb/v7e-m+fp/hard/crtn.o
                0x0800a28c                        . = ALIGN (0x4)
                0x0800a28c                        _etext = .

.vfp11_veneer   0x0800a28c        0x0
 .vfp11_veneer  0x0800a28c        0x0 linker stubs

.v4_bx          0x0800a28c        0x0
 .v4_bx         0x0800a28c        0x0 linker stubs

.iplt           0x0800a28c        0x0
 .iplt          0x0800a28c        0x0 /opt/st/stm32cubeide_1.16.0/plugins/com.st.stm32cube.ide.mcu.externaltools.gnu-tools-for-stm32.12.3.rel1.linux64_1.0.200.202406132123/tools/bin/../lib/gcc/arm-none-eabi/12.3.1/thumb/v7e-m+fp/hard/crtbegin.o

.rodata         0x0800a28c       0x58
                0x0800a28c                        . = ALIGN (0x4)
 *(.rodata)
 .rodata        0x0800a28c       0x3e ./USB_DEVICE/App/usbd_desc.o
 *(.rodata*)
 *fill*         0x0800a2ca        0x2 
 .rodata.AHBPrescTable
                0x0800a2cc       0x10 ./Core/Src/system_stm32f4xx.o
                0x0800a2cc                AHBPrescTable
 .rodata.APBPrescTable
                0x0800a2dc        0x8 ./Core/Src/system_stm32f4xx.o
                0x0800a2dc                APBPrescTable
                0x0800a2e4                        . = ALIGN (0x4)

.ARM.extab      0x0800a2e4        0x0
                0x0800a2e4                        . = ALIGN (0x4)
 *(.ARM.extab* .gnu.linkonce.armextab.*)
                0x0800a2e4                        . = ALIGN (0x4)

.ARM            0x0800a2e4        0x8
                0x0800a2e4                        . = ALIGN (0x4)
                0x0800a2e4                        __exidx_start = .
 *(.ARM.exidx*)
 .ARM.exidx     0x0800a2e4        0x8 /opt/st/stm32cubeide_1.16.0/plugins/com.st.stm32cube.ide.mcu.externaltools.gnu-tools-for-stm32.12.3.rel1.linux64_1.0.200.202406132123/tools/bin/../lib/gcc/arm-none-eabi/12.3.1/thumb/v7e-m+fp/hard/libgcc.a(_udivmoddi4.o)
                0x0800a2ec                        __exidx_end = .
                0x0800a2ec                        . = ALIGN (0x4)

.preinit_array  0x0800a2ec        0x0
                0x0800a2ec                        . = ALIGN (0x4)
                0x0800a2ec                        PROVIDE (__preinit_array_start = .)
 *(.preinit_array*)
                0x0800a2ec                        PROVIDE (__preinit_array_end = .)
                0x0800a2ec                        . = ALIGN (0x4)

.init_array     0x0800a2ec        0x4
                0x0800a2ec                        . = ALIGN (0x4)
                0x0800a2ec                        PROVIDE (__init_array_start = .)
 *(SORT_BY_NAME(.init_array.*))
 *(.init_array*)
 .init_array    0x0800a2ec        0x4 /opt/st/stm32cubeide_1.16.0/plugins/com.st.stm32cube.ide.mcu.externaltools.gnu-tools-for-stm32.12.3.rel1.linux64_1.0.200.202406132123/tools/bin/../lib/gcc/arm-none-eabi/12.3.1/thumb/v7e-m+fp/hard/crtbegin.o
                0x0800a2f0                        PROVIDE (__init_array_end = .)
                0x0800a2f0                        . = ALIGN (0x4)

.fini_array     0x0800a2f0        0x4
                0x0800a2f0                        . = ALIGN (0x4)
                [!provide]                        PROVIDE (__fini_array_start = .)
 *(SORT_BY_NAME(.fini_array.*))
 *(.fini_array*)
 .fini_array    0x0800a2f0        0x4 /opt/st/stm32cubeide_1.16.0/plugins/com.st.stm32cube.ide.mcu.externaltools.gnu-tools-for-stm32.12.3.rel1.linux64_1.0.200.202406132123/tools/bin/../lib/gcc/arm-none-eabi/12.3.1/thumb/v7e-m+fp/hard/crtbegin.o
                [!provide]                        PROVIDE (__fini_array_end = .)
                0x0800a2f4                        . = ALIGN (0x4)
                0x0800a2f4                        _sidata = LOADADDR (.data)

.rel.dyn        0x0800a2f4        0x0
 .rel.iplt      0x0800a2f4        0x0 /opt/st/stm32cubeide_1.16.0/plugins/com.st.stm32cube.ide.mcu.externaltools.gnu-tools-for-stm32.12.3.rel1.linux64_1.0.200.202406132123/tools/bin/../lib/gcc/arm-none-eabi/12.3.1/thumb/v7e-m+fp/hard/crtbegin.o

.data           0x20000000      0x138 load address 0x0800a2f4
                0x20000000                        . = ALIGN (0x4)
                0x20000000                        _sdata = .
 *(.data)
 *(.data*)
 .data.rx_buff  0x20000000        0x5 ./Core/Src/COM.o
                0x20000000                rx_buff
 *fill*         0x20000005        0x3 
 .data.temp_rx_buff
                0x20000008        0x2 ./Core/Src/COM.o
                0x20000008                temp_rx_buff
 *fill*         0x2000000a        0x2 
 .data.tx_buff  0x2000000c        0xd ./Core/Src/COM.o
                0x2000000c                tx_buff
 *fill*         0x20000019        0x3 
 .data.temp_tx_buff
                0x2000001c        0xd ./Core/Src/COM.o
                0x2000001c                temp_tx_buff
 *fill*         0x20000029        0x3 
 .data.SystemCoreClock
                0x2000002c        0x4 ./Core/Src/system_stm32f4xx.o
                0x2000002c                SystemCoreClock
 .data.uwTickPrio
                0x20000030        0x4 ./Drivers/STM32F4xx_HAL_Driver/Src/stm32f4xx_hal.o
                0x20000030                uwTickPrio
 .data.uwTickFreq
                0x20000034        0x1 ./Drivers/STM32F4xx_HAL_Driver/Src/stm32f4xx_hal.o
                0x20000034                uwTickFreq
 *fill*         0x20000035        0x3 
 .data.USBD_CDC_DeviceQualifierDesc
                0x20000038        0xa ./Middlewares/ST/STM32_USB_Device_Library/Class/CDC/Src/usbd_cdc.o
 *fill*         0x20000042        0x2 
 .data.USBD_CDC
                0x20000044       0x38 ./Middlewares/ST/STM32_USB_Device_Library/Class/CDC/Src/usbd_cdc.o
                0x20000044                USBD_CDC
 .data.USBD_CDC_CfgDesc
                0x2000007c       0x43 ./Middlewares/ST/STM32_USB_Device_Library/Class/CDC/Src/usbd_cdc.o
 .data.CDCInEpAdd
                0x200000bf        0x1 ./Middlewares/ST/STM32_USB_Device_Library/Class/CDC/Src/usbd_cdc.o
 .data.CDCOutEpAdd
                0x200000c0        0x1 ./Middlewares/ST/STM32_USB_Device_Library/Class/CDC/Src/usbd_cdc.o
 .data.CDCCmdEpAdd
                0x200000c1        0x1 ./Middlewares/ST/STM32_USB_Device_Library/Class/CDC/Src/usbd_cdc.o
 *fill*         0x200000c2        0x2 
 .data.USBD_Interface_fops_FS
                0x200000c4       0x14 ./USB_DEVICE/App/usbd_cdc_if.o
                0x200000c4                USBD_Interface_fops_FS
 .data.FS_Desc  0x200000d8       0x20 ./USB_DEVICE/App/usbd_desc.o
                0x200000d8                FS_Desc
 .data.USBD_FS_DeviceDesc
                0x200000f8       0x12 ./USB_DEVICE/App/usbd_desc.o
                0x200000f8                USBD_FS_DeviceDesc
 *fill*         0x2000010a        0x2 
 .data.USBD_FS_BOSDesc
                0x2000010c        0xc ./USB_DEVICE/App/usbd_desc.o
                0x2000010c                USBD_FS_BOSDesc
 .data.USBD_LangIDDesc
                0x20000118        0x4 ./USB_DEVICE/App/usbd_desc.o
                0x20000118                USBD_LangIDDesc
 .data.USBD_StringSerial
                0x2000011c       0x1a ./USB_DEVICE/App/usbd_desc.o
                0x2000011c                USBD_StringSerial
 *(.RamFunc)
 *(.RamFunc*)
                0x20000138                        . = ALIGN (0x4)
 *fill*         0x20000136        0x2 
                0x20000138                        _edata = .

.igot.plt       0x20000138        0x0 load address 0x0800a42c
 .igot.plt      0x20000138        0x0 /opt/st/stm32cubeide_1.16.0/plugins/com.st.stm32cube.ide.mcu.externaltools.gnu-tools-for-stm32.12.3.rel1.linux64_1.0.200.202406132123/tools/bin/../lib/gcc/arm-none-eabi/12.3.1/thumb/v7e-m+fp/hard/crtbegin.o
                0x20000138                        . = ALIGN (0x4)

.bss            0x20000138     0x1db8 load address 0x0800a42c
                0x20000138                        _sbss = .
                0x20000138                        __bss_start__ = _sbss
 *(.bss)
 .bss           0x20000138       0x1c /opt/st/stm32cubeide_1.16.0/plugins/com.st.stm32cube.ide.mcu.externaltools.gnu-tools-for-stm32.12.3.rel1.linux64_1.0.200.202406132123/tools/bin/../lib/gcc/arm-none-eabi/12.3.1/thumb/v7e-m+fp/hard/crtbegin.o
 *(.bss*)
 .bss.hadc1     0x20000154       0x48 ./Core/Src/main.o
                0x20000154                hadc1
 .bss.htim1     0x2000019c       0x48 ./Core/Src/main.o
                0x2000019c                htim1
 .bss.huart4    0x200001e4       0x48 ./Core/Src/main.o
                0x200001e4                huart4
 .bss.huart5    0x2000022c       0x48 ./Core/Src/main.o
                0x2000022c                huart5
 .bss.huart1    0x20000274       0x48 ./Core/Src/main.o
                0x20000274                huart1
 .bss.huart3    0x200002bc       0x48 ./Core/Src/main.o
                0x200002bc                huart3
 .bss.uwTick    0x20000304        0x4 ./Drivers/STM32F4xx_HAL_Driver/Src/stm32f4xx_hal.o
                0x20000304                uwTick
 .bss.cfgidx.0  0x20000308        0x1 ./Middlewares/ST/STM32_USB_Device_Library/Core/Src/usbd_ctlreq.o
 *fill*         0x20000309        0x3 
 .bss.hUsbDeviceFS
                0x2000030c      0x2dc ./USB_DEVICE/App/usb_device.o
                0x2000030c                hUsbDeviceFS
 .bss.flag      0x200005e8        0x1 ./USB_DEVICE/App/usbd_cdc_if.o
                0x200005e8                flag
 *fill*         0x200005e9        0x3 
 .bss.UserRxBufferFS
                0x200005ec      0x800 ./USB_DEVICE/App/usbd_cdc_if.o
                0x200005ec                UserRxBufferFS
 .bss.UserTxBufferFS
                0x20000dec      0x800 ./USB_DEVICE/App/usbd_cdc_if.o
                0x20000dec                UserTxBufferFS
 .bss.USBD_StrDesc
                0x200015ec      0x200 ./USB_DEVICE/App/usbd_desc.o
                0x200015ec                USBD_StrDesc
 .bss.hpcd_USB_OTG_FS
                0x200017ec      0x4e4 ./USB_DEVICE/Target/usbd_conf.o
                0x200017ec                hpcd_USB_OTG_FS
 .bss.mem.0     0x20001cd0      0x220 ./USB_DEVICE/Target/usbd_conf.o
 *(COMMON)
                0x20001ef0                        . = ALIGN (0x4)
                0x20001ef0                        _ebss = .
                0x20001ef0                        __bss_end__ = _ebss

._user_heap_stack
                0x20001ef0      0x600 load address 0x0800a42c
                0x20001ef0                        . = ALIGN (0x8)
                [!provide]                        PROVIDE (end = .)
                0x20001ef0                        PROVIDE (_end = .)
                0x200020f0                        . = (. + _Min_Heap_Size)
 *fill*         0x20001ef0      0x200 
                0x200024f0                        . = (. + _Min_Stack_Size)
 *fill*         0x200020f0      0x400 
                0x200024f0                        . = ALIGN (0x8)

/DISCARD/
 libc.a(*)
 libm.a(*)
 libgcc.a(*)

.ARM.attributes
                0x00000000       0x30
 *(.ARM.attributes)
 .ARM.attributes
                0x00000000       0x22 /opt/st/stm32cubeide_1.16.0/plugins/com.st.stm32cube.ide.mcu.externaltools.gnu-tools-for-stm32.12.3.rel1.linux64_1.0.200.202406132123/tools/bin/../lib/gcc/arm-none-eabi/12.3.1/thumb/v7e-m+fp/hard/crti.o
 .ARM.attributes
                0x00000022       0x34 /opt/st/stm32cubeide_1.16.0/plugins/com.st.stm32cube.ide.mcu.externaltools.gnu-tools-for-stm32.12.3.rel1.linux64_1.0.200.202406132123/tools/bin/../lib/gcc/arm-none-eabi/12.3.1/thumb/v7e-m+fp/hard/crtbegin.o
 .ARM.attributes
                0x00000056       0x34 ./Core/Src/ACT.o
 .ARM.attributes
                0x0000008a       0x34 ./Core/Src/COM.o
 .ARM.attributes
                0x000000be       0x34 ./Core/Src/POLL.o
 .ARM.attributes
                0x000000f2       0x34 ./Core/Src/TF02.o
 .ARM.attributes
                0x00000126       0x34 ./Core/Src/WRAPPER.o
 .ARM.attributes
                0x0000015a       0x34 ./Core/Src/main.o
 .ARM.attributes
                0x0000018e       0x34 ./Core/Src/stm32f4xx_hal_msp.o
 .ARM.attributes
                0x000001c2       0x34 ./Core/Src/stm32f4xx_it.o
 .ARM.attributes
                0x000001f6       0x34 ./Core/Src/system_stm32f4xx.o
 .ARM.attributes
                0x0000022a       0x21 ./Core/Startup/startup_stm32f446retx.o
 .ARM.attributes
                0x0000024b       0x34 ./Drivers/STM32F4xx_HAL_Driver/Src/stm32f4xx_hal.o
 .ARM.attributes
                0x0000027f       0x34 ./Drivers/STM32F4xx_HAL_Driver/Src/stm32f4xx_hal_adc.o
 .ARM.attributes
                0x000002b3       0x34 ./Drivers/STM32F4xx_HAL_Driver/Src/stm32f4xx_hal_cortex.o
 .ARM.attributes
                0x000002e7       0x34 ./Drivers/STM32F4xx_HAL_Driver/Src/stm32f4xx_hal_gpio.o
 .ARM.attributes
                0x0000031b       0x34 ./Drivers/STM32F4xx_HAL_Driver/Src/stm32f4xx_hal_pcd.o
 .ARM.attributes
                0x0000034f       0x34 ./Drivers/STM32F4xx_HAL_Driver/Src/stm32f4xx_hal_pcd_ex.o
 .ARM.attributes
                0x00000383       0x34 ./Drivers/STM32F4xx_HAL_Driver/Src/stm32f4xx_hal_rcc.o
 .ARM.attributes
                0x000003b7       0x34 ./Drivers/STM32F4xx_HAL_Driver/Src/stm32f4xx_hal_rcc_ex.o
 .ARM.attributes
                0x000003eb       0x34 ./Drivers/STM32F4xx_HAL_Driver/Src/stm32f4xx_hal_tim.o
 .ARM.attributes
                0x0000041f       0x34 ./Drivers/STM32F4xx_HAL_Driver/Src/stm32f4xx_hal_tim_ex.o
 .ARM.attributes
                0x00000453       0x34 ./Drivers/STM32F4xx_HAL_Driver/Src/stm32f4xx_hal_uart.o
 .ARM.attributes
                0x00000487       0x34 ./Drivers/STM32F4xx_HAL_Driver/Src/stm32f4xx_ll_usb.o
 .ARM.attributes
                0x000004bb       0x34 ./Middlewares/ST/STM32_USB_Device_Library/Class/CDC/Src/usbd_cdc.o
 .ARM.attributes
                0x000004ef       0x34 ./Middlewares/ST/STM32_USB_Device_Library/Core/Src/usbd_core.o
 .ARM.attributes
                0x00000523       0x34 ./Middlewares/ST/STM32_USB_Device_Library/Core/Src/usbd_ctlreq.o
 .ARM.attributes
                0x00000557       0x34 ./Middlewares/ST/STM32_USB_Device_Library/Core/Src/usbd_ioreq.o
 .ARM.attributes
                0x0000058b       0x34 ./USB_DEVICE/App/usb_device.o
 .ARM.attributes
                0x000005bf       0x34 ./USB_DEVICE/App/usbd_cdc_if.o
 .ARM.attributes
                0x000005f3       0x34 ./USB_DEVICE/App/usbd_desc.o
 .ARM.attributes
                0x00000627       0x34 ./USB_DEVICE/Target/usbd_conf.o
 .ARM.attributes
                0x0000065b       0x34 /opt/st/stm32cubeide_1.16.0/plugins/com.st.stm32cube.ide.mcu.externaltools.gnu-tools-for-stm32.12.3.rel1.linux64_1.0.200.202406132123/tools/bin/../lib/gcc/arm-none-eabi/12.3.1/../../../../arm-none-eabi/lib/thumb/v7e-m+fp/hard/libc_nano.a(libc_a-memset.o)
 .ARM.attributes
                0x0000068f       0x34 /opt/st/stm32cubeide_1.16.0/plugins/com.st.stm32cube.ide.mcu.externaltools.gnu-tools-for-stm32.12.3.rel1.linux64_1.0.200.202406132123/tools/bin/../lib/gcc/arm-none-eabi/12.3.1/../../../../arm-none-eabi/lib/thumb/v7e-m+fp/hard/libc_nano.a(libc_a-init.o)
 .ARM.attributes
                0x000006c3       0x22 /opt/st/stm32cubeide_1.16.0/plugins/com.st.stm32cube.ide.mcu.externaltools.gnu-tools-for-stm32.12.3.rel1.linux64_1.0.200.202406132123/tools/bin/../lib/gcc/arm-none-eabi/12.3.1/thumb/v7e-m+fp/hard/libgcc.a(_aeabi_uldivmod.o)
 .ARM.attributes
                0x000006e5       0x34 /opt/st/stm32cubeide_1.16.0/plugins/com.st.stm32cube.ide.mcu.externaltools.gnu-tools-for-stm32.12.3.rel1.linux64_1.0.200.202406132123/tools/bin/../lib/gcc/arm-none-eabi/12.3.1/thumb/v7e-m+fp/hard/libgcc.a(_udivmoddi4.o)
 .ARM.attributes
                0x00000719       0x22 /opt/st/stm32cubeide_1.16.0/plugins/com.st.stm32cube.ide.mcu.externaltools.gnu-tools-for-stm32.12.3.rel1.linux64_1.0.200.202406132123/tools/bin/../lib/gcc/arm-none-eabi/12.3.1/thumb/v7e-m+fp/hard/libgcc.a(_dvmd_tls.o)
 .ARM.attributes
                0x0000073b       0x22 /opt/st/stm32cubeide_1.16.0/plugins/com.st.stm32cube.ide.mcu.externaltools.gnu-tools-for-stm32.12.3.rel1.linux64_1.0.200.202406132123/tools/bin/../lib/gcc/arm-none-eabi/12.3.1/thumb/v7e-m+fp/hard/crtn.o
OUTPUT(RAILWAY_GATE_FINAL.elf elf32-littlearm)
LOAD linker stubs
LOAD /opt/st/stm32cubeide_1.16.0/plugins/com.st.stm32cube.ide.mcu.externaltools.gnu-tools-for-stm32.12.3.rel1.linux64_1.0.200.202406132123/tools/bin/../lib/gcc/arm-none-eabi/12.3.1/../../../../arm-none-eabi/lib/thumb/v7e-m+fp/hard/libc.a
LOAD /opt/st/stm32cubeide_1.16.0/plugins/com.st.stm32cube.ide.mcu.externaltools.gnu-tools-for-stm32.12.3.rel1.linux64_1.0.200.202406132123/tools/bin/../lib/gcc/arm-none-eabi/12.3.1/../../../../arm-none-eabi/lib/thumb/v7e-m+fp/hard/libm.a
LOAD /opt/st/stm32cubeide_1.16.0/plugins/com.st.stm32cube.ide.mcu.externaltools.gnu-tools-for-stm32.12.3.rel1.linux64_1.0.200.202406132123/tools/bin/../lib/gcc/arm-none-eabi/12.3.1/thumb/v7e-m+fp/hard/libgcc.a

.debug_info     0x00000000    0x1a1e6
 .debug_info    0x00000000      0x225 ./Core/Src/ACT.o
 .debug_info    0x00000225      0x180 ./Core/Src/COM.o
 .debug_info    0x000003a5      0x796 ./Core/Src/POLL.o
 .debug_info    0x00000b3b      0x647 ./Core/Src/TF02.o
 .debug_info    0x00001182      0x759 ./Core/Src/WRAPPER.o
 .debug_info    0x000018db     0x1787 ./Core/Src/main.o
 .debug_info    0x00003062     0x1362 ./Core/Src/stm32f4xx_hal_msp.o
 .debug_info    0x000043c4      0xda3 ./Core/Src/stm32f4xx_it.o
 .debug_info    0x00005167      0x54a ./Core/Src/system_stm32f4xx.o
 .debug_info    0x000056b1       0x30 ./Core/Startup/startup_stm32f446retx.o
 .debug_info    0x000056e1      0x99a ./Drivers/STM32F4xx_HAL_Driver/Src/stm32f4xx_hal.o
 .debug_info    0x0000607b      0xce3 ./Drivers/STM32F4xx_HAL_Driver/Src/stm32f4xx_hal_adc.o
 .debug_info    0x00006d5e      0xdaa ./Drivers/STM32F4xx_HAL_Driver/Src/stm32f4xx_hal_cortex.o
 .debug_info    0x00007b08      0x70b ./Drivers/STM32F4xx_HAL_Driver/Src/stm32f4xx_hal_gpio.o
 .debug_info    0x00008213     0x15e3 ./Drivers/STM32F4xx_HAL_Driver/Src/stm32f4xx_hal_pcd.o
 .debug_info    0x000097f6      0x7b4 ./Drivers/STM32F4xx_HAL_Driver/Src/stm32f4xx_hal_pcd_ex.o
 .debug_info    0x00009faa      0x8ff ./Drivers/STM32F4xx_HAL_Driver/Src/stm32f4xx_hal_rcc.o
 .debug_info    0x0000a8a9      0x960 ./Drivers/STM32F4xx_HAL_Driver/Src/stm32f4xx_hal_rcc_ex.o
 .debug_info    0x0000b209     0x299d ./Drivers/STM32F4xx_HAL_Driver/Src/stm32f4xx_hal_tim.o
 .debug_info    0x0000dba6     0x14db ./Drivers/STM32F4xx_HAL_Driver/Src/stm32f4xx_hal_tim_ex.o
 .debug_info    0x0000f081     0x2f4f ./Drivers/STM32F4xx_HAL_Driver/Src/stm32f4xx_hal_uart.o
 .debug_info    0x00011fd0     0x19f1 ./Drivers/STM32F4xx_HAL_Driver/Src/stm32f4xx_ll_usb.o
 .debug_info    0x000139c1     0x1323 ./Middlewares/ST/STM32_USB_Device_Library/Class/CDC/Src/usbd_cdc.o
 .debug_info    0x00014ce4      0xe1f ./Middlewares/ST/STM32_USB_Device_Library/Core/Src/usbd_core.o
 .debug_info    0x00015b03      0xaf8 ./Middlewares/ST/STM32_USB_Device_Library/Core/Src/usbd_ctlreq.o
 .debug_info    0x000165fb      0x76f ./Middlewares/ST/STM32_USB_Device_Library/Core/Src/usbd_ioreq.o
 .debug_info    0x00016d6a      0x71b ./USB_DEVICE/App/usb_device.o
 .debug_info    0x00017485      0x94e ./USB_DEVICE/App/usbd_cdc_if.o
 .debug_info    0x00017dd3      0x4ba ./USB_DEVICE/App/usbd_desc.o
 .debug_info    0x0001828d     0x1f59 ./USB_DEVICE/Target/usbd_conf.o

.debug_abbrev   0x00000000     0x3f95
 .debug_abbrev  0x00000000      0x11e ./Core/Src/ACT.o
 .debug_abbrev  0x0000011e       0xbc ./Core/Src/COM.o
 .debug_abbrev  0x000001da      0x1bf ./Core/Src/POLL.o
 .debug_abbrev  0x00000399      0x182 ./Core/Src/TF02.o
 .debug_abbrev  0x0000051b      0x194 ./Core/Src/WRAPPER.o
 .debug_abbrev  0x000006af      0x2f7 ./Core/Src/main.o
 .debug_abbrev  0x000009a6      0x21d ./Core/Src/stm32f4xx_hal_msp.o
 .debug_abbrev  0x00000bc3      0x247 ./Core/Src/stm32f4xx_it.o
 .debug_abbrev  0x00000e0a      0x11a ./Core/Src/system_stm32f4xx.o
 .debug_abbrev  0x00000f24       0x24 ./Core/Startup/startup_stm32f446retx.o
 .debug_abbrev  0x00000f48      0x214 ./Drivers/STM32F4xx_HAL_Driver/Src/stm32f4xx_hal.o
 .debug_abbrev  0x0000115c      0x252 ./Drivers/STM32F4xx_HAL_Driver/Src/stm32f4xx_hal_adc.o
 .debug_abbrev  0x000013ae      0x31d ./Drivers/STM32F4xx_HAL_Driver/Src/stm32f4xx_hal_cortex.o
 .debug_abbrev  0x000016cb      0x1d4 ./Drivers/STM32F4xx_HAL_Driver/Src/stm32f4xx_hal_gpio.o
 .debug_abbrev  0x0000189f      0x2d0 ./Drivers/STM32F4xx_HAL_Driver/Src/stm32f4xx_hal_pcd.o
 .debug_abbrev  0x00001b6f      0x1dd ./Drivers/STM32F4xx_HAL_Driver/Src/stm32f4xx_hal_pcd_ex.o
 .debug_abbrev  0x00001d4c      0x2b7 ./Drivers/STM32F4xx_HAL_Driver/Src/stm32f4xx_hal_rcc.o
 .debug_abbrev  0x00002003      0x211 ./Drivers/STM32F4xx_HAL_Driver/Src/stm32f4xx_hal_rcc_ex.o
 .debug_abbrev  0x00002214      0x278 ./Drivers/STM32F4xx_HAL_Driver/Src/stm32f4xx_hal_tim.o
 .debug_abbrev  0x0000248c      0x283 ./Drivers/STM32F4xx_HAL_Driver/Src/stm32f4xx_hal_tim_ex.o
 .debug_abbrev  0x0000270f      0x30e ./Drivers/STM32F4xx_HAL_Driver/Src/stm32f4xx_hal_uart.o
 .debug_abbrev  0x00002a1d      0x2b3 ./Drivers/STM32F4xx_HAL_Driver/Src/stm32f4xx_ll_usb.o
 .debug_abbrev  0x00002cd0      0x2d2 ./Middlewares/ST/STM32_USB_Device_Library/Class/CDC/Src/usbd_cdc.o
 .debug_abbrev  0x00002fa2      0x27c ./Middlewares/ST/STM32_USB_Device_Library/Core/Src/usbd_core.o
 .debug_abbrev  0x0000321e      0x26f ./Middlewares/ST/STM32_USB_Device_Library/Core/Src/usbd_ctlreq.o
 .debug_abbrev  0x0000348d      0x19a ./Middlewares/ST/STM32_USB_Device_Library/Core/Src/usbd_ioreq.o
 .debug_abbrev  0x00003627      0x195 ./USB_DEVICE/App/usb_device.o
 .debug_abbrev  0x000037bc      0x2b5 ./USB_DEVICE/App/usbd_cdc_if.o
 .debug_abbrev  0x00003a71      0x1e3 ./USB_DEVICE/App/usbd_desc.o
 .debug_abbrev  0x00003c54      0x341 ./USB_DEVICE/Target/usbd_conf.o

.debug_aranges  0x00000000     0x1580
 .debug_aranges
                0x00000000       0x28 ./Core/Src/ACT.o
 .debug_aranges
                0x00000028       0x28 ./Core/Src/COM.o
 .debug_aranges
                0x00000050       0x48 ./Core/Src/POLL.o
 .debug_aranges
                0x00000098       0x20 ./Core/Src/TF02.o
 .debug_aranges
                0x000000b8       0x30 ./Core/Src/WRAPPER.o
 .debug_aranges
                0x000000e8       0x68 ./Core/Src/main.o
 .debug_aranges
                0x00000150       0x50 ./Core/Src/stm32f4xx_hal_msp.o
 .debug_aranges
                0x000001a0       0x90 ./Core/Src/stm32f4xx_it.o
 .debug_aranges
                0x00000230       0x28 ./Core/Src/system_stm32f4xx.o
 .debug_aranges
                0x00000258       0x28 ./Core/Startup/startup_stm32f446retx.o
 .debug_aranges
                0x00000280       0xf0 ./Drivers/STM32F4xx_HAL_Driver/Src/stm32f4xx_hal.o
 .debug_aranges
                0x00000370       0xe8 ./Drivers/STM32F4xx_HAL_Driver/Src/stm32f4xx_hal_adc.o
 .debug_aranges
                0x00000458      0x130 ./Drivers/STM32F4xx_HAL_Driver/Src/stm32f4xx_hal_cortex.o
 .debug_aranges
                0x00000588       0x58 ./Drivers/STM32F4xx_HAL_Driver/Src/stm32f4xx_hal_gpio.o
 .debug_aranges
                0x000005e0      0x148 ./Drivers/STM32F4xx_HAL_Driver/Src/stm32f4xx_hal_pcd.o
 .debug_aranges
                0x00000728       0x48 ./Drivers/STM32F4xx_HAL_Driver/Src/stm32f4xx_hal_pcd_ex.o
 .debug_aranges
                0x00000770       0x88 ./Drivers/STM32F4xx_HAL_Driver/Src/stm32f4xx_hal_rcc.o
 .debug_aranges
                0x000007f8       0x78 ./Drivers/STM32F4xx_HAL_Driver/Src/stm32f4xx_hal_rcc_ex.o
 .debug_aranges
                0x00000870      0x3d0 ./Drivers/STM32F4xx_HAL_Driver/Src/stm32f4xx_hal_tim.o
 .debug_aranges
                0x00000c40      0x168 ./Drivers/STM32F4xx_HAL_Driver/Src/stm32f4xx_hal_tim_ex.o
 .debug_aranges
                0x00000da8      0x208 ./Drivers/STM32F4xx_HAL_Driver/Src/stm32f4xx_hal_uart.o
 .debug_aranges
                0x00000fb0      0x1a0 ./Drivers/STM32F4xx_HAL_Driver/Src/stm32f4xx_ll_usb.o
 .debug_aranges
                0x00001150       0x90 ./Middlewares/ST/STM32_USB_Device_Library/Class/CDC/Src/usbd_cdc.o
 .debug_aranges
                0x000011e0       0xd8 ./Middlewares/ST/STM32_USB_Device_Library/Core/Src/usbd_core.o
 .debug_aranges
                0x000012b8       0x90 ./Middlewares/ST/STM32_USB_Device_Library/Core/Src/usbd_ctlreq.o
 .debug_aranges
                0x00001348       0x50 ./Middlewares/ST/STM32_USB_Device_Library/Core/Src/usbd_ioreq.o
 .debug_aranges
                0x00001398       0x20 ./USB_DEVICE/App/usb_device.o
 .debug_aranges
                0x000013b8       0x48 ./USB_DEVICE/App/usbd_cdc_if.o
 .debug_aranges
                0x00001400       0x68 ./USB_DEVICE/App/usbd_desc.o
 .debug_aranges
                0x00001468      0x118 ./USB_DEVICE/Target/usbd_conf.o

.debug_rnglists
                0x00000000     0x1086
 .debug_rnglists
                0x00000000       0x1a ./Core/Src/ACT.o
 .debug_rnglists
                0x0000001a       0x1b ./Core/Src/COM.o
 .debug_rnglists
                0x00000035       0x36 ./Core/Src/POLL.o
 .debug_rnglists
                0x0000006b       0x13 ./Core/Src/TF02.o
 .debug_rnglists
                0x0000007e       0x20 ./Core/Src/WRAPPER.o
 .debug_rnglists
                0x0000009e       0x4d ./Core/Src/main.o
 .debug_rnglists
                0x000000eb       0x3a ./Core/Src/stm32f4xx_hal_msp.o
 .debug_rnglists
                0x00000125       0x69 ./Core/Src/stm32f4xx_it.o
 .debug_rnglists
                0x0000018e       0x1a ./Core/Src/system_stm32f4xx.o
 .debug_rnglists
                0x000001a8       0x19 ./Core/Startup/startup_stm32f446retx.o
 .debug_rnglists
                0x000001c1       0xaf ./Drivers/STM32F4xx_HAL_Driver/Src/stm32f4xx_hal.o
 .debug_rnglists
                0x00000270       0xb5 ./Drivers/STM32F4xx_HAL_Driver/Src/stm32f4xx_hal_adc.o
 .debug_rnglists
                0x00000325       0xe0 ./Drivers/STM32F4xx_HAL_Driver/Src/stm32f4xx_hal_cortex.o
 .debug_rnglists
                0x00000405       0x3f ./Drivers/STM32F4xx_HAL_Driver/Src/stm32f4xx_hal_gpio.o
 .debug_rnglists
                0x00000444       0xfa ./Drivers/STM32F4xx_HAL_Driver/Src/stm32f4xx_hal_pcd.o
 .debug_rnglists
                0x0000053e       0x32 ./Drivers/STM32F4xx_HAL_Driver/Src/stm32f4xx_hal_pcd_ex.o
 .debug_rnglists
                0x00000570       0x66 ./Drivers/STM32F4xx_HAL_Driver/Src/stm32f4xx_hal_rcc.o
 .debug_rnglists
                0x000005d6       0x5e ./Drivers/STM32F4xx_HAL_Driver/Src/stm32f4xx_hal_rcc_ex.o
 .debug_rnglists
                0x00000634      0x31a ./Drivers/STM32F4xx_HAL_Driver/Src/stm32f4xx_hal_tim.o
 .debug_rnglists
                0x0000094e      0x125 ./Drivers/STM32F4xx_HAL_Driver/Src/stm32f4xx_hal_tim_ex.o
 .debug_rnglists
                0x00000a73      0x1bc ./Drivers/STM32F4xx_HAL_Driver/Src/stm32f4xx_hal_uart.o
 .debug_rnglists
                0x00000c2f      0x147 ./Drivers/STM32F4xx_HAL_Driver/Src/stm32f4xx_ll_usb.o
 .debug_rnglists
                0x00000d76       0x6c ./Middlewares/ST/STM32_USB_Device_Library/Class/CDC/Src/usbd_cdc.o
 .debug_rnglists
                0x00000de2       0xa1 ./Middlewares/ST/STM32_USB_Device_Library/Core/Src/usbd_core.o
 .debug_rnglists
                0x00000e83       0x6e ./Middlewares/ST/STM32_USB_Device_Library/Core/Src/usbd_ctlreq.o
 .debug_rnglists
                0x00000ef1       0x37 ./Middlewares/ST/STM32_USB_Device_Library/Core/Src/usbd_ioreq.o
 .debug_rnglists
                0x00000f28       0x13 ./USB_DEVICE/App/usb_device.o
 .debug_rnglists
                0x00000f3b       0x32 ./USB_DEVICE/App/usbd_cdc_if.o
 .debug_rnglists
                0x00000f6d       0x49 ./USB_DEVICE/App/usbd_desc.o
 .debug_rnglists
                0x00000fb6       0xd0 ./USB_DEVICE/Target/usbd_conf.o

.debug_macro    0x00000000    0x275a3
 .debug_macro   0x00000000      0x233 ./Core/Src/ACT.o
 .debug_macro   0x00000233      0xab4 ./Core/Src/ACT.o
 .debug_macro   0x00000ce7      0x2a7 ./Core/Src/ACT.o
 .debug_macro   0x00000f8e       0x2e ./Core/Src/ACT.o
 .debug_macro   0x00000fbc       0x28 ./Core/Src/ACT.o
 .debug_macro   0x00000fe4       0x22 ./Core/Src/ACT.o
 .debug_macro   0x00001006       0x8e ./Core/Src/ACT.o
 .debug_macro   0x00001094       0x51 ./Core/Src/ACT.o
 .debug_macro   0x000010e5      0x103 ./Core/Src/ACT.o
 .debug_macro   0x000011e8       0x6a ./Core/Src/ACT.o
 .debug_macro   0x00001252      0x1df ./Core/Src/ACT.o
 .debug_macro   0x00001431       0x1c ./Core/Src/ACT.o
 .debug_macro   0x0000144d       0x22 ./Core/Src/ACT.o
 .debug_macro   0x0000146f       0xfb ./Core/Src/ACT.o
 .debug_macro   0x0000156a     0x1011 ./Core/Src/ACT.o
 .debug_macro   0x0000257b      0x11f ./Core/Src/ACT.o
 .debug_macro   0x0000269a    0x1675e ./Core/Src/ACT.o
 .debug_macro   0x00018df8       0x6d ./Core/Src/ACT.o
 .debug_macro   0x00018e65     0x3693 ./Core/Src/ACT.o
 .debug_macro   0x0001c4f8      0x189 ./Core/Src/ACT.o
 .debug_macro   0x0001c681       0x5c ./Core/Src/ACT.o
 .debug_macro   0x0001c6dd      0xca5 ./Core/Src/ACT.o
 .debug_macro   0x0001d382      0x9e9 ./Core/Src/ACT.o
 .debug_macro   0x0001dd6b      0x115 ./Core/Src/ACT.o
 .debug_macro   0x0001de80      0x1a0 ./Core/Src/ACT.o
 .debug_macro   0x0001e020       0xa5 ./Core/Src/ACT.o
 .debug_macro   0x0001e0c5      0x16d ./Core/Src/ACT.o
 .debug_macro   0x0001e232      0x287 ./Core/Src/ACT.o
 .debug_macro   0x0001e4b9       0x5f ./Core/Src/ACT.o
 .debug_macro   0x0001e518      0x236 ./Core/Src/ACT.o
 .debug_macro   0x0001e74e      0xb5b ./Core/Src/ACT.o
 .debug_macro   0x0001f2a9      0x38b ./Core/Src/ACT.o
 .debug_macro   0x0001f634      0x17d ./Core/Src/ACT.o
 .debug_macro   0x0001f7b1       0xf9 ./Core/Src/ACT.o
 .debug_macro   0x0001f8aa      0x132 ./Core/Src/ACT.o
 .debug_macro   0x0001f9dc      0x29c ./Core/Src/ACT.o
 .debug_macro   0x0001fc78       0x2e ./Core/Src/ACT.o
 .debug_macro   0x0001fca6      0x127 ./Core/Src/ACT.o
 .debug_macro   0x0001fdcd       0xe8 ./Core/Src/ACT.o
 .debug_macro   0x0001feb5       0x89 ./Core/Src/ACT.o
 .debug_macro   0x0001ff3e      0x8ed ./Core/Src/ACT.o
 .debug_macro   0x0002082b       0x53 ./Core/Src/ACT.o
 .debug_macro   0x0002087e      0x2aa ./Core/Src/ACT.o
 .debug_macro   0x00020b28      0x293 ./Core/Src/ACT.o
 .debug_macro   0x00020dbb       0xba ./Core/Src/ACT.o
 .debug_macro   0x00020e75      0x126 ./Core/Src/ACT.o
 .debug_macro   0x00020f9b      0x13c ./Core/Src/ACT.o
 .debug_macro   0x000210d7      0x3d7 ./Core/Src/COM.o
 .debug_macro   0x000214ae       0x61 ./Core/Src/COM.o
 .debug_macro   0x0002150f       0x2a ./Core/Src/COM.o
 .debug_macro   0x00021539       0x43 ./Core/Src/COM.o
 .debug_macro   0x0002157c       0x34 ./Core/Src/COM.o
 .debug_macro   0x000215b0       0x16 ./Core/Src/COM.o
 .debug_macro   0x000215c6       0x35 ./Core/Src/COM.o
 .debug_macro   0x000215fb      0x369 ./Core/Src/COM.o
 .debug_macro   0x00021964       0x10 ./Core/Src/COM.o
 .debug_macro   0x00021974       0x16 ./Core/Src/COM.o
 .debug_macro   0x0002198a       0x43 ./Core/Src/COM.o
 .debug_macro   0x000219cd       0x34 ./Core/Src/COM.o
 .debug_macro   0x00021a01       0x10 ./Core/Src/COM.o
 .debug_macro   0x00021a11       0x58 ./Core/Src/COM.o
 .debug_macro   0x00021a69       0x8e ./Core/Src/COM.o
 .debug_macro   0x00021af7       0x1c ./Core/Src/COM.o
 .debug_macro   0x00021b13      0x177 ./Core/Src/COM.o
 .debug_macro   0x00021c8a       0x16 ./Core/Src/COM.o
 .debug_macro   0x00021ca0       0x16 ./Core/Src/COM.o
 .debug_macro   0x00021cb6      0x146 ./Core/Src/COM.o
 .debug_macro   0x00021dfc       0x16 ./Core/Src/COM.o
 .debug_macro   0x00021e12       0x16 ./Core/Src/COM.o
 .debug_macro   0x00021e28       0x29 ./Core/Src/COM.o
 .debug_macro   0x00021e51       0x16 ./Core/Src/COM.o
 .debug_macro   0x00021e67       0x20 ./Core/Src/COM.o
 .debug_macro   0x00021e87       0x65 ./Core/Src/COM.o
 .debug_macro   0x00021eec      0x20f ./Core/Src/COM.o
 .debug_macro   0x000220fb       0x95 ./Core/Src/COM.o
 .debug_macro   0x00022190       0x10 ./Core/Src/COM.o
 .debug_macro   0x000221a0      0x3f0 ./Core/Src/POLL.o
 .debug_macro   0x00022590       0x10 ./Core/Src/POLL.o
 .debug_macro   0x000225a0      0x233 ./Core/Src/TF02.o
 .debug_macro   0x000227d3      0x408 ./Core/Src/WRAPPER.o
 .debug_macro   0x00022bdb      0x42f ./Core/Src/main.o
 .debug_macro   0x0002300a      0x229 ./Core/Src/stm32f4xx_hal_msp.o
 .debug_macro   0x00023233      0x3eb ./Core/Src/stm32f4xx_it.o
 .debug_macro   0x0002361e      0x21a ./Core/Src/system_stm32f4xx.o
 .debug_macro   0x00023838      0x27a ./Drivers/STM32F4xx_HAL_Driver/Src/stm32f4xx_hal.o
 .debug_macro   0x00023ab2      0x21b ./Drivers/STM32F4xx_HAL_Driver/Src/stm32f4xx_hal_adc.o
 .debug_macro   0x00023ccd      0x21a ./Drivers/STM32F4xx_HAL_Driver/Src/stm32f4xx_hal_cortex.o
 .debug_macro   0x00023ee7      0x220 ./Drivers/STM32F4xx_HAL_Driver/Src/stm32f4xx_hal_gpio.o
 .debug_macro   0x00024107      0x226 ./Drivers/STM32F4xx_HAL_Driver/Src/stm32f4xx_hal_pcd.o
 .debug_macro   0x0002432d      0x21a ./Drivers/STM32F4xx_HAL_Driver/Src/stm32f4xx_hal_pcd_ex.o
 .debug_macro   0x00024547      0x23e ./Drivers/STM32F4xx_HAL_Driver/Src/stm32f4xx_hal_rcc.o
 .debug_macro   0x00024785      0x21a ./Drivers/STM32F4xx_HAL_Driver/Src/stm32f4xx_hal_rcc_ex.o
 .debug_macro   0x0002499f      0x21b ./Drivers/STM32F4xx_HAL_Driver/Src/stm32f4xx_hal_tim.o
 .debug_macro   0x00024bba      0x21a ./Drivers/STM32F4xx_HAL_Driver/Src/stm32f4xx_hal_tim_ex.o
 .debug_macro   0x00024dd4      0x21b ./Drivers/STM32F4xx_HAL_Driver/Src/stm32f4xx_hal_uart.o
 .debug_macro   0x00024fef      0x21a ./Drivers/STM32F4xx_HAL_Driver/Src/stm32f4xx_ll_usb.o
 .debug_macro   0x00025209      0x3b8 ./Middlewares/ST/STM32_USB_Device_Library/Class/CDC/Src/usbd_cdc.o
 .debug_macro   0x000255c1       0x9e ./Middlewares/ST/STM32_USB_Device_Library/Class/CDC/Src/usbd_cdc.o
 .debug_macro   0x0002565f      0x10b ./Middlewares/ST/STM32_USB_Device_Library/Class/CDC/Src/usbd_cdc.o
 .debug_macro   0x0002576a       0x56 ./Middlewares/ST/STM32_USB_Device_Library/Class/CDC/Src/usbd_cdc.o
 .debug_macro   0x000257c0      0x39f ./Middlewares/ST/STM32_USB_Device_Library/Core/Src/usbd_core.o
 .debug_macro   0x00025b5f      0x215 ./Middlewares/ST/STM32_USB_Device_Library/Core/Src/usbd_core.o
 .debug_macro   0x00025d74      0x3a9 ./Middlewares/ST/STM32_USB_Device_Library/Core/Src/usbd_ctlreq.o
 .debug_macro   0x0002611d      0x3a5 ./Middlewares/ST/STM32_USB_Device_Library/Core/Src/usbd_ioreq.o
 .debug_macro   0x000264c2      0x3d8 ./USB_DEVICE/App/usb_device.o
 .debug_macro   0x0002689a      0x142 ./USB_DEVICE/App/usb_device.o
 .debug_macro   0x000269dc       0x22 ./USB_DEVICE/App/usb_device.o
 .debug_macro   0x000269fe       0x16 ./USB_DEVICE/App/usb_device.o
 .debug_macro   0x00026a14      0x3d5 ./USB_DEVICE/App/usbd_cdc_if.o
 .debug_macro   0x00026de9      0x3e2 ./USB_DEVICE/App/usbd_desc.o
 .debug_macro   0x000271cb       0x1c ./USB_DEVICE/App/usbd_desc.o
 .debug_macro   0x000271e7      0x3bc ./USB_DEVICE/Target/usbd_conf.o

.debug_line     0x00000000    0x1cdda
 .debug_line    0x00000000      0x7d9 ./Core/Src/ACT.o
 .debug_line    0x000007d9      0xa73 ./Core/Src/COM.o
 .debug_line    0x0000124c      0xcfe ./Core/Src/POLL.o
 .debug_line    0x00001f4a      0x75b ./Core/Src/TF02.o
 .debug_line    0x000026a5      0xac9 ./Core/Src/WRAPPER.o
 .debug_line    0x0000316e      0xc7d ./Core/Src/main.o
 .debug_line    0x00003deb      0x8af ./Core/Src/stm32f4xx_hal_msp.o
 .debug_line    0x0000469a      0xbc0 ./Core/Src/stm32f4xx_it.o
 .debug_line    0x0000525a      0x797 ./Core/Src/system_stm32f4xx.o
 .debug_line    0x000059f1       0x7a ./Core/Startup/startup_stm32f446retx.o
 .debug_line    0x00005a6b      0xa0f ./Drivers/STM32F4xx_HAL_Driver/Src/stm32f4xx_hal.o
 .debug_line    0x0000647a     0x12a6 ./Drivers/STM32F4xx_HAL_Driver/Src/stm32f4xx_hal_adc.o
 .debug_line    0x00007720      0xd01 ./Drivers/STM32F4xx_HAL_Driver/Src/stm32f4xx_hal_cortex.o
 .debug_line    0x00008421      0xb87 ./Drivers/STM32F4xx_HAL_Driver/Src/stm32f4xx_hal_gpio.o
 .debug_line    0x00008fa8     0x1523 ./Drivers/STM32F4xx_HAL_Driver/Src/stm32f4xx_hal_pcd.o
 .debug_line    0x0000a4cb      0x843 ./Drivers/STM32F4xx_HAL_Driver/Src/stm32f4xx_hal_pcd_ex.o
 .debug_line    0x0000ad0e      0xda6 ./Drivers/STM32F4xx_HAL_Driver/Src/stm32f4xx_hal_rcc.o
 .debug_line    0x0000bab4     0x1416 ./Drivers/STM32F4xx_HAL_Driver/Src/stm32f4xx_hal_rcc_ex.o
 .debug_line    0x0000ceca     0x37ab ./Drivers/STM32F4xx_HAL_Driver/Src/stm32f4xx_hal_tim.o
 .debug_line    0x00010675     0x1a05 ./Drivers/STM32F4xx_HAL_Driver/Src/stm32f4xx_hal_tim_ex.o
 .debug_line    0x0001207a     0x2912 ./Drivers/STM32F4xx_HAL_Driver/Src/stm32f4xx_hal_uart.o
 .debug_line    0x0001498c     0x1de5 ./Drivers/STM32F4xx_HAL_Driver/Src/stm32f4xx_ll_usb.o
 .debug_line    0x00016771      0xe97 ./Middlewares/ST/STM32_USB_Device_Library/Class/CDC/Src/usbd_cdc.o
 .debug_line    0x00017608      0xf26 ./Middlewares/ST/STM32_USB_Device_Library/Core/Src/usbd_core.o
 .debug_line    0x0001852e     0x1134 ./Middlewares/ST/STM32_USB_Device_Library/Core/Src/usbd_ctlreq.o
 .debug_line    0x00019662      0xa31 ./Middlewares/ST/STM32_USB_Device_Library/Core/Src/usbd_ioreq.o
 .debug_line    0x0001a093      0x9e7 ./USB_DEVICE/App/usb_device.o
 .debug_line    0x0001aa7a      0xa63 ./USB_DEVICE/App/usbd_cdc_if.o
 .debug_line    0x0001b4dd      0xacb ./USB_DEVICE/App/usbd_desc.o
 .debug_line    0x0001bfa8      0xe32 ./USB_DEVICE/Target/usbd_conf.o

.debug_str      0x00000000    0xe1d4d
 .debug_str     0x00000000    0xd73b6 ./Core/Src/ACT.o
                              0xd764c (size before relaxing)
 .debug_str     0x000d73b6     0x45e9 ./Core/Src/COM.o
                              0xdbbdd (size before relaxing)
 .debug_str     0x000db99f      0x4de ./Core/Src/POLL.o
                              0xdc136 (size before relaxing)
 .debug_str     0x000dbe7d       0x79 ./Core/Src/TF02.o
                              0xd7a69 (size before relaxing)
 .debug_str     0x000dbef6      0x2ee ./Core/Src/WRAPPER.o
                              0xdc236 (size before relaxing)
 .debug_str     0x000dc1e4      0xb73 ./Core/Src/main.o
                              0xdd063 (size before relaxing)
 .debug_str     0x000dcd57       0xf4 ./Core/Src/stm32f4xx_hal_msp.o
                              0xd8618 (size before relaxing)
 .debug_str     0x000dce4b      0x526 ./Core/Src/stm32f4xx_it.o
                              0xdc689 (size before relaxing)
 .debug_str     0x000dd371       0xdb ./Core/Src/system_stm32f4xx.o
                              0xd7161 (size before relaxing)
 .debug_str     0x000dd44c       0x44 ./Core/Startup/startup_stm32f446retx.o
                                 0xb7 (size before relaxing)
 .debug_str     0x000dd490      0x5e4 ./Drivers/STM32F4xx_HAL_Driver/Src/stm32f4xx_hal.o
                              0xd7d26 (size before relaxing)
 .debug_str     0x000dda74      0x2bb ./Drivers/STM32F4xx_HAL_Driver/Src/stm32f4xx_hal_adc.o
                              0xd7729 (size before relaxing)
 .debug_str     0x000ddd2f      0x36b ./Drivers/STM32F4xx_HAL_Driver/Src/stm32f4xx_hal_cortex.o
                              0xd7a7d (size before relaxing)